2026-08-24 00:28:30,398 - <Logger pc.serial_sender (WARNING)>.ack_protocol - INFO - Message Summary: ACK '<O>' id=08bb1ec0-3c7e-485d-8aab-ae62f2472ec2; sent=2026-08-24 00:28:30; recv=2026-08-24 00:28:30
2026-08-24 00:28:33,560 - <Logger pc.serial_sender (WARNING)>.ack_protocol - INFO - Message Summary: ACK '<O>' id=2b9820dd-eb6a-4ec3-aa66-75d13db44a1b; sent=2026-08-24 00:28:33; recv=2026-08-24 00:28:33
2026-08-24 00:28:34,614 - <Logger pc.serial_sender (WARNING)>.ack_protocol - INFO - Message Summary: ACK '<O>' id=35788754-9811-449d-b5da-bf594d454d88; sent=2026-08-24 00:28:34; recv=2026-08-24 00:28:34
2026-08-24 00:28:35,667 - <Logger pc.serial_sender (WARNING)>.ack_protocol - INFO - Message Summary: ACK '<O>' id=301f2a68-e9ca-44dc-9022-3d96ccf64011; sent=2026-08-24 00:28:35; recv=2026-08-24 00:28:35
2026-08-24 00:28:37,773 - <Logger pc.serial_sender (WARNING)>.ack_protocol - INFO - Message Summary: ACK '<O>' id=8ccbcdff-6fab-4817-9ee9-31d810dbb9a7; sent=2026-08-24 00:28:37; recv=2026-08-24 00:28:37
2026-08-24 00:28:38,826 - <Logger pc.serial_sender (WARNING)>.ack_protocol - INFO - Message Summary: ACK '<O>' id=37a0e49d-11c6-45f8-8c78-96934dd29d90; sent=2026-08-24 00:28:38; recv=2026-08-24 00:28:38
2026-08-24 00:28:40,932 - <Logger pc.serial_sender (WARNING)>.ack_protocol - INFO - Message Summary: ACK '<O>' id=abed48da-5572-4d16-90c9-ecdd9a28c33d; sent=2026-08-24 00:28:40; recv=2026-08-24 00:28:40
2026-08-24 00:28:43,037 - <Logger pc.serial_sender (WARNING)>.ack_protocol - INFO - Message Summary: ACK '<O>' id=608c3dee-f4ce-409b-b417-6d6746e6fb54; sent=2026-08-24 00:28:43; recv=2026-08-24 00:28:43
2026-08-24 00:28:44,091 - <Logger pc.serial_sender (WARNING)>.ack_protocol - INFO - Message Summary: ACK '<O>' id=129c573e-58e1-40f2-8282-6db12be6ea83; sent=2026-08-24 00:28:44; recv=2026-08-24 00:28:44
2026-08-24 00:28:45,146 - <Logger pc.serial_sender (WARNING)>.ack_protocol - INFO - Message Summary: ACK '<O>' id=1afa62ce-dad1-4fdb-a1f8-03940b2575a9; sent=2026-08-24 00:28:45; recv=2026-08-24 00:28:45
2026-08-24 00:28:47,252 - <Logger pc.serial_sender (WARNING)>.ack_protocol - INFO - Message Summary: ACK '<O>' id=b4e80a0a-0b86-4450-97d1-1fe5c3b07a41; sent=2026-08-24 00:28:47; recv=2026-08-24 00:28:47
2026-08-24 00:28:48,305 - <Logger pc.serial_sender (WARNING)>.ack_protocol - INFO - Message Summary: ACK '<O>' id=ed8d4d35-7290-42e4-81c4-88160dfe79ad; sent=2026-08-24 00:28:48; recv=2026-08-24 00:28:48
2026-08-24 00:28:50,527 - <Logger pc.serial_sender (WARNING)>.ack_protocol - INFO - Message Summary: ACK '<C>' id=a3fac9a8-0f3b-450d-abce-3340e8e23cec; sent=2026-08-24 00:28:50; recv=2026-08-24 00:28:50
2026-08-24 00:28:52,284 - <Logger pc.serial_sender (WARNING)>.ack_protocol - INFO - Message Summary: ACK '<C>' id=33628481-2ff7-4b96-bdb3-84162d5716af; sent=2026-08-24 00:28:52; recv=2026-08-24 00:28:52
2026-08-24 00:28:53,687 - <Logger pc.serial_sender (WARNING)>.ack_protocol - INFO - Message Summary: ACK '<C>' id=3b334ff2-f050-49db-9064-b8214970c6f5; sent=2026-08-24 00:28:53; recv=2026-08-24 00:28:53
2026-08-24 00:28:56,847 - <Logger pc.serial_sender (WARNING)>.ack_protocol - INFO - Message Summary: ACK '<C>' id=99a648f5-dc2e-4e9e-a4a5-db8c0b48ba93; sent=2026-08-24 00:28:56; recv=2026-08-24 00:28:56
2026-08-24 00:29:00,007 - <Logger pc.serial_sender (WARNING)>.ack_protocol - INFO - Message Summary: ACK '<C>' id=2672857b-a55b-46dc-b09c-b6e8921abe3d; sent=2026-08-24 00:29:00; recv=2026-08-24 00:29:00
2026-08-24 00:29:01,059 - <Logger pc.serial_sender (WARNING)>.ack_protocol - INFO - Message Summary: ACK '<C>' id=6394a925-b4d8-45b6-9e58-91ad99c1b98c; sent=2026-08-24 00:29:01; recv=2026-08-24 00:29:01
2026-08-24 00:29:02,112 - <Logger pc.serial_sender (WARNING)>.ack_protocol - INFO - Message Summary: ACK '<C>' id=1c8368f7-81c1-402a-8cef-dd8584668c2c; sent=2026-08-24 00:29:02; recv=2026-08-24 00:29:02
2026-08-24 00:29:04,218 - <Logger pc.serial_sender (WARNING)>.ack_protocol - INFO - Message Summary: ACK '<C>' id=844eba01-8d66-4549-841f-21e72fda95df; sent=2026-08-24 00:29:04; recv=2026-08-24 00:29:04
2026-08-24 00:29:05,271 - <Logger pc.serial_sender (WARNING)>.ack_protocol - INFO - Message Summary: ACK '<C>' id=3d0325c2-70e5-4d42-b969-37e5098c1727; sent=2026-08-24 00:29:05; recv=2026-08-24 00:29:05
2026-08-24 00:29:06,325 - <Logger pc.serial_sender (WARNING)>.ack_protocol - INFO - Message Summary: ACK '<C>' id=6c23b2fd-57ca-474f-89fc-536abab06e3e; sent=2026-08-24 00:29:06; recv=2026-08-24 00:29:06
2026-08-24 00:29:08,431 - <Logger pc.serial_sender (WARNING)>.ack_protocol - INFO - Message Summary: ACK '<C>' id=788a9e82-c36a-4eeb-a0cc-53993921fd32; sent=2026-08-24 00:29:08; recv=2026-08-24 00:29:08
2026-08-24 00:29:09,650 - <Logger pc.serial_sender (WARNING)>.ack_protocol - INFO - Message Summary: ACK '<U>' id=088abe63-17a9-4c7d-802e-29610f6a8ef4; sent=2026-08-24 00:29:09; recv=2026-08-24 00:29:09
2026-08-24 00:29:10,702 - <Logger pc.serial_sender (WARNING)>.ack_protocol - INFO - Message Summary: ACK '<U>' id=520f6a62-18c8-4d6a-8c58-31a509ee3b2f; sent=2026-08-24 00:29:10; recv=2026-08-24 00:29:10
2026-08-24 00:29:11,756 - <Logger pc.serial_sender (WARNING)>.ack_protocol - INFO - Message Summary: ACK '<U>' id=121bd80b-7764-4b2f-9b5d-7660e68f3bc6; sent=2026-08-24 00:29:11; recv=2026-08-24 00:29:11
2026-08-24 00:29:12,808 - <Logger pc.serial_sender (WARNING)>.ack_protocol - INFO - Message Summary: ACK '<U>' id=0f5c1efa-c6f4-41f4-a1da-354f3ea828ad; sent=2026-08-24 00:29:12; recv=2026-08-24 00:29:12
2026-08-24 00:29:13,861 - <Logger pc.serial_sender (WARNING)>.ack_protocol - INFO - Message Summary: ACK '<U>' id=cef0398e-5d2b-4686-9f48-23f6a844d199; sent=2026-08-24 00:29:13; recv=2026-08-24 00:29:13
2026-08-24 00:29:17,021 - <Logger pc.serial_sender (WARNING)>.ack_protocol - INFO - Message Summary: ACK '<U>' id=c2dca4c6-0b8e-4858-8c87-330b64e3e659; sent=2026-08-24 00:29:16; recv=2026-08-24 00:29:17
2026-08-24 00:29:24,393 - <Logger pc.serial_sender (WARNING)>.ack_protocol - INFO - Message Summary: ACK '<U>' id=21132c09-78f8-45c3-99e2-85c9b23b8088; sent=2026-08-24 00:29:24; recv=2026-08-24 00:29:24
2026-08-24 00:29:25,446 - <Logger pc.serial_sender (WARNING)>.ack_protocol - INFO - Message Summary: ACK '<U>' id=eb298f74-d2a4-44c7-b499-56add82946cf; sent=2026-08-24 00:29:25; recv=2026-08-24 00:29:25
2026-08-24 00:29:26,500 - <Logger pc.serial_sender (WARNING)>.ack_protocol - INFO - Message Summary: ACK '<U>' id=9f2fb279-d0f6-4356-8aaf-370f11c3a83f; sent=2026-08-24 00:29:26; recv=2026-08-24 00:29:26
2026-08-24 00:29:27,554 - <Logger pc.serial_sender (WARNING)>.ack_protocol - INFO - Message Summary: ACK '<U>' id=72e0d1f6-8c97-4c1c-85fb-0f431e6a64a0; sent=2026-08-24 00:29:27; recv=2026-08-24 00:29:27
2026-08-24 00:29:28,606 - <Logger pc.serial_sender (WARNING)>.ack_protocol - INFO - Message Summary: ACK '<U>' id=6c01ae0c-1160-4474-a1f5-552e1521e0dc; sent=2026-08-24 00:29:28; recv=2026-08-24 00:29:28
2026-08-24 00:29:30,712 - <Logger pc.serial_sender (WARNING)>.ack_protocol - INFO - Message Summary: ACK '<U>' id=8f40bf7c-579f-45ad-b6c7-b3b3a8434243; sent=2026-08-24 00:29:30; recv=2026-08-24 00:29:30
2026-08-24 00:29:31,765 - <Logger pc.serial_sender (WARNING)>.ack_protocol - INFO - Message Summary: ACK '<U>' id=fb72895c-6e6d-44fe-9ce5-a4811421aa15; sent=2026-08-24 00:29:31; recv=2026-08-24 00:29:31
2026-08-24 00:29:32,820 - <Logger pc.serial_sender (WARNING)>.ack_protocol - INFO - Message Summary: ACK '<U>' id=150e5f50-a850-49b7-9880-083fe640c139; sent=2026-08-24 00:29:32; recv=2026-08-24 00:29:32
2026-08-24 00:29:33,871 - <Logger pc.serial_sender (WARNING)>.ack_protocol - INFO - Message Summary: ACK '<U>' id=4c2a9c6b-ed33-4bb3-ae06-d61a61dfaff5; sent=2026-08-24 00:29:33; recv=2026-08-24 00:29:33
2026-08-24 00:29:34,877 - <Logger pc.serial_sender (WARNING)>.ack_protocol - INFO - Message Summary: ACK '<P>' id=f676504e-cce0-4181-b880-5e5d8fe77c11; sent=2026-08-24 00:29:34; recv=2026-08-24 00:29:34
2026-08-24 00:29:39,088 - <Logger pc.serial_sender (WARNING)>.ack_protocol - INFO - Message Summary: ACK '<P>' id=ec585ac5-a170-477c-85bd-1004d4f2cf30; sent=2026-08-24 00:29:39; recv=2026-08-24 00:29:39
2026-08-24 00:29:41,195 - <Logger pc.serial_sender (WARNING)>.ack_protocol - INFO - Message Summary: ACK '<P>' id=c4969cd8-73b0-4d83-9d31-a514d7a193a6; sent=2026-08-24 00:29:41; recv=2026-08-24 00:29:41
2026-08-24 00:29:42,248 - <Logger pc.serial_sender (WARNING)>.ack_protocol - INFO - Message Summary: ACK '<P>' id=5e666006-7729-4a68-a837-4ac6d12d13cb; sent=2026-08-24 00:29:42; recv=2026-08-24 00:29:42
2026-08-24 00:29:46,461 - <Logger pc.serial_sender (WARNING)>.ack_protocol - INFO - Message Summary: ACK '<P>' id=7deb2637-4561-44d6-8aab-06070a59b891; sent=2026-08-24 00:29:46; recv=2026-08-24 00:29:46
2026-08-24 00:29:47,514 - <Logger pc.serial_sender (WARNING)>.ack_protocol - INFO - Message Summary: ACK '<P>' id=bc511f0d-63b7-4b0f-a200-ae397f5b5503; sent=2026-08-24 00:29:47; recv=2026-08-24 00:29:47
2026-08-24 00:29:48,568 - <Logger pc.serial_sender (WARNING)>.ack_protocol - INFO - Message Summary: ACK '<P>' id=d7a3db56-0722-4f5d-b044-2d8b8c7f2df8; sent=2026-08-24 00:29:48; recv=2026-08-24 00:29:48
2026-08-24 00:29:49,621 - <Logger pc.serial_sender (WARNING)>.ack_protocol - INFO - Message Summary: ACK '<P>' id=2164cc20-11de-4eff-b834-04927083f8d1; sent=2026-08-24 00:29:49; recv=2026-08-24 00:29:49
2026-08-24 00:29:50,673 - <Logger pc.serial_sender (WARNING)>.ack_protocol - INFO - Message Summary: ACK '<P>' id=374a320c-2aa4-4fd2-a305-297fed9530cd; sent=2026-08-24 00:29:50; recv=2026-08-24 00:29:50
2026-08-24 00:29:51,727 - <Logger pc.serial_sender (WARNING)>.ack_protocol - INFO - Message Summary: ACK '<P>' id=05587d69-9117-47c4-aa78-5ec4a72fecc5; sent=2026-08-24 00:29:51; recv=2026-08-24 00:29:51
2026-08-24 00:29:52,780 - <Logger pc.serial_sender (WARNING)>.ack_protocol - INFO - Message Summary: ACK '<P>' id=b4c0b5b1-42a9-416f-9de2-557b4a7a0b0b; sent=2026-08-24 00:29:52; recv=2026-08-24 00:29:52
2026-08-24 00:29:54,885 - <Logger pc.serial_sender (WARNING)>.ack_protocol - INFO - Message Summary: ACK '<P>' id=d3405979-8bce-442f-87ac-d95a83118bbf; sent=2026-08-24 00:29:54; recv=2026-08-24 00:29:54
2026-08-24 00:29:55,938 - <Logger pc.serial_sender (WARNING)>.ack_protocol - INFO - Message Summary: ACK '<P>' id=81fa664e-9d2d-46d8-b694-dae6b8e02c6d; sent=2026-08-24 00:29:55; recv=2026-08-24 00:29:55
2026-08-24 00:29:56,288 - <Logger pc.serial_sender (WARNING)>.ack_protocol - INFO - Message Summary: ACK '<P>' id=8ae30a57-56e6-4e47-9732-477e5f313a8f; sent=2026-08-24 00:29:56; recv=2026-08-24 00:29:56
2026-08-24 00:29:56,993 - <Logger pc.serial_sender (WARNING)>.ack_protocol - INFO - Message Summary: ACK '<P>' id=1ec0ad0b-4479-44ba-80e1-90afafeaafab; sent=2026-08-24 00:29:56; recv=2026-08-24 00:29:56
2026-08-24 00:29:58,046 - <Logger pc.serial_sender (WARNING)>.ack_protocol - INFO - Message Summary: ACK '<P>' id=2725518f-165e-42a9-a463-37251d33e22a; sent=2026-08-24 00:29:58; recv=2026-08-24 00:29:58
2026-08-24 00:29:59,098 - <Logger pc.serial_sender (WARNING)>.ack_protocol - INFO - Message Summary: ACK '<D>' id=2ba04581-9343-4b1f-ab2b-cc4ea895e05d; sent=2026-08-24 00:29:59; recv=2026-08-24 00:29:59
2026-08-24 00:30:00,151 - <Logger pc.serial_sender (WARNING)>.ack_protocol - INFO - Message Summary: ACK '<D>' id=cd6f02a5-91b5-4415-ab9f-335ae76d558e; sent=2026-08-24 00:30:00; recv=2026-08-24 00:30:00
2026-08-24 00:30:01,204 - <Logger pc.serial_sender (WARNING)>.ack_protocol - INFO - Message Summary: ACK '<D>' id=216e20f0-d9ec-4c04-b397-8472d6f4966d; sent=2026-08-24 00:30:01; recv=2026-08-24 00:30:01
2026-08-24 00:30:02,258 - <Logger pc.serial_sender (WARNING)>.ack_protocol - INFO - Message Summary: ACK '<D>' id=ff2a78df-39e5-41ed-ae9d-2a0013af4cd7; sent=2026-08-24 00:30:02; recv=2026-08-24 00:30:02
2026-08-24 00:30:05,420 - <Logger pc.serial_sender (WARNING)>.ack_protocol - INFO - Message Summary: ACK '<D>' id=4f1a8fee-cf46-44a8-80d5-1c217d27a6f5; sent=2026-08-24 00:30:05; recv=2026-08-24 00:30:05
2026-08-24 00:30:06,470 - <Logger pc.serial_sender (WARNING)>.ack_protocol - INFO - Message Summary: ACK '<D>' id=9da0fe65-758f-422d-8aaa-d4c29ce2d73a; sent=2026-08-24 00:30:06; recv=2026-08-24 00:30:06
2026-08-24 00:30:07,523 - <Logger pc.serial_sender (WARNING)>.ack_protocol - INFO - Message Summary: ACK '<D>' id=8485e2b5-64b6-4d5f-95e1-e36b7b16362c; sent=2026-08-24 00:30:07; recv=2026-08-24 00:30:07
2026-08-24 00:30:09,278 - <Logger pc.serial_sender (WARNING)>.ack_protocol - INFO - Message Summary: ACK '<D>' id=7432d984-5e7d-41de-b22f-cbdfc2c68870; sent=2026-08-24 00:30:09; recv=2026-08-24 00:30:09
2026-08-24 00:30:09,630 - <Logger pc.serial_sender (WARNING)>.ack_protocol - INFO - Message Summary: ACK '<D>' id=9d702e10-e198-4b04-b934-dc556614eea3; sent=2026-08-24 00:30:09; recv=2026-08-24 00:30:09
2026-08-24 00:30:10,683 - <Logger pc.serial_sender (WARNING)>.ack_protocol - INFO - Message Summary: ACK '<D>' id=85ab890d-7999-45c0-9046-5703667f3ffe; sent=2026-08-24 00:30:10; recv=2026-08-24 00:30:10
2026-08-24 00:30:11,736 - <Logger pc.serial_sender (WARNING)>.ack_protocol - INFO - Message Summary: ACK '<D>' id=e69a28e5-3a8b-4e4a-be34-7505e165f144; sent=2026-08-24 00:30:11; recv=2026-08-24 00:30:11
2026-08-24 00:30:13,842 - <Logger pc.serial_sender (WARNING)>.ack_protocol - INFO - Message Summary: ACK '<D>' id=882572c4-a2cb-466a-953a-7d089394fc36; sent=2026-08-24 00:30:13; recv=2026-08-24 00:30:13
2026-08-24 00:30:14,895 - <Logger pc.serial_sender (WARNING)>.ack_protocol - INFO - Message Summary: ACK '<D>' id=98dd09e4-dc1f-4981-8052-489c6c0b9f8f; sent=2026-08-24 00:30:14; recv=2026-08-24 00:30:14
2026-08-24 00:30:15,947 - <Logger pc.serial_sender (WARNING)>.ack_protocol - INFO - Message Summary: ACK '<D>' id=af7d5b5c-9093-4347-b975-5e9207d63f7e; sent=2026-08-24 00:30:15; recv=2026-08-24 00:30:15
2026-08-24 00:30:17,002 - <Logger pc.serial_sender (WARNING)>.ack_protocol - INFO - Message Summary: ACK '<D>' id=b91d190a-2919-44e2-a4bd-9fa40efa5d93; sent=2026-08-24 00:30:16; recv=2026-08-24 00:30:17
2026-08-24 00:30:18,054 - <Logger pc.serial_sender (WARNING)>.ack_protocol - INFO - Message Summary: ACK '<D>' id=fefd26cb-f1c5-4a23-8b3e-a95f136c3c87; sent=2026-08-24 00:30:18; recv=2026-08-24 00:30:18
2026-08-24 00:30:19,108 - <Logger pc.serial_sender (WARNING)>.ack_protocol - INFO - Message Summary: ACK '<D>' id=0c903c47-8db6-4a1c-9753-67eb865a9d17; sent=2026-08-24 00:30:19; recv=2026-08-24 00:30:19
2026-08-24 00:30:20,161 - <Logger pc.serial_sender (WARNING)>.ack_protocol - INFO - Message Summary: ACK '<D>' id=4a67333a-3dfe-462e-b850-68b12b9409e3; sent=2026-08-24 00:30:20; recv=2026-08-24 00:30:20
2026-08-24 00:30:21,213 - <Logger pc.serial_sender (WARNING)>.ack_protocol - INFO - Message Summary: ACK '<D>' id=a546ddd1-ec61-46cb-bec5-de26e14aa555; sent=2026-08-24 00:30:21; recv=2026-08-24 00:30:21
2026-08-24 00:30:22,268 - <Logger pc.serial_sender (WARNING)>.ack_protocol - INFO - Message Summary: ACK '<D>' id=59907f54-5e63-41d3-9681-12b544e28a11; sent=2026-08-24 00:30:22; recv=2026-08-24 00:30:22
2026-08-24 00:30:23,321 - <Logger pc.serial_sender (WARNING)>.ack_protocol - INFO - Message Summary: ACK '<D>' id=ceda7d97-05b1-492c-bfd2-01eb6ef5a123; sent=2026-08-24 00:30:23; recv=2026-08-24 00:30:23
2026-08-24 00:30:28,645 - <Logger pc.serial_sender (WARNING)>.ack_protocol - INFO - Message Summary: ACK '<L>' id=f94c4fe2-8062-4630-9537-efe090454b43; sent=2026-08-24 00:30:28; recv=2026-08-24 00:30:28
2026-08-24 00:30:28,996 - <Logger pc.serial_sender (WARNING)>.ack_protocol - INFO - Message Summary: ACK '<L>' id=31818983-97d7-4b8c-b560-7218024686cb; sent=2026-08-24 00:30:28; recv=2026-08-24 00:30:28
2026-08-24 00:30:29,697 - <Logger pc.serial_sender (WARNING)>.ack_protocol - INFO - Message Summary: ACK '<L>' id=d1afa7da-f628-4b21-b087-27b02256f752; sent=2026-08-24 00:30:29; recv=2026-08-24 00:30:29
2026-08-24 00:30:30,752 - <Logger pc.serial_sender (WARNING)>.ack_protocol - INFO - Message Summary: ACK '<L>' id=d3909e60-bed9-4191-81b8-049216deb0b3; sent=2026-08-24 00:30:30; recv=2026-08-24 00:30:30
2026-08-24 00:30:33,910 - <Logger pc.serial_sender (WARNING)>.ack_protocol - INFO - Message Summary: ACK '<L>' id=0b745851-e574-4890-9c3b-3b9cccf4fbeb; sent=2026-08-24 00:30:33; recv=2026-08-24 00:30:33
2026-08-24 00:30:34,964 - <Logger pc.serial_sender (WARNING)>.ack_protocol - INFO - Message Summary: ACK '<L>' id=fde74d90-b055-4305-8d65-850e26365a40; sent=2026-08-24 00:30:34; recv=2026-08-24 00:30:34
2026-08-24 00:30:36,016 - <Logger pc.serial_sender (WARNING)>.ack_protocol - INFO - Message Summary: ACK '<L>' id=ccb1fbdd-eae8-4732-be62-cc1540bccd29; sent=2026-08-24 00:30:36; recv=2026-08-24 00:30:36
2026-08-24 00:30:37,070 - <Logger pc.serial_sender (WARNING)>.ack_protocol - INFO - Message Summary: ACK '<L>' id=a8bfd9d2-38d3-4957-a354-49b34beb3965; sent=2026-08-24 00:30:37; recv=2026-08-24 00:30:37
2026-08-24 00:30:39,123 - <Logger pc.serial_sender (WARNING)>.ack_protocol - INFO - Message Summary: ACK '<L>' id=8f5ccfc0-fd4a-4ad2-8f55-8c59e05f37d5; sent=2026-08-24 00:30:39; recv=2026-08-24 00:30:39
2026-08-24 00:30:39,789 - <Logger pc.serial_sender (WARNING)>.ack_protocol - INFO - Message Summary: ACK '<L>' id=7c311561-2e01-4cf8-bed4-124d9bd71d85; sent=2026-08-24 00:30:39; recv=2026-08-24 00:30:39
2026-08-24 00:30:40,122 - <Logger pc.serial_sender (WARNING)>.ack_protocol - INFO - Message Summary: ACK '<L>' id=47d03326-824b-46a9-b6cf-2f41c18fc5de; sent=2026-08-24 00:30:40; recv=2026-08-24 00:30:40
2026-08-24 00:30:41,159 - <Logger pc.serial_sender (WARNING)>.ack_protocol - INFO - Message Summary: ACK '<L>' id=a72cb18f-02c4-4a74-bba5-ccaeaeb0f032; sent=2026-08-24 00:30:41; recv=2026-08-24 00:30:41
2026-08-24 00:30:42,211 - <Logger pc.serial_sender (WARNING)>.ack_protocol - INFO - Message Summary: ACK '<L>' id=916f44f4-0609-4447-82a7-4edddd7b86eb; sent=2026-08-24 00:30:42; recv=2026-08-24 00:30:42
2026-08-24 00:30:43,264 - <Logger pc.serial_sender (WARNING)>.ack_protocol - INFO - Message Summary: ACK '<L>' id=b6e3c168-d60b-4ed5-a7a3-e37198f3eb38; sent=2026-08-24 00:30:43; recv=2026-08-24 00:30:43
2026-08-24 00:30:44,318 - <Logger pc.serial_sender (WARNING)>.ack_protocol - INFO - Message Summary: ACK '<L>' id=7627832e-26e0-418a-bb71-5ed43d83c5f3; sent=2026-08-24 00:30:44; recv=2026-08-24 00:30:44
2026-08-24 00:30:46,424 - <Logger pc.serial_sender (WARNING)>.ack_protocol - INFO - Message Summary: ACK '<L>' id=d5c2d163-1a4d-4721-88fb-b62db19ea0a0; sent=2026-08-24 00:30:46; recv=2026-08-24 00:30:46
2026-08-24 00:30:49,584 - <Logger pc.serial_sender (WARNING)>.ack_protocol - INFO - Message Summary: ACK '<L>' id=fb6cd930-7cde-4518-96bf-624c9232c2ac; sent=2026-08-24 00:30:49; recv=2026-08-24 00:30:49
2026-08-24 00:30:50,635 - <Logger pc.serial_sender (WARNING)>.ack_protocol - INFO - Message Summary: ACK '<L>' id=55d32996-b2a4-4841-9fa8-de93b3293f95; sent=2026-08-24 00:30:50; recv=2026-08-24 00:30:50
2026-08-24 00:30:55,304 - <Logger pc.serial_sender (WARNING)>.ack_protocol - INFO - Message Summary: ACK '<L>' id=b0bd5aac-9117-4eb3-a820-33e8565ba438; sent=2026-08-24 00:30:55; recv=2026-08-24 00:30:55
2026-08-24 00:30:57,837 - <Logger pc.serial_sender (WARNING)>.ack_protocol - INFO - Message Summary: ACK '<L>' id=0798d4ac-8cab-4335-8237-9c4f28cb1e5b; sent=2026-08-24 00:30:57; recv=2026-08-24 00:30:57
2026-08-24 00:30:58,838 - <Logger pc.serial_sender (WARNING)>.ack_protocol - INFO - Message Summary: ACK '<L>' id=41afeb11-3c3e-4712-bf12-ec81d30153b4; sent=2026-08-24 00:30:58; recv=2026-08-24 00:30:58
