2026-08-24 00:28:29,693 - <Logger pc.serial_sender (WARNING)>.ack_protocol_reciever - INFO - Message Summary: Sent command '<O>' with id=eed1b7c0-e64f-4171-b0d8-b4f6b7dd57c3 at 2026-08-24 00:28:29
2026-08-24 00:28:30,044 - <Logger pc.serial_sender (WARNING)>.ack_protocol_reciever - INFO - Message Summary: Sent command '<O>' with id=c92e8ae6-0bdf-498b-a52c-482d6475ddbe at 2026-08-24 00:28:30
2026-08-24 00:28:30,394 - <Logger pc.serial_sender (WARNING)>.ack_protocol_reciever - INFO - Message Summary: Sent command '<O>' with id=08bb1ec0-3c7e-485d-8aab-ae62f2472ec2 at 2026-08-24 00:28:30
2026-08-24 00:28:30,745 - <Logger pc.serial_sender (WARNING)>.ack_protocol_reciever - INFO - Message Summary: Sent command '<O>' with id=cf391c5e-8759-4de3-93ce-d1aaf1518e2b at 2026-08-24 00:28:30
2026-08-24 00:28:31,097 - <Logger pc.serial_sender (WARNING)>.ack_protocol_reciever - INFO - Message Summary: Sent command '<O>' with id=92d92c91-7a7b-409b-94cd-0b275629735d at 2026-08-24 00:28:31
2026-08-24 00:28:31,448 - <Logger pc.serial_sender (WARNING)>.ack_protocol_reciever - INFO - Message Summary: Sent command '<O>' with id=4555dd67-3b7c-46e2-9ba4-342b3e8d3438 at 2026-08-24 00:28:31
2026-08-24 00:28:31,812 - <Logger pc.serial_sender (WARNING)>.ack_protocol_reciever - INFO - Message Summary: Sent command '<O>' with id=e580982e-0200-4265-bc34-94c077d0ea92 at 2026-08-24 00:28:31
2026-08-24 00:28:32,151 - <Logger pc.serial_sender (WARNING)>.ack_protocol_reciever - INFO - Message Summary: Sent command '<O>' with id=bb70e9c9-7a7a-4ea2-b433-82a697a9c055 at 2026-08-24 00:28:32
2026-08-24 00:28:32,503 - <Logger pc.serial_sender (WARNING)>.ack_protocol_reciever - INFO - Message Summary: Sent command '<O>' with id=dd0a9e88-4932-454a-a63a-d101e7b9485a at 2026-08-24 00:28:32
2026-08-24 00:28:32,854 - <Logger pc.serial_sender (WARNING)>.ack_protocol_reciever - INFO - Message Summary: Sent command '<O>' with id=9c421e6e-ea90-445c-9cbb-e87c2ff4b845 at 2026-08-24 00:28:32
2026-08-24 00:28:33,204 - <Logger pc.serial_sender (WARNING)>.ack_protocol_reciever - INFO - Message Summary: Sent command '<O>' with id=d0d7eb42-6b12-45f9-adf3-e434d2e7b8d8 at 2026-08-24 00:28:33
2026-08-24 00:28:33,556 - <Logger pc.serial_sender (WARNING)>.ack_protocol_reciever - INFO - Message Summary: Sent command '<O>' with id=2b9820dd-eb6a-4ec3-aa66-75d13db44a1b at 2026-08-24 00:28:33
2026-08-24 00:28:33,907 - <Logger pc.serial_sender (WARNING)>.ack_protocol_reciever - INFO - Message Summary: Sent command '<O>' with id=51165d05-7f8c-470c-bc83-5c851922ca13 at 2026-08-24 00:28:33
2026-08-24 00:28:34,258 - <Logger pc.serial_sender (WARNING)>.ack_protocol_reciever - INFO - Message Summary: Sent command '<O>' with id=2625b53e-fdc3-4f41-9062-2116f28f58b1 at 2026-08-24 00:28:34
2026-08-24 00:28:34,610 - <Logger pc.serial_sender (WARNING)>.ack_protocol_reciever - INFO - Message Summary: Sent command '<O>' with id=35788754-9811-449d-b5da-bf594d454d88 at 2026-08-24 00:28:34
2026-08-24 00:28:34,961 - <Logger pc.serial_sender (WARNING)>.ack_protocol_reciever - INFO - Message Summary: Sent command '<O>' with id=5dde4bdf-fec2-43f3-a000-bd72ad627697 at 2026-08-24 00:28:34
2026-08-24 00:28:35,312 - <Logger pc.serial_sender (WARNING)>.ack_protocol_reciever - INFO - Message Summary: Sent command '<O>' with id=2694e940-2e9e-454e-be48-7dfa9acb186c at 2026-08-24 00:28:35
2026-08-24 00:28:35,663 - <Logger pc.serial_sender (WARNING)>.ack_protocol_reciever - INFO - Message Summary: Sent command '<O>' with id=301f2a68-e9ca-44dc-9022-3d96ccf64011 at 2026-08-24 00:28:35
2026-08-24 00:28:36,014 - <Logger pc.serial_sender (WARNING)>.ack_protocol_reciever - INFO - Message Summary: Sent command '<O>' with id=155ab68c-d942-4310-a372-1aecc84cb35c at 2026-08-24 00:28:36
2026-08-24 00:28:36,365 - <Logger pc.serial_sender (WARNING)>.ack_protocol_reciever - INFO - Message Summary: Sent command '<O>' with id=95c3c768-e2b3-4fab-8eed-faa4f81b0996 at 2026-08-24 00:28:36
2026-08-24 00:28:36,716 - <Logger pc.serial_sender (WARNING)>.ack_protocol_reciever - INFO - Message Summary: Sent command '<O>' with id=0d8747fd-229c-4b1c-bc04-bff50243a9cb at 2026-08-24 00:28:36
2026-08-24 00:28:37,067 - <Logger pc.serial_sender (WARNING)>.ack_protocol_reciever - INFO - Message Summary: Sent command '<O>' with id=8d362253-758e-469a-822e-952544190324 at 2026-08-24 00:28:37
2026-08-24 00:28:37,418 - <Logger pc.serial_sender (WARNING)>.ack_protocol_reciever - INFO - Message Summary: Sent command '<O>' with id=8f4d812f-db99-4b8e-a191-de22fdb8e73a at 2026-08-24 00:28:37
2026-08-24 00:28:37,769 - <Logger pc.serial_sender (WARNING)>.ack_protocol_reciever - INFO - Message Summary: Sent command '<O>' with id=8ccbcdff-6fab-4817-9ee9-31d810dbb9a7 at 2026-08-24 00:28:37
2026-08-24 00:28:38,120 - <Logger pc.serial_sender (WARNING)>.ack_protocol_reciever - INFO - Message Summary: Sent command '<O>' with id=77da39e0-603b-4dce-a1a0-85fe0365aa0a at 2026-08-24 00:28:38
2026-08-24 00:28:38,470 - <Logger pc.serial_sender (WARNING)>.ack_protocol_reciever - INFO - Message Summary: Sent command '<O>' with id=6102ed66-5097-41f4-a4f6-58fa978abb66 at 2026-08-24 00:28:38
2026-08-24 00:28:38,822 - <Logger pc.serial_sender (WARNING)>.ack_protocol_reciever - INFO - Message Summary: Sent command '<O>' with id=37a0e49d-11c6-45f8-8c78-96934dd29d90 at 2026-08-24 00:28:38
2026-08-24 00:28:39,173 - <Logger pc.serial_sender (WARNING)>.ack_protocol_reciever - INFO - Message Summary: Sent command '<O>' with id=73d522c5-7f79-4026-9aff-dab67af4f13c at 2026-08-24 00:28:39
2026-08-24 00:28:39,525 - <Logger pc.serial_sender (WARNING)>.ack_protocol_reciever - INFO - Message Summary: Sent command '<O>' with id=9911f35c-4a4d-4648-a7fe-baea9d602d62 at 2026-08-24 00:28:39
2026-08-24 00:28:39,875 - <Logger pc.serial_sender (WARNING)>.ack_protocol_reciever - INFO - Message Summary: Sent command '<O>' with id=d78e2cba-9816-4404-b51a-bff5a749da11 at 2026-08-24 00:28:39
2026-08-24 00:28:40,227 - <Logger pc.serial_sender (WARNING)>.ack_protocol_reciever - INFO - Message Summary: Sent command '<O>' with id=6eb16de6-aee4-4b97-8afe-7b99dc56ae28 at 2026-08-24 00:28:40
2026-08-24 00:28:40,577 - <Logger pc.serial_sender (WARNING)>.ack_protocol_reciever - INFO - Message Summary: Sent command '<O>' with id=ca63f2b4-10fd-4666-a81d-6dac6deb88b2 at 2026-08-24 00:28:40
2026-08-24 00:28:40,928 - <Logger pc.serial_sender (WARNING)>.ack_protocol_reciever - INFO - Message Summary: Sent command '<O>' with id=abed48da-5572-4d16-90c9-ecdd9a28c33d at 2026-08-24 00:28:40
2026-08-24 00:28:41,279 - <Logger pc.serial_sender (WARNING)>.ack_protocol_reciever - INFO - Message Summary: Sent command '<O>' with id=9ea4fcd3-add3-48a1-b3f7-220a589e2ce5 at 2026-08-24 00:28:41
2026-08-24 00:28:41,631 - <Logger pc.serial_sender (WARNING)>.ack_protocol_reciever - INFO - Message Summary: Sent command '<O>' with id=64e593cb-3481-4876-8e1c-850a515c1a47 at 2026-08-24 00:28:41
2026-08-24 00:28:41,981 - <Logger pc.serial_sender (WARNING)>.ack_protocol_reciever - INFO - Message Summary: Sent command '<O>' with id=f07f0d64-b61d-4e96-b5d2-faf2532bfb1d at 2026-08-24 00:28:41
2026-08-24 00:28:42,332 - <Logger pc.serial_sender (WARNING)>.ack_protocol_reciever - INFO - Message Summary: Sent command '<O>' with id=59bb04b0-d1dc-4077-824a-2bd6f841c3aa at 2026-08-24 00:28:42
2026-08-24 00:28:42,683 - <Logger pc.serial_sender (WARNING)>.ack_protocol_reciever - INFO - Message Summary: Sent command '<O>' with id=e15b2f2a-05e9-48ab-a39d-6bf4236beef4 at 2026-08-24 00:28:42
2026-08-24 00:28:43,034 - <Logger pc.serial_sender (WARNING)>.ack_protocol_reciever - INFO - Message Summary: Sent command '<O>' with id=608c3dee-f4ce-409b-b417-6d6746e6fb54 at 2026-08-24 00:28:43
2026-08-24 00:28:43,384 - <Logger pc.serial_sender (WARNING)>.ack_protocol_reciever - INFO - Message Summary: Sent command '<O>' with id=75a2b3a6-82fe-4585-9c24-aaa85ba30842 at 2026-08-24 00:28:43
2026-08-24 00:28:43,736 - <Logger pc.serial_sender (WARNING)>.ack_protocol_reciever - INFO - Message Summary: Sent command '<O>' with id=4c65b8f4-5d36-4bad-8a12-68505863f3aa at 2026-08-24 00:28:43
2026-08-24 00:28:44,087 - <Logger pc.serial_sender (WARNING)>.ack_protocol_reciever - INFO - Message Summary: Sent command '<O>' with id=129c573e-58e1-40f2-8282-6db12be6ea83 at 2026-08-24 00:28:44
2026-08-24 00:28:44,440 - <Logger pc.serial_sender (WARNING)>.ack_protocol_reciever - INFO - Message Summary: Sent command '<O>' with id=dd448d72-6ad2-4841-b9f2-2814dbd7adfa at 2026-08-24 00:28:44
2026-08-24 00:28:44,792 - <Logger pc.serial_sender (WARNING)>.ack_protocol_reciever - INFO - Message Summary: Sent command '<O>' with id=69901f29-115b-4561-b31b-af57cb32f02c at 2026-08-24 00:28:44
2026-08-24 00:28:45,142 - <Logger pc.serial_sender (WARNING)>.ack_protocol_reciever - INFO - Message Summary: Sent command '<O>' with id=1afa62ce-dad1-4fdb-a1f8-03940b2575a9 at 2026-08-24 00:28:45
2026-08-24 00:28:45,493 - <Logger pc.serial_sender (WARNING)>.ack_protocol_reciever - INFO - Message Summary: Sent command '<O>' with id=fc58242a-e83a-4dae-9552-93a3f4c31276 at 2026-08-24 00:28:45
2026-08-24 00:28:45,844 - <Logger pc.serial_sender (WARNING)>.ack_protocol_reciever - INFO - Message Summary: Sent command '<O>' with id=ed7f222c-0a0e-4d89-b627-362cbe3d977e at 2026-08-24 00:28:45
2026-08-24 00:28:46,195 - <Logger pc.serial_sender (WARNING)>.ack_protocol_reciever - INFO - Message Summary: Sent command '<O>' with id=4f09bd95-6739-467d-afe6-2790f07c593a at 2026-08-24 00:28:46
2026-08-24 00:28:46,548 - <Logger pc.serial_sender (WARNING)>.ack_protocol_reciever - INFO - Message Summary: Sent command '<O>' with id=a1b5a4f1-a625-4788-a233-1c7a9fe6b4d5 at 2026-08-24 00:28:46
2026-08-24 00:28:46,899 - <Logger pc.serial_sender (WARNING)>.ack_protocol_reciever - INFO - Message Summary: Sent command '<O>' with id=a049d3d8-11b0-4147-9f90-1ead8f665713 at 2026-08-24 00:28:46
2026-08-24 00:28:47,248 - <Logger pc.serial_sender (WARNING)>.ack_protocol_reciever - INFO - Message Summary: Sent command '<O>' with id=b4e80a0a-0b86-4450-97d1-1fe5c3b07a41 at 2026-08-24 00:28:47
2026-08-24 00:28:47,599 - <Logger pc.serial_sender (WARNING)>.ack_protocol_reciever - INFO - Message Summary: Sent command '<O>' with id=909d88bf-f339-4571-ba0c-7cf2e36e9730 at 2026-08-24 00:28:47
2026-08-24 00:28:47,950 - <Logger pc.serial_sender (WARNING)>.ack_protocol_reciever - INFO - Message Summary: Sent command '<O>' with id=49eb0252-b6ca-43f0-b893-294caeda263f at 2026-08-24 00:28:47
2026-08-24 00:28:48,301 - <Logger pc.serial_sender (WARNING)>.ack_protocol_reciever - INFO - Message Summary: Sent command '<O>' with id=ed8d4d35-7290-42e4-81c4-88160dfe79ad at 2026-08-24 00:28:48
2026-08-24 00:28:48,769 - <Logger pc.serial_sender (WARNING)>.ack_protocol_reciever - INFO - Message Summary: Sent command '<C>' with id=1bfdf899-d76c-4c66-bf53-0889bc0e7fec at 2026-08-24 00:28:48
2026-08-24 00:28:49,120 - <Logger pc.serial_sender (WARNING)>.ack_protocol_reciever - INFO - Message Summary: Sent command '<C>' with id=93dd6b1b-fffa-447f-a17c-14d3660e6480 at 2026-08-24 00:28:49
2026-08-24 00:28:49,473 - <Logger pc.serial_sender (WARNING)>.ack_protocol_reciever - INFO - Message Summary: Sent command '<C>' with id=4b3ac912-9e47-43d5-a044-d578c86f5106 at 2026-08-24 00:28:49
2026-08-24 00:28:49,823 - <Logger pc.serial_sender (WARNING)>.ack_protocol_reciever - INFO - Message Summary: Sent command '<C>' with id=dc02c6da-88f0-49a1-a27d-5248cd430280 at 2026-08-24 00:28:49
2026-08-24 00:28:50,175 - <Logger pc.serial_sender (WARNING)>.ack_protocol_reciever - INFO - Message Summary: Sent command '<C>' with id=782aed3b-3592-4e20-8166-920a9b9e6484 at 2026-08-24 00:28:50
2026-08-24 00:28:50,523 - <Logger pc.serial_sender (WARNING)>.ack_protocol_reciever - INFO - Message Summary: Sent command '<C>' with id=a3fac9a8-0f3b-450d-abce-3340e8e23cec at 2026-08-24 00:28:50
2026-08-24 00:28:50,877 - <Logger pc.serial_sender (WARNING)>.ack_protocol_reciever - INFO - Message Summary: Sent command '<C>' with id=940dc44f-a4c8-4fc3-8cf9-57e81c783cf6 at 2026-08-24 00:28:50
2026-08-24 00:28:51,226 - <Logger pc.serial_sender (WARNING)>.ack_protocol_reciever - INFO - Message Summary: Sent command '<C>' with id=aad2a12b-a438-4c8a-831d-8388603d78db at 2026-08-24 00:28:51
2026-08-24 00:28:51,578 - <Logger pc.serial_sender (WARNING)>.ack_protocol_reciever - INFO - Message Summary: Sent command '<C>' with id=f85f2bb9-fb75-43ec-aa4a-deed81026c5f at 2026-08-24 00:28:51
2026-08-24 00:28:51,929 - <Logger pc.serial_sender (WARNING)>.ack_protocol_reciever - INFO - Message Summary: Sent command '<C>' with id=71de62cd-cd17-4a3d-86de-b63514c6cfb6 at 2026-08-24 00:28:51
2026-08-24 00:28:52,281 - <Logger pc.serial_sender (WARNING)>.ack_protocol_reciever - INFO - Message Summary: Sent command '<C>' with id=33628481-2ff7-4b96-bdb3-84162d5716af at 2026-08-24 00:28:52
2026-08-24 00:28:52,630 - <Logger pc.serial_sender (WARNING)>.ack_protocol_reciever - INFO - Message Summary: Sent command '<C>' with id=66d89eb5-198d-43e5-99b3-e38d2de66b1d at 2026-08-24 00:28:52
2026-08-24 00:28:52,981 - <Logger pc.serial_sender (WARNING)>.ack_protocol_reciever - INFO - Message Summary: Sent command '<C>' with id=e0b8c0c3-5424-4e77-96f6-d554bc0d9ec4 at 2026-08-24 00:28:52
2026-08-24 00:28:53,332 - <Logger pc.serial_sender (WARNING)>.ack_protocol_reciever - INFO - Message Summary: Sent command '<C>' with id=44231e25-34bd-448a-b3da-2fb9c1f7f255 at 2026-08-24 00:28:53
2026-08-24 00:28:53,683 - <Logger pc.serial_sender (WARNING)>.ack_protocol_reciever - INFO - Message Summary: Sent command '<C>' with id=3b334ff2-f050-49db-9064-b8214970c6f5 at 2026-08-24 00:28:53
2026-08-24 00:28:54,034 - <Logger pc.serial_sender (WARNING)>.ack_protocol_reciever - INFO - Message Summary: Sent command '<C>' with id=6deeb9f1-c850-49d1-b32f-19d6f6bd1b1b at 2026-08-24 00:28:54
2026-08-24 00:28:54,386 - <Logger pc.serial_sender (WARNING)>.ack_protocol_reciever - INFO - Message Summary: Sent command '<C>' with id=947ca74b-2df7-408c-a55f-7a296c683436 at 2026-08-24 00:28:54
2026-08-24 00:28:54,736 - <Logger pc.serial_sender (WARNING)>.ack_protocol_reciever - INFO - Message Summary: Sent command '<C>' with id=ebb09841-a53c-4a3e-af47-462b32fe939a at 2026-08-24 00:28:54
2026-08-24 00:28:55,089 - <Logger pc.serial_sender (WARNING)>.ack_protocol_reciever - INFO - Message Summary: Sent command '<C>' with id=db23f4ef-ffea-496a-8bda-153564e44a28 at 2026-08-24 00:28:55
2026-08-24 00:28:55,439 - <Logger pc.serial_sender (WARNING)>.ack_protocol_reciever - INFO - Message Summary: Sent command '<C>' with id=cc3f72e2-77ec-4688-9cbd-df33e475d8b1 at 2026-08-24 00:28:55
2026-08-24 00:28:55,790 - <Logger pc.serial_sender (WARNING)>.ack_protocol_reciever - INFO - Message Summary: Sent command '<C>' with id=204dca63-5f11-4caf-b839-027eecab6594 at 2026-08-24 00:28:55
2026-08-24 00:28:56,141 - <Logger pc.serial_sender (WARNING)>.ack_protocol_reciever - INFO - Message Summary: Sent command '<C>' with id=8899f45b-1a4b-4fa3-8b33-68438e992373 at 2026-08-24 00:28:56
2026-08-24 00:28:56,492 - <Logger pc.serial_sender (WARNING)>.ack_protocol_reciever - INFO - Message Summary: Sent command '<C>' with id=ed72b63b-b937-404f-a08b-e9d8b38f6726 at 2026-08-24 00:28:56
2026-08-24 00:28:56,844 - <Logger pc.serial_sender (WARNING)>.ack_protocol_reciever - INFO - Message Summary: Sent command '<C>' with id=99a648f5-dc2e-4e9e-a4a5-db8c0b48ba93 at 2026-08-24 00:28:56
2026-08-24 00:28:57,194 - <Logger pc.serial_sender (WARNING)>.ack_protocol_reciever - INFO - Message Summary: Sent command '<C>' with id=5c0e4f13-2ad8-47dc-8238-b4112cc0aae3 at 2026-08-24 00:28:57
2026-08-24 00:28:57,545 - <Logger pc.serial_sender (WARNING)>.ack_protocol_reciever - INFO - Message Summary: Sent command '<C>' with id=0cb2a901-a0e9-4035-9464-5324432c1ad7 at 2026-08-24 00:28:57
2026-08-24 00:28:57,897 - <Logger pc.serial_sender (WARNING)>.ack_protocol_reciever - INFO - Message Summary: Sent command '<C>' with id=5a3db2f2-0014-4b61-9a3c-981e7aff3495 at 2026-08-24 00:28:57
2026-08-24 00:28:58,248 - <Logger pc.serial_sender (WARNING)>.ack_protocol_reciever - INFO - Message Summary: Sent command '<C>' with id=1ff8c05b-e8f6-4fa6-a8b0-10af9bc2ba8f at 2026-08-24 00:28:58
2026-08-24 00:28:58,599 - <Logger pc.serial_sender (WARNING)>.ack_protocol_reciever - INFO - Message Summary: Sent command '<C>' with id=e9e60886-6041-4c12-a03f-25f9a64eedc4 at 2026-08-24 00:28:58
2026-08-24 00:28:58,950 - <Logger pc.serial_sender (WARNING)>.ack_protocol_reciever - INFO - Message Summary: Sent command '<C>' with id=fe98055b-064a-4b79-9a7f-4326e97ac0a0 at 2026-08-24 00:28:58
2026-08-24 00:28:59,301 - <Logger pc.serial_sender (WARNING)>.ack_protocol_reciever - INFO - Message Summary: Sent command '<C>' with id=a62d48f6-c3cb-4cd3-9bce-7e607a975e76 at 2026-08-24 00:28:59
2026-08-24 00:28:59,651 - <Logger pc.serial_sender (WARNING)>.ack_protocol_reciever - INFO - Message Summary: Sent command '<C>' with id=1bd7c139-25e4-4b3b-be4c-87ac471fda73 at 2026-08-24 00:28:59
2026-08-24 00:29:00,004 - <Logger pc.serial_sender (WARNING)>.ack_protocol_reciever - INFO - Message Summary: Sent command '<C>' with id=2672857b-a55b-46dc-b09c-b6e8921abe3d at 2026-08-24 00:29:00
2026-08-24 00:29:00,354 - <Logger pc.serial_sender (WARNING)>.ack_protocol_reciever - INFO - Message Summary: Sent command '<C>' with id=df6c308d-b7fd-44eb-b7b3-b3cb681a0e0f at 2026-08-24 00:29:00
2026-08-24 00:29:00,705 - <Logger pc.serial_sender (WARNING)>.ack_protocol_reciever - INFO - Message Summary: Sent command '<C>' with id=91493819-abcb-4ebf-848e-37c86a725e27 at 2026-08-24 00:29:00
2026-08-24 00:29:01,055 - <Logger pc.serial_sender (WARNING)>.ack_protocol_reciever - INFO - Message Summary: Sent command '<C>' with id=6394a925-b4d8-45b6-9e58-91ad99c1b98c at 2026-08-24 00:29:01
2026-08-24 00:29:01,406 - <Logger pc.serial_sender (WARNING)>.ack_protocol_reciever - INFO - Message Summary: Sent command '<C>' with id=6a7e2e5a-1b8e-4d7f-94d9-1e7d7ca5dccd at 2026-08-24 00:29:01
2026-08-24 00:29:01,758 - <Logger pc.serial_sender (WARNING)>.ack_protocol_reciever - INFO - Message Summary: Sent command '<C>' with id=630ea998-5d28-49ee-9c72-bb7b7cc06721 at 2026-08-24 00:29:01
2026-08-24 00:29:02,108 - <Logger pc.serial_sender (WARNING)>.ack_protocol_reciever - INFO - Message Summary: Sent command '<C>' with id=1c8368f7-81c1-402a-8cef-dd8584668c2c at 2026-08-24 00:29:02
2026-08-24 00:29:02,460 - <Logger pc.serial_sender (WARNING)>.ack_protocol_reciever - INFO - Message Summary: Sent command '<C>' with id=bc1e838b-291c-4e7b-96a0-26a7fa6329ed at 2026-08-24 00:29:02
2026-08-24 00:29:02,810 - <Logger pc.serial_sender (WARNING)>.ack_protocol_reciever - INFO - Message Summary: Sent command '<C>' with id=f93c6c98-d332-4ab5-a649-d1165df6dddc at 2026-08-24 00:29:02
2026-08-24 00:29:03,162 - <Logger pc.serial_sender (WARNING)>.ack_protocol_reciever - INFO - Message Summary: Sent command '<C>' with id=001a2f26-5fd0-4ef3-a37e-574f37c9945f at 2026-08-24 00:29:03
2026-08-24 00:29:03,513 - <Logger pc.serial_sender (WARNING)>.ack_protocol_reciever - INFO - Message Summary: Sent command '<C>' with id=5860539f-fbfe-484f-99ef-df654b97c18e at 2026-08-24 00:29:03
2026-08-24 00:29:03,864 - <Logger pc.serial_sender (WARNING)>.ack_protocol_reciever - INFO - Message Summary: Sent command '<C>' with id=b0b35702-c917-47fa-b313-2cdb91c0ec5a at 2026-08-24 00:29:03
2026-08-24 00:29:04,215 - <Logger pc.serial_sender (WARNING)>.ack_protocol_reciever - INFO - Message Summary: Sent command '<C>' with id=844eba01-8d66-4549-841f-21e72fda95df at 2026-08-24 00:29:04
2026-08-24 00:29:04,566 - <Logger pc.serial_sender (WARNING)>.ack_protocol_reciever - INFO - Message Summary: Sent command '<C>' with id=f6021b84-43c6-4082-a830-f6318d0638e4 at 2026-08-24 00:29:04
2026-08-24 00:29:04,916 - <Logger pc.serial_sender (WARNING)>.ack_protocol_reciever - INFO - Message Summary: Sent command '<C>' with id=983a0b39-5399-4c0f-8305-faa323c07bee at 2026-08-24 00:29:04
2026-08-24 00:29:05,268 - <Logger pc.serial_sender (WARNING)>.ack_protocol_reciever - INFO - Message Summary: Sent command '<C>' with id=3d0325c2-70e5-4d42-b969-37e5098c1727 at 2026-08-24 00:29:05
2026-08-24 00:29:05,619 - <Logger pc.serial_sender (WARNING)>.ack_protocol_reciever - INFO - Message Summary: Sent command '<C>' with id=4d0c2200-7ec7-4d3a-8d7f-d44225369a5b at 2026-08-24 00:29:05
2026-08-24 00:29:05,971 - <Logger pc.serial_sender (WARNING)>.ack_protocol_reciever - INFO - Message Summary: Sent command '<C>' with id=0542e8a0-007f-4135-a55f-54f21c6a1c36 at 2026-08-24 00:29:05
2026-08-24 00:29:06,321 - <Logger pc.serial_sender (WARNING)>.ack_protocol_reciever - INFO - Message Summary: Sent command '<C>' with id=6c23b2fd-57ca-474f-89fc-536abab06e3e at 2026-08-24 00:29:06
2026-08-24 00:29:06,674 - <Logger pc.serial_sender (WARNING)>.ack_protocol_reciever - INFO - Message Summary: Sent command '<C>' with id=e2d9657b-b2d1-4810-a141-529220992961 at 2026-08-24 00:29:06
2026-08-24 00:29:07,024 - <Logger pc.serial_sender (WARNING)>.ack_protocol_reciever - INFO - Message Summary: Sent command '<C>' with id=17e0a3c4-8c4f-4fdf-93ac-fe3cace63fb7 at 2026-08-24 00:29:07
2026-08-24 00:29:07,374 - <Logger pc.serial_sender (WARNING)>.ack_protocol_reciever - INFO - Message Summary: Sent command '<C>' with id=705c5a09-b41a-4104-af21-90b1e9f390e6 at 2026-08-24 00:29:07
2026-08-24 00:29:07,725 - <Logger pc.serial_sender (WARNING)>.ack_protocol_reciever - INFO - Message Summary: Sent command '<C>' with id=4f7a1106-b1f7-48c1-becf-644922e084d2 at 2026-08-24 00:29:07
2026-08-24 00:29:08,077 - <Logger pc.serial_sender (WARNING)>.ack_protocol_reciever - INFO - Message Summary: Sent command '<C>' with id=4fb05fc5-9cc5-43ba-b697-86b9ddf94670 at 2026-08-24 00:29:08
2026-08-24 00:29:08,428 - <Logger pc.serial_sender (WARNING)>.ack_protocol_reciever - INFO - Message Summary: Sent command '<C>' with id=788a9e82-c36a-4eeb-a0cc-53993921fd32 at 2026-08-24 00:29:08
2026-08-24 00:29:08,838 - <Logger pc.serial_sender (WARNING)>.ack_protocol_reciever - INFO - Message Summary: Sent command '<U>' with id=e6630e4e-417d-4bc0-80d5-1bc6e2281ea2 at 2026-08-24 00:29:08
2026-08-24 00:29:09,189 - <Logger pc.serial_sender (WARNING)>.ack_protocol_reciever - INFO - Message Summary: Sent command '<U>' with id=320f2ec6-48b1-4b97-b09d-300de83571af at 2026-08-24 00:29:09
2026-08-24 00:29:09,540 - <Logger pc.serial_sender (WARNING)>.ack_protocol_reciever - INFO - Message Summary: Sent command '<U>' with id=088abe63-17a9-4c7d-802e-29610f6a8ef4 at 2026-08-24 00:29:09
2026-08-24 00:29:09,891 - <Logger pc.serial_sender (WARNING)>.ack_protocol_reciever - INFO - Message Summary: Sent command '<U>' with id=f8b158e6-630f-4157-bf44-eabbe2b28dfa at 2026-08-24 00:29:09
2026-08-24 00:29:10,241 - <Logger pc.serial_sender (WARNING)>.ack_protocol_reciever - INFO - Message Summary: Sent command '<U>' with id=9a4d7322-7ac2-4ebc-b1d2-5d00afba6c47 at 2026-08-24 00:29:10
2026-08-24 00:29:10,592 - <Logger pc.serial_sender (WARNING)>.ack_protocol_reciever - INFO - Message Summary: Sent command '<U>' with id=520f6a62-18c8-4d6a-8c58-31a509ee3b2f at 2026-08-24 00:29:10
2026-08-24 00:29:10,943 - <Logger pc.serial_sender (WARNING)>.ack_protocol_reciever - INFO - Message Summary: Sent command '<U>' with id=41129252-e7b7-4b14-81b2-5049f755952f at 2026-08-24 00:29:10
2026-08-24 00:29:11,294 - <Logger pc.serial_sender (WARNING)>.ack_protocol_reciever - INFO - Message Summary: Sent command '<U>' with id=6d52946c-8163-4d8d-a72f-d0ea6a8af210 at 2026-08-24 00:29:11
2026-08-24 00:29:11,645 - <Logger pc.serial_sender (WARNING)>.ack_protocol_reciever - INFO - Message Summary: Sent command '<U>' with id=121bd80b-7764-4b2f-9b5d-7660e68f3bc6 at 2026-08-24 00:29:11
2026-08-24 00:29:11,996 - <Logger pc.serial_sender (WARNING)>.ack_protocol_reciever - INFO - Message Summary: Sent command '<U>' with id=be267c4b-8287-45e2-934c-28af1886016f at 2026-08-24 00:29:11
2026-08-24 00:29:12,347 - <Logger pc.serial_sender (WARNING)>.ack_protocol_reciever - INFO - Message Summary: Sent command '<U>' with id=f84dd558-ce78-4440-95ac-792074a0ff33 at 2026-08-24 00:29:12
2026-08-24 00:29:12,698 - <Logger pc.serial_sender (WARNING)>.ack_protocol_reciever - INFO - Message Summary: Sent command '<U>' with id=0f5c1efa-c6f4-41f4-a1da-354f3ea828ad at 2026-08-24 00:29:12
2026-08-24 00:29:13,050 - <Logger pc.serial_sender (WARNING)>.ack_protocol_reciever - INFO - Message Summary: Sent command '<U>' with id=def1080a-3a65-416d-ad20-0e7ac8e3b9c0 at 2026-08-24 00:29:13
2026-08-24 00:29:13,401 - <Logger pc.serial_sender (WARNING)>.ack_protocol_reciever - INFO - Message Summary: Sent command '<U>' with id=1a19c086-ddf2-4d82-9f28-f068d6411da4 at 2026-08-24 00:29:13
2026-08-24 00:29:13,752 - <Logger pc.serial_sender (WARNING)>.ack_protocol_reciever - INFO - Message Summary: Sent command '<U>' with id=cef0398e-5d2b-4686-9f48-23f6a844d199 at 2026-08-24 00:29:13
2026-08-24 00:29:14,104 - <Logger pc.serial_sender (WARNING)>.ack_protocol_reciever - INFO - Message Summary: Sent command '<U>' with id=b2b994fc-dd50-4136-a88e-ce8402d25664 at 2026-08-24 00:29:14
2026-08-24 00:29:14,455 - <Logger pc.serial_sender (WARNING)>.ack_protocol_reciever - INFO - Message Summary: Sent command '<U>' with id=febc7cda-a872-44ae-8ece-7627016f856e at 2026-08-24 00:29:14
2026-08-24 00:29:14,806 - <Logger pc.serial_sender (WARNING)>.ack_protocol_reciever - INFO - Message Summary: Sent command '<U>' with id=3184b0b2-24f3-44a2-8bc8-db74b70c6b7f at 2026-08-24 00:29:14
2026-08-24 00:29:15,157 - <Logger pc.serial_sender (WARNING)>.ack_protocol_reciever - INFO - Message Summary: Sent command '<U>' with id=89e2fa26-c41d-443a-8e44-679aac065236 at 2026-08-24 00:29:15
2026-08-24 00:29:15,507 - <Logger pc.serial_sender (WARNING)>.ack_protocol_reciever - INFO - Message Summary: Sent command '<U>' with id=57afd544-86d8-4b8e-b10d-061201caf2a3 at 2026-08-24 00:29:15
2026-08-24 00:29:15,859 - <Logger pc.serial_sender (WARNING)>.ack_protocol_reciever - INFO - Message Summary: Sent command '<U>' with id=616af270-5bc8-4d7c-960f-95c89bcea4ff at 2026-08-24 00:29:15
2026-08-24 00:29:16,210 - <Logger pc.serial_sender (WARNING)>.ack_protocol_reciever - INFO - Message Summary: Sent command '<U>' with id=e701de16-05e2-414d-aed3-3a139d1d7151 at 2026-08-24 00:29:16
2026-08-24 00:29:16,560 - <Logger pc.serial_sender (WARNING)>.ack_protocol_reciever - INFO - Message Summary: Sent command '<U>' with id=3a7e44ff-f648-410d-b6cc-6e6b2b61dcf2 at 2026-08-24 00:29:16
2026-08-24 00:29:16,911 - <Logger pc.serial_sender (WARNING)>.ack_protocol_reciever - INFO - Message Summary: Sent command '<U>' with id=c2dca4c6-0b8e-4858-8c87-330b64e3e659 at 2026-08-24 00:29:16
2026-08-24 00:29:17,263 - <Logger pc.serial_sender (WARNING)>.ack_protocol_reciever - INFO - Message Summary: Sent command '<U>' with id=59e9623a-7a43-4eb3-96d2-54571f74d532 at 2026-08-24 00:29:17
2026-08-24 00:29:17,614 - <Logger pc.serial_sender (WARNING)>.ack_protocol_reciever - INFO - Message Summary: Sent command '<U>' with id=81b16b1a-95e2-4e8a-9476-83ff6bb6edbd at 2026-08-24 00:29:17
2026-08-24 00:29:17,965 - <Logger pc.serial_sender (WARNING)>.ack_protocol_reciever - INFO - Message Summary: Sent command '<U>' with id=31a1ab6c-0cdc-49e7-8e04-607d49b1a665 at 2026-08-24 00:29:17
2026-08-24 00:29:18,316 - <Logger pc.serial_sender (WARNING)>.ack_protocol_reciever - INFO - Message Summary: Sent command '<U>' with id=b51f7070-fd1c-417c-8ee7-90980b979100 at 2026-08-24 00:29:18
2026-08-24 00:29:18,667 - <Logger pc.serial_sender (WARNING)>.ack_protocol_reciever - INFO - Message Summary: Sent command '<U>' with id=155a3424-88f6-4ef3-847b-4b444df76a5f at 2026-08-24 00:29:18
2026-08-24 00:29:19,017 - <Logger pc.serial_sender (WARNING)>.ack_protocol_reciever - INFO - Message Summary: Sent command '<U>' with id=db2a4e38-2d37-4be5-9815-bb8b09843399 at 2026-08-24 00:29:19
2026-08-24 00:29:19,369 - <Logger pc.serial_sender (WARNING)>.ack_protocol_reciever - INFO - Message Summary: Sent command '<U>' with id=bf3afba3-8991-45eb-a5da-e8c60cedea8d at 2026-08-24 00:29:19
2026-08-24 00:29:19,722 - <Logger pc.serial_sender (WARNING)>.ack_protocol_reciever - INFO - Message Summary: Sent command '<U>' with id=557ee0ab-05e3-4cc5-8b69-874b95c4f7d8 at 2026-08-24 00:29:19
2026-08-24 00:29:20,072 - <Logger pc.serial_sender (WARNING)>.ack_protocol_reciever - INFO - Message Summary: Sent command '<U>' with id=51f1c8e4-48ab-4fd8-aa2d-26b1f633f980 at 2026-08-24 00:29:20
2026-08-24 00:29:20,422 - <Logger pc.serial_sender (WARNING)>.ack_protocol_reciever - INFO - Message Summary: Sent command '<U>' with id=8c2b7524-89b8-477b-b1b8-f526cb188e1b at 2026-08-24 00:29:20
2026-08-24 00:29:20,772 - <Logger pc.serial_sender (WARNING)>.ack_protocol_reciever - INFO - Message Summary: Sent command '<U>' with id=29ad6573-9ba2-43cd-b65c-e356245995de at 2026-08-24 00:29:20
2026-08-24 00:29:21,124 - <Logger pc.serial_sender (WARNING)>.ack_protocol_reciever - INFO - Message Summary: Sent command '<U>' with id=0d664a8e-db44-4499-897e-e6dd8416cae1 at 2026-08-24 00:29:21
2026-08-24 00:29:21,475 - <Logger pc.serial_sender (WARNING)>.ack_protocol_reciever - INFO - Message Summary: Sent command '<U>' with id=e49e5617-aebd-4758-972f-ef992f22e195 at 2026-08-24 00:29:21
2026-08-24 00:29:21,827 - <Logger pc.serial_sender (WARNING)>.ack_protocol_reciever - INFO - Message Summary: Sent command '<U>' with id=9192bc88-52ac-4df7-8ec5-8a86c614a3df at 2026-08-24 00:29:21
2026-08-24 00:29:22,177 - <Logger pc.serial_sender (WARNING)>.ack_protocol_reciever - INFO - Message Summary: Sent command '<U>' with id=d9ac68bb-595c-445a-a79d-9ad9977f46b4 at 2026-08-24 00:29:22
2026-08-24 00:29:22,528 - <Logger pc.serial_sender (WARNING)>.ack_protocol_reciever - INFO - Message Summary: Sent command '<U>' with id=219c740a-2e43-42d3-a3a9-f017d0f4b47e at 2026-08-24 00:29:22
2026-08-24 00:29:22,879 - <Logger pc.serial_sender (WARNING)>.ack_protocol_reciever - INFO - Message Summary: Sent command '<U>' with id=07b8393e-a59c-408d-b8f4-b619a64e042a at 2026-08-24 00:29:22
2026-08-24 00:29:23,229 - <Logger pc.serial_sender (WARNING)>.ack_protocol_reciever - INFO - Message Summary: Sent command '<U>' with id=75cd64e2-4462-4092-abe1-74e9d7baf1da at 2026-08-24 00:29:23
2026-08-24 00:29:23,581 - <Logger pc.serial_sender (WARNING)>.ack_protocol_reciever - INFO - Message Summary: Sent command '<U>' with id=e76a81c7-2799-4743-ade8-43a3d0356832 at 2026-08-24 00:29:23
2026-08-24 00:29:23,935 - <Logger pc.serial_sender (WARNING)>.ack_protocol_reciever - INFO - Message Summary: Sent command '<U>' with id=ea0d3314-ecf1-4da0-82cc-163452445794 at 2026-08-24 00:29:23
2026-08-24 00:29:24,284 - <Logger pc.serial_sender (WARNING)>.ack_protocol_reciever - INFO - Message Summary: Sent command '<U>' with id=21132c09-78f8-45c3-99e2-85c9b23b8088 at 2026-08-24 00:29:24
2026-08-24 00:29:24,634 - <Logger pc.serial_sender (WARNING)>.ack_protocol_reciever - INFO - Message Summary: Sent command '<U>' with id=b9fda7cf-70cf-441b-b247-ca7862a0abe1 at 2026-08-24 00:29:24
2026-08-24 00:29:24,985 - <Logger pc.serial_sender (WARNING)>.ack_protocol_reciever - INFO - Message Summary: Sent command '<U>' with id=483a7374-e519-4f7b-a4f3-739dfb33f72a at 2026-08-24 00:29:24
2026-08-24 00:29:25,336 - <Logger pc.serial_sender (WARNING)>.ack_protocol_reciever - INFO - Message Summary: Sent command '<U>' with id=eb298f74-d2a4-44c7-b499-56add82946cf at 2026-08-24 00:29:25
2026-08-24 00:29:25,688 - <Logger pc.serial_sender (WARNING)>.ack_protocol_reciever - INFO - Message Summary: Sent command '<U>' with id=e9923877-3c5a-4aa4-b56c-035891f8e261 at 2026-08-24 00:29:25
2026-08-24 00:29:26,039 - <Logger pc.serial_sender (WARNING)>.ack_protocol_reciever - INFO - Message Summary: Sent command '<U>' with id=d52d8028-b8a3-4d52-b201-9d6b2a84d9b7 at 2026-08-24 00:29:26
2026-08-24 00:29:26,390 - <Logger pc.serial_sender (WARNING)>.ack_protocol_reciever - INFO - Message Summary: Sent command '<U>' with id=9f2fb279-d0f6-4356-8aaf-370f11c3a83f at 2026-08-24 00:29:26
2026-08-24 00:29:26,740 - <Logger pc.serial_sender (WARNING)>.ack_protocol_reciever - INFO - Message Summary: Sent command '<U>' with id=d5218d6d-8bd4-4922-baf1-19c577bad79c at 2026-08-24 00:29:26
2026-08-24 00:29:27,092 - <Logger pc.serial_sender (WARNING)>.ack_protocol_reciever - INFO - Message Summary: Sent command '<U>' with id=7d5cf75b-79d8-444e-a489-cafc2026110e at 2026-08-24 00:29:27
2026-08-24 00:29:27,443 - <Logger pc.serial_sender (WARNING)>.ack_protocol_reciever - INFO - Message Summary: Sent command '<U>' with id=72e0d1f6-8c97-4c1c-85fb-0f431e6a64a0 at 2026-08-24 00:29:27
2026-08-24 00:29:27,794 - <Logger pc.serial_sender (WARNING)>.ack_protocol_reciever - INFO - Message Summary: Sent command '<U>' with id=47b48e8b-1c24-4674-a2ad-f5e5342953dc at 2026-08-24 00:29:27
2026-08-24 00:29:28,145 - <Logger pc.serial_sender (WARNING)>.ack_protocol_reciever - INFO - Message Summary: Sent command '<U>' with id=0add0b20-6a6f-4ec1-ac6d-aea286fb6427 at 2026-08-24 00:29:28
2026-08-24 00:29:28,496 - <Logger pc.serial_sender (WARNING)>.ack_protocol_reciever - INFO - Message Summary: Sent command '<U>' with id=6c01ae0c-1160-4474-a1f5-552e1521e0dc at 2026-08-24 00:29:28
2026-08-24 00:29:28,847 - <Logger pc.serial_sender (WARNING)>.ack_protocol_reciever - INFO - Message Summary: Sent command '<U>' with id=7d73f25e-0e4e-48b4-9c2f-f7158086743c at 2026-08-24 00:29:28
2026-08-24 00:29:29,198 - <Logger pc.serial_sender (WARNING)>.ack_protocol_reciever - INFO - Message Summary: Sent command '<U>' with id=6bd3389b-ed7c-4244-946b-4df5e264bea7 at 2026-08-24 00:29:29
2026-08-24 00:29:29,550 - <Logger pc.serial_sender (WARNING)>.ack_protocol_reciever - INFO - Message Summary: Sent command '<U>' with id=a4fad435-2868-419a-b39f-58d05ee633b8 at 2026-08-24 00:29:29
2026-08-24 00:29:29,901 - <Logger pc.serial_sender (WARNING)>.ack_protocol_reciever - INFO - Message Summary: Sent command '<U>' with id=b70be8ee-86d5-4736-bd11-53ee705e5b78 at 2026-08-24 00:29:29
2026-08-24 00:29:30,252 - <Logger pc.serial_sender (WARNING)>.ack_protocol_reciever - INFO - Message Summary: Sent command '<U>' with id=d12d1cb0-3316-4cf9-bc8a-230d1c6f688d at 2026-08-24 00:29:30
2026-08-24 00:29:30,602 - <Logger pc.serial_sender (WARNING)>.ack_protocol_reciever - INFO - Message Summary: Sent command '<U>' with id=8f40bf7c-579f-45ad-b6c7-b3b3a8434243 at 2026-08-24 00:29:30
2026-08-24 00:29:30,954 - <Logger pc.serial_sender (WARNING)>.ack_protocol_reciever - INFO - Message Summary: Sent command '<U>' with id=27a2653a-f4e7-4381-be03-32198cd022a9 at 2026-08-24 00:29:30
2026-08-24 00:29:31,304 - <Logger pc.serial_sender (WARNING)>.ack_protocol_reciever - INFO - Message Summary: Sent command '<U>' with id=9f176216-8e8b-49b4-95e0-0a7fee754138 at 2026-08-24 00:29:31
2026-08-24 00:29:31,656 - <Logger pc.serial_sender (WARNING)>.ack_protocol_reciever - INFO - Message Summary: Sent command '<U>' with id=fb72895c-6e6d-44fe-9ce5-a4811421aa15 at 2026-08-24 00:29:31
2026-08-24 00:29:32,006 - <Logger pc.serial_sender (WARNING)>.ack_protocol_reciever - INFO - Message Summary: Sent command '<U>' with id=2cedf5ee-f7f8-41c6-a4f8-5bf17ef165e8 at 2026-08-24 00:29:32
2026-08-24 00:29:32,357 - <Logger pc.serial_sender (WARNING)>.ack_protocol_reciever - INFO - Message Summary: Sent command '<U>' with id=63d756de-308d-41f8-9553-f7d5ebc3f55f at 2026-08-24 00:29:32
2026-08-24 00:29:32,709 - <Logger pc.serial_sender (WARNING)>.ack_protocol_reciever - INFO - Message Summary: Sent command '<U>' with id=150e5f50-a850-49b7-9880-083fe640c139 at 2026-08-24 00:29:32
2026-08-24 00:29:33,060 - <Logger pc.serial_sender (WARNING)>.ack_protocol_reciever - INFO - Message Summary: Sent command '<U>' with id=ee4c68f0-ee0c-4f2e-b60e-f89889949d85 at 2026-08-24 00:29:33
2026-08-24 00:29:33,411 - <Logger pc.serial_sender (WARNING)>.ack_protocol_reciever - INFO - Message Summary: Sent command '<U>' with id=0b8b33db-bad1-48dd-9279-c3af4d8407e5 at 2026-08-24 00:29:33
2026-08-24 00:29:33,762 - <Logger pc.serial_sender (WARNING)>.ack_protocol_reciever - INFO - Message Summary: Sent command '<U>' with id=4c2a9c6b-ed33-4bb3-ae06-d61a61dfaff5 at 2026-08-24 00:29:33
2026-08-24 00:29:34,172 - <Logger pc.serial_sender (WARNING)>.ack_protocol_reciever - INFO - Message Summary: Sent command '<P>' with id=05f77fc2-129c-45ef-8d1f-7f7eedf83163 at 2026-08-24 00:29:34
2026-08-24 00:29:34,523 - <Logger pc.serial_sender (WARNING)>.ack_protocol_reciever - INFO - Message Summary: Sent command '<P>' with id=9fa64a03-1e29-494b-a778-aa92dd3f4881 at 2026-08-24 00:29:34
2026-08-24 00:29:34,874 - <Logger pc.serial_sender (WARNING)>.ack_protocol_reciever - INFO - Message Summary: Sent command '<P>' with id=f676504e-cce0-4181-b880-5e5d8fe77c11 at 2026-08-24 00:29:34
2026-08-24 00:29:35,223 - <Logger pc.serial_sender (WARNING)>.ack_protocol_reciever - INFO - Message Summary: Sent command '<P>' with id=54822d07-0d33-41f6-b271-725acf5c5762 at 2026-08-24 00:29:35
2026-08-24 00:29:35,575 - <Logger pc.serial_sender (WARNING)>.ack_protocol_reciever - INFO - Message Summary: Sent command '<P>' with id=4b3ddd11-2061-4fa8-9413-402e061e38f0 at 2026-08-24 00:29:35
2026-08-24 00:29:35,926 - <Logger pc.serial_sender (WARNING)>.ack_protocol_reciever - INFO - Message Summary: Sent command '<P>' with id=812c747f-65ef-4aac-93fe-5f877b999b6c at 2026-08-24 00:29:35
2026-08-24 00:29:36,276 - <Logger pc.serial_sender (WARNING)>.ack_protocol_reciever - INFO - Message Summary: Sent command '<P>' with id=bbb939fa-aacc-44db-ac66-ab4fa4b25589 at 2026-08-24 00:29:36
2026-08-24 00:29:36,627 - <Logger pc.serial_sender (WARNING)>.ack_protocol_reciever - INFO - Message Summary: Sent command '<P>' with id=9f195365-5743-4eab-9cca-e6e9dd97f96d at 2026-08-24 00:29:36
2026-08-24 00:29:36,980 - <Logger pc.serial_sender (WARNING)>.ack_protocol_reciever - INFO - Message Summary: Sent command '<P>' with id=6cb48e82-6d69-429b-b4de-03641d97e7d4 at 2026-08-24 00:29:36
2026-08-24 00:29:37,331 - <Logger pc.serial_sender (WARNING)>.ack_protocol_reciever - INFO - Message Summary: Sent command '<P>' with id=281f938c-4525-46ad-996f-bc841c0b0e4c at 2026-08-24 00:29:37
2026-08-24 00:29:37,681 - <Logger pc.serial_sender (WARNING)>.ack_protocol_reciever - INFO - Message Summary: Sent command '<P>' with id=b0a336f2-931d-4730-b3a4-09a0a1120748 at 2026-08-24 00:29:37
2026-08-24 00:29:38,031 - <Logger pc.serial_sender (WARNING)>.ack_protocol_reciever - INFO - Message Summary: Sent command '<P>' with id=5256d6e1-3ca9-41e3-98b1-d8fd61449e4b at 2026-08-24 00:29:38
2026-08-24 00:29:38,384 - <Logger pc.serial_sender (WARNING)>.ack_protocol_reciever - INFO - Message Summary: Sent command '<P>' with id=bca3f303-e488-4628-9937-8ca162d1b610 at 2026-08-24 00:29:38
2026-08-24 00:29:38,734 - <Logger pc.serial_sender (WARNING)>.ack_protocol_reciever - INFO - Message Summary: Sent command '<P>' with id=2b48baac-c7e8-4a8f-b680-252e840feead at 2026-08-24 00:29:38
2026-08-24 00:29:39,085 - <Logger pc.serial_sender (WARNING)>.ack_protocol_reciever - INFO - Message Summary: Sent command '<P>' with id=ec585ac5-a170-477c-85bd-1004d4f2cf30 at 2026-08-24 00:29:39
2026-08-24 00:29:39,437 - <Logger pc.serial_sender (WARNING)>.ack_protocol_reciever - INFO - Message Summary: Sent command '<P>' with id=60604bcc-d19e-4d8e-af79-adc901c806ba at 2026-08-24 00:29:39
2026-08-24 00:29:39,788 - <Logger pc.serial_sender (WARNING)>.ack_protocol_reciever - INFO - Message Summary: Sent command '<P>' with id=3b42a693-11f2-4d6b-bb33-a592a7beea5e at 2026-08-24 00:29:39
2026-08-24 00:29:40,139 - <Logger pc.serial_sender (WARNING)>.ack_protocol_reciever - INFO - Message Summary: Sent command '<P>' with id=e934e842-f3df-4978-a9af-c7bf6f9f20c4 at 2026-08-24 00:29:40
2026-08-24 00:29:40,490 - <Logger pc.serial_sender (WARNING)>.ack_protocol_reciever - INFO - Message Summary: Sent command '<P>' with id=2cd9e920-27b1-41a2-976f-959e61381452 at 2026-08-24 00:29:40
2026-08-24 00:29:40,841 - <Logger pc.serial_sender (WARNING)>.ack_protocol_reciever - INFO - Message Summary: Sent command '<P>' with id=228b3eac-9b65-4138-9505-c31065f62621 at 2026-08-24 00:29:40
2026-08-24 00:29:41,192 - <Logger pc.serial_sender (WARNING)>.ack_protocol_reciever - INFO - Message Summary: Sent command '<P>' with id=c4969cd8-73b0-4d83-9d31-a514d7a193a6 at 2026-08-24 00:29:41
2026-08-24 00:29:41,543 - <Logger pc.serial_sender (WARNING)>.ack_protocol_reciever - INFO - Message Summary: Sent command '<P>' with id=ac778726-f71c-4100-afab-8c21453beeda at 2026-08-24 00:29:41
2026-08-24 00:29:41,894 - <Logger pc.serial_sender (WARNING)>.ack_protocol_reciever - INFO - Message Summary: Sent command '<P>' with id=f80f3415-c47c-4ef1-94f3-7751c32478fb at 2026-08-24 00:29:41
2026-08-24 00:29:42,245 - <Logger pc.serial_sender (WARNING)>.ack_protocol_reciever - INFO - Message Summary: Sent command '<P>' with id=5e666006-7729-4a68-a837-4ac6d12d13cb at 2026-08-24 00:29:42
2026-08-24 00:29:42,596 - <Logger pc.serial_sender (WARNING)>.ack_protocol_reciever - INFO - Message Summary: Sent command '<P>' with id=627186c8-30b3-41c1-b080-c861936cc821 at 2026-08-24 00:29:42
2026-08-24 00:29:42,965 - <Logger pc.serial_sender (WARNING)>.ack_protocol_reciever - INFO - Message Summary: Sent command '<P>' with id=28f2bcae-fced-4dc3-85a3-807d0649233f at 2026-08-24 00:29:42
2026-08-24 00:29:43,298 - <Logger pc.serial_sender (WARNING)>.ack_protocol_reciever - INFO - Message Summary: Sent command '<P>' with id=6a9d204a-8801-4d6b-be59-cdb428996e21 at 2026-08-24 00:29:43
2026-08-24 00:29:43,649 - <Logger pc.serial_sender (WARNING)>.ack_protocol_reciever - INFO - Message Summary: Sent command '<P>' with id=29b2bb27-ecff-4340-bcf1-db21cf793bab at 2026-08-24 00:29:43
2026-08-24 00:29:44,000 - <Logger pc.serial_sender (WARNING)>.ack_protocol_reciever - INFO - Message Summary: Sent command '<P>' with id=ecf1bee4-7562-4d49-a735-0ad7acd16a72 at 2026-08-24 00:29:44
2026-08-24 00:29:44,352 - <Logger pc.serial_sender (WARNING)>.ack_protocol_reciever - INFO - Message Summary: Sent command '<P>' with id=c5aff878-465e-4f6d-8206-cbf574f1b612 at 2026-08-24 00:29:44
2026-08-24 00:29:44,706 - <Logger pc.serial_sender (WARNING)>.ack_protocol_reciever - INFO - Message Summary: Sent command '<P>' with id=b0f122f1-3db3-4334-a1bf-074e4cac29b8 at 2026-08-24 00:29:44
2026-08-24 00:29:45,053 - <Logger pc.serial_sender (WARNING)>.ack_protocol_reciever - INFO - Message Summary: Sent command '<P>' with id=445e677f-c202-4238-adde-fb87e2db3bef at 2026-08-24 00:29:45
2026-08-24 00:29:45,405 - <Logger pc.serial_sender (WARNING)>.ack_protocol_reciever - INFO - Message Summary: Sent command '<P>' with id=0df9be07-d49c-4a64-892b-a6c680c1644a at 2026-08-24 00:29:45
2026-08-24 00:29:45,755 - <Logger pc.serial_sender (WARNING)>.ack_protocol_reciever - INFO - Message Summary: Sent command '<P>' with id=824a57e4-bfa6-4020-b051-07dc5b20e483 at 2026-08-24 00:29:45
2026-08-24 00:29:46,106 - <Logger pc.serial_sender (WARNING)>.ack_protocol_reciever - INFO - Message Summary: Sent command '<P>' with id=bbeb67ef-af4a-49a9-818d-7cbe58443168 at 2026-08-24 00:29:46
2026-08-24 00:29:46,457 - <Logger pc.serial_sender (WARNING)>.ack_protocol_reciever - INFO - Message Summary: Sent command '<P>' with id=7deb2637-4561-44d6-8aab-06070a59b891 at 2026-08-24 00:29:46
2026-08-24 00:29:46,808 - <Logger pc.serial_sender (WARNING)>.ack_protocol_reciever - INFO - Message Summary: Sent command '<P>' with id=3cce464e-fd94-4d03-befe-551afb281974 at 2026-08-24 00:29:46
2026-08-24 00:29:47,160 - <Logger pc.serial_sender (WARNING)>.ack_protocol_reciever - INFO - Message Summary: Sent command '<P>' with id=c721779f-b85e-4ef9-99b2-2ce4eb9cad13 at 2026-08-24 00:29:47
2026-08-24 00:29:47,510 - <Logger pc.serial_sender (WARNING)>.ack_protocol_reciever - INFO - Message Summary: Sent command '<P>' with id=bc511f0d-63b7-4b0f-a200-ae397f5b5503 at 2026-08-24 00:29:47
2026-08-24 00:29:47,861 - <Logger pc.serial_sender (WARNING)>.ack_protocol_reciever - INFO - Message Summary: Sent command '<P>' with id=18a4cfb3-3798-42a7-a923-f55bf7ae4bda at 2026-08-24 00:29:47
2026-08-24 00:29:48,213 - <Logger pc.serial_sender (WARNING)>.ack_protocol_reciever - INFO - Message Summary: Sent command '<P>' with id=998807df-6e09-480f-b256-e017718e8031 at 2026-08-24 00:29:48
2026-08-24 00:29:48,565 - <Logger pc.serial_sender (WARNING)>.ack_protocol_reciever - INFO - Message Summary: Sent command '<P>' with id=d7a3db56-0722-4f5d-b044-2d8b8c7f2df8 at 2026-08-24 00:29:48
2026-08-24 00:29:48,914 - <Logger pc.serial_sender (WARNING)>.ack_protocol_reciever - INFO - Message Summary: Sent command '<P>' with id=701849f8-994d-44dc-9d22-89c9fa2649d8 at 2026-08-24 00:29:48
2026-08-24 00:29:49,266 - <Logger pc.serial_sender (WARNING)>.ack_protocol_reciever - INFO - Message Summary: Sent command '<P>' with id=9018dfca-907f-4daf-a644-fd529fe5e2b1 at 2026-08-24 00:29:49
2026-08-24 00:29:49,618 - <Logger pc.serial_sender (WARNING)>.ack_protocol_reciever - INFO - Message Summary: Sent command '<P>' with id=2164cc20-11de-4eff-b834-04927083f8d1 at 2026-08-24 00:29:49
2026-08-24 00:29:49,969 - <Logger pc.serial_sender (WARNING)>.ack_protocol_reciever - INFO - Message Summary: Sent command '<P>' with id=f3afb27b-c85b-4a7f-929e-136d5ace7797 at 2026-08-24 00:29:49
2026-08-24 00:29:50,319 - <Logger pc.serial_sender (WARNING)>.ack_protocol_reciever - INFO - Message Summary: Sent command '<P>' with id=aacb1ae1-aa7a-4c68-8f90-3df7753e6cfe at 2026-08-24 00:29:50
2026-08-24 00:29:50,670 - <Logger pc.serial_sender (WARNING)>.ack_protocol_reciever - INFO - Message Summary: Sent command '<P>' with id=374a320c-2aa4-4fd2-a305-297fed9530cd at 2026-08-24 00:29:50
2026-08-24 00:29:51,022 - <Logger pc.serial_sender (WARNING)>.ack_protocol_reciever - INFO - Message Summary: Sent command '<P>' with id=9df39e3f-9478-44e3-bdd8-0215c6a67168 at 2026-08-24 00:29:51
2026-08-24 00:29:51,373 - <Logger pc.serial_sender (WARNING)>.ack_protocol_reciever - INFO - Message Summary: Sent command '<P>' with id=a53f1327-9931-4327-a0f7-e18b3e49fc5b at 2026-08-24 00:29:51
2026-08-24 00:29:51,723 - <Logger pc.serial_sender (WARNING)>.ack_protocol_reciever - INFO - Message Summary: Sent command '<P>' with id=05587d69-9117-47c4-aa78-5ec4a72fecc5 at 2026-08-24 00:29:51
2026-08-24 00:29:52,074 - <Logger pc.serial_sender (WARNING)>.ack_protocol_reciever - INFO - Message Summary: Sent command '<P>' with id=43ce35d8-5edf-461c-995b-0c0bffe48462 at 2026-08-24 00:29:52
2026-08-24 00:29:52,425 - <Logger pc.serial_sender (WARNING)>.ack_protocol_reciever - INFO - Message Summary: Sent command '<P>' with id=6e0d71b3-bbf1-4dca-804c-3e4b070f3fb1 at 2026-08-24 00:29:52
2026-08-24 00:29:52,776 - <Logger pc.serial_sender (WARNING)>.ack_protocol_reciever - INFO - Message Summary: Sent command '<P>' with id=b4c0b5b1-42a9-416f-9de2-557b4a7a0b0b at 2026-08-24 00:29:52
2026-08-24 00:29:53,131 - <Logger pc.serial_sender (WARNING)>.ack_protocol_reciever - INFO - Message Summary: Sent command '<P>' with id=34d2c844-bacf-4984-9ef8-b63f127992a4 at 2026-08-24 00:29:53
2026-08-24 00:29:53,478 - <Logger pc.serial_sender (WARNING)>.ack_protocol_reciever - INFO - Message Summary: Sent command '<P>' with id=0223bb0c-72a6-49a1-b1fa-b329d073b183 at 2026-08-24 00:29:53
2026-08-24 00:29:53,830 - <Logger pc.serial_sender (WARNING)>.ack_protocol_reciever - INFO - Message Summary: Sent command '<P>' with id=f5d94648-dad4-45bb-88b0-b4d495325ea6 at 2026-08-24 00:29:53
2026-08-24 00:29:54,180 - <Logger pc.serial_sender (WARNING)>.ack_protocol_reciever - INFO - Message Summary: Sent command '<P>' with id=c83bc08e-3d14-45d4-9725-c7cb4ac8cbff at 2026-08-24 00:29:54
2026-08-24 00:29:54,530 - <Logger pc.serial_sender (WARNING)>.ack_protocol_reciever - INFO - Message Summary: Sent command '<P>' with id=572c614f-6b4f-4dfc-ae45-288adb14893f at 2026-08-24 00:29:54
2026-08-24 00:29:54,882 - <Logger pc.serial_sender (WARNING)>.ack_protocol_reciever - INFO - Message Summary: Sent command '<P>' with id=d3405979-8bce-442f-87ac-d95a83118bbf at 2026-08-24 00:29:54
2026-08-24 00:29:55,233 - <Logger pc.serial_sender (WARNING)>.ack_protocol_reciever - INFO - Message Summary: Sent command '<P>' with id=c80e3824-b0f5-42df-9307-43a86da95ea4 at 2026-08-24 00:29:55
2026-08-24 00:29:55,584 - <Logger pc.serial_sender (WARNING)>.ack_protocol_reciever - INFO - Message Summary: Sent command '<P>' with id=9dffb787-3e75-4a30-ab16-dd9ba535d9c1 at 2026-08-24 00:29:55
2026-08-24 00:29:55,934 - <Logger pc.serial_sender (WARNING)>.ack_protocol_reciever - INFO - Message Summary: Sent command '<P>' with id=81fa664e-9d2d-46d8-b694-dae6b8e02c6d at 2026-08-24 00:29:55
2026-08-24 00:29:56,285 - <Logger pc.serial_sender (WARNING)>.ack_protocol_reciever - INFO - Message Summary: Sent command '<P>' with id=8ae30a57-56e6-4e47-9732-477e5f313a8f at 2026-08-24 00:29:56
2026-08-24 00:29:56,639 - <Logger pc.serial_sender (WARNING)>.ack_protocol_reciever - INFO - Message Summary: Sent command '<P>' with id=6ea9a961-544b-4e7b-a261-458f4e856510 at 2026-08-24 00:29:56
2026-08-24 00:29:56,989 - <Logger pc.serial_sender (WARNING)>.ack_protocol_reciever - INFO - Message Summary: Sent command '<P>' with id=1ec0ad0b-4479-44ba-80e1-90afafeaafab at 2026-08-24 00:29:56
2026-08-24 00:29:57,339 - <Logger pc.serial_sender (WARNING)>.ack_protocol_reciever - INFO - Message Summary: Sent command '<P>' with id=1ac343f2-006f-4908-bb2f-387ea116aaf1 at 2026-08-24 00:29:57
2026-08-24 00:29:57,691 - <Logger pc.serial_sender (WARNING)>.ack_protocol_reciever - INFO - Message Summary: Sent command '<P>' with id=0ac011f7-c22e-49f0-8304-23d21b326510 at 2026-08-24 00:29:57
2026-08-24 00:29:58,042 - <Logger pc.serial_sender (WARNING)>.ack_protocol_reciever - INFO - Message Summary: Sent command '<P>' with id=2725518f-165e-42a9-a463-37251d33e22a at 2026-08-24 00:29:58
2026-08-24 00:29:58,394 - <Logger pc.serial_sender (WARNING)>.ack_protocol_reciever - INFO - Message Summary: Sent command '<P>' with id=390096e2-4bb0-4faf-a756-9ddfd6a75fbe at 2026-08-24 00:29:58
2026-08-24 00:29:58,744 - <Logger pc.serial_sender (WARNING)>.ack_protocol_reciever - INFO - Message Summary: Sent command '<P>' with id=52dbb738-fc8c-402e-a978-32fad1b0adc3 at 2026-08-24 00:29:58
2026-08-24 00:29:59,095 - <Logger pc.serial_sender (WARNING)>.ack_protocol_reciever - INFO - Message Summary: Sent command '<D>' with id=2ba04581-9343-4b1f-ab2b-cc4ea895e05d at 2026-08-24 00:29:59
2026-08-24 00:29:59,449 - <Logger pc.serial_sender (WARNING)>.ack_protocol_reciever - INFO - Message Summary: Sent command '<D>' with id=e0db9f10-f871-41cb-a3bd-2496974eb387 at 2026-08-24 00:29:59
2026-08-24 00:29:59,798 - <Logger pc.serial_sender (WARNING)>.ack_protocol_reciever - INFO - Message Summary: Sent command '<D>' with id=f4f8f1f6-c12a-433d-90d9-523670ec61e3 at 2026-08-24 00:29:59
2026-08-24 00:30:00,148 - <Logger pc.serial_sender (WARNING)>.ack_protocol_reciever - INFO - Message Summary: Sent command '<D>' with id=cd6f02a5-91b5-4415-ab9f-335ae76d558e at 2026-08-24 00:30:00
2026-08-24 00:30:00,498 - <Logger pc.serial_sender (WARNING)>.ack_protocol_reciever - INFO - Message Summary: Sent command '<D>' with id=39f1c389-a7a8-4d60-82a1-a80016fcf5a9 at 2026-08-24 00:30:00
2026-08-24 00:30:00,849 - <Logger pc.serial_sender (WARNING)>.ack_protocol_reciever - INFO - Message Summary: Sent command '<D>' with id=b644921a-8c67-4c94-8381-a648a5f51203 at 2026-08-24 00:30:00
2026-08-24 00:30:01,201 - <Logger pc.serial_sender (WARNING)>.ack_protocol_reciever - INFO - Message Summary: Sent command '<D>' with id=216e20f0-d9ec-4c04-b397-8472d6f4966d at 2026-08-24 00:30:01
2026-08-24 00:30:01,552 - <Logger pc.serial_sender (WARNING)>.ack_protocol_reciever - INFO - Message Summary: Sent command '<D>' with id=376ec6b6-fdf9-40d8-9909-0a6d2dc53b68 at 2026-08-24 00:30:01
2026-08-24 00:30:01,903 - <Logger pc.serial_sender (WARNING)>.ack_protocol_reciever - INFO - Message Summary: Sent command '<D>' with id=6dc037c3-e749-4f98-98e2-0ac990e90647 at 2026-08-24 00:30:01
2026-08-24 00:30:02,255 - <Logger pc.serial_sender (WARNING)>.ack_protocol_reciever - INFO - Message Summary: Sent command '<D>' with id=ff2a78df-39e5-41ed-ae9d-2a0013af4cd7 at 2026-08-24 00:30:02
2026-08-24 00:30:02,605 - <Logger pc.serial_sender (WARNING)>.ack_protocol_reciever - INFO - Message Summary: Sent command '<D>' with id=1c61626f-0bb6-4a4a-ae8c-7a95b485ee94 at 2026-08-24 00:30:02
2026-08-24 00:30:02,955 - <Logger pc.serial_sender (WARNING)>.ack_protocol_reciever - INFO - Message Summary: Sent command '<D>' with id=d0aad386-f642-4f99-afde-165ef980c5fe at 2026-08-24 00:30:02
2026-08-24 00:30:03,307 - <Logger pc.serial_sender (WARNING)>.ack_protocol_reciever - INFO - Message Summary: Sent command '<D>' with id=54a8dcd7-d51f-4b94-b1b3-30838aafe505 at 2026-08-24 00:30:03
2026-08-24 00:30:03,659 - <Logger pc.serial_sender (WARNING)>.ack_protocol_reciever - INFO - Message Summary: Sent command '<D>' with id=b7834d6a-1a04-452d-a9e6-728f6532b0b3 at 2026-08-24 00:30:03
2026-08-24 00:30:04,008 - <Logger pc.serial_sender (WARNING)>.ack_protocol_reciever - INFO - Message Summary: Sent command '<D>' with id=91373adc-b4e8-40cc-8a76-4514aa262b46 at 2026-08-24 00:30:04
2026-08-24 00:30:04,361 - <Logger pc.serial_sender (WARNING)>.ack_protocol_reciever - INFO - Message Summary: Sent command '<D>' with id=97f1f329-3424-46b3-a710-1faed9830fbc at 2026-08-24 00:30:04
2026-08-24 00:30:04,712 - <Logger pc.serial_sender (WARNING)>.ack_protocol_reciever - INFO - Message Summary: Sent command '<D>' with id=bbd9c567-8b95-4625-a3ec-8ebfde3d7de1 at 2026-08-24 00:30:04
2026-08-24 00:30:05,062 - <Logger pc.serial_sender (WARNING)>.ack_protocol_reciever - INFO - Message Summary: Sent command '<D>' with id=4d8f434b-6acf-42d3-acdb-358c9651b487 at 2026-08-24 00:30:05
2026-08-24 00:30:05,417 - <Logger pc.serial_sender (WARNING)>.ack_protocol_reciever - INFO - Message Summary: Sent command '<D>' with id=4f1a8fee-cf46-44a8-80d5-1c217d27a6f5 at 2026-08-24 00:30:05
2026-08-24 00:30:05,764 - <Logger pc.serial_sender (WARNING)>.ack_protocol_reciever - INFO - Message Summary: Sent command '<D>' with id=2abad567-d311-430a-ba05-f76ba4981589 at 2026-08-24 00:30:05
2026-08-24 00:30:06,117 - <Logger pc.serial_sender (WARNING)>.ack_protocol_reciever - INFO - Message Summary: Sent command '<D>' with id=3eedd4b7-342e-41d9-8302-34191c915651 at 2026-08-24 00:30:06
2026-08-24 00:30:06,467 - <Logger pc.serial_sender (WARNING)>.ack_protocol_reciever - INFO - Message Summary: Sent command '<D>' with id=9da0fe65-758f-422d-8aaa-d4c29ce2d73a at 2026-08-24 00:30:06
2026-08-24 00:30:06,818 - <Logger pc.serial_sender (WARNING)>.ack_protocol_reciever - INFO - Message Summary: Sent command '<D>' with id=7daf333d-a0cf-4911-9dcf-1504b4f335e9 at 2026-08-24 00:30:06
2026-08-24 00:30:07,169 - <Logger pc.serial_sender (WARNING)>.ack_protocol_reciever - INFO - Message Summary: Sent command '<D>' with id=0b782bcd-c8d0-4da7-8347-50c1fd0c324f at 2026-08-24 00:30:07
2026-08-24 00:30:07,520 - <Logger pc.serial_sender (WARNING)>.ack_protocol_reciever - INFO - Message Summary: Sent command '<D>' with id=8485e2b5-64b6-4d5f-95e1-e36b7b16362c at 2026-08-24 00:30:07
2026-08-24 00:30:07,871 - <Logger pc.serial_sender (WARNING)>.ack_protocol_reciever - INFO - Message Summary: Sent command '<D>' with id=bae84e77-4a99-4f06-aa66-e8a52067edac at 2026-08-24 00:30:07
2026-08-24 00:30:08,220 - <Logger pc.serial_sender (WARNING)>.ack_protocol_reciever - INFO - Message Summary: Sent command '<D>' with id=e25eda1e-a030-4f8f-8af1-fc6970b7fabb at 2026-08-24 00:30:08
2026-08-24 00:30:08,573 - <Logger pc.serial_sender (WARNING)>.ack_protocol_reciever - INFO - Message Summary: Sent command '<D>' with id=dcd8c8d3-0784-4146-8d7d-ad0b77977b63 at 2026-08-24 00:30:08
2026-08-24 00:30:08,924 - <Logger pc.serial_sender (WARNING)>.ack_protocol_reciever - INFO - Message Summary: Sent command '<D>' with id=fd07f8af-8197-4637-aa1d-26f9686568c0 at 2026-08-24 00:30:08
2026-08-24 00:30:09,275 - <Logger pc.serial_sender (WARNING)>.ack_protocol_reciever - INFO - Message Summary: Sent command '<D>' with id=7432d984-5e7d-41de-b22f-cbdfc2c68870 at 2026-08-24 00:30:09
2026-08-24 00:30:09,626 - <Logger pc.serial_sender (WARNING)>.ack_protocol_reciever - INFO - Message Summary: Sent command '<D>' with id=9d702e10-e198-4b04-b934-dc556614eea3 at 2026-08-24 00:30:09
2026-08-24 00:30:09,978 - <Logger pc.serial_sender (WARNING)>.ack_protocol_reciever - INFO - Message Summary: Sent command '<D>' with id=ff6f5a6a-3a17-42ea-b989-7422101c896a at 2026-08-24 00:30:09
2026-08-24 00:30:10,328 - <Logger pc.serial_sender (WARNING)>.ack_protocol_reciever - INFO - Message Summary: Sent command '<D>' with id=380d2ce8-acdf-431e-8650-0b2ef6f74d29 at 2026-08-24 00:30:10
2026-08-24 00:30:10,680 - <Logger pc.serial_sender (WARNING)>.ack_protocol_reciever - INFO - Message Summary: Sent command '<D>' with id=85ab890d-7999-45c0-9046-5703667f3ffe at 2026-08-24 00:30:10
2026-08-24 00:30:11,030 - <Logger pc.serial_sender (WARNING)>.ack_protocol_reciever - INFO - Message Summary: Sent command '<D>' with id=708334e6-9d1d-4640-9dd6-c55f956592a8 at 2026-08-24 00:30:11
2026-08-24 00:30:11,382 - <Logger pc.serial_sender (WARNING)>.ack_protocol_reciever - INFO - Message Summary: Sent command '<D>' with id=c3911472-83a1-45f9-b43e-e60823bc6f74 at 2026-08-24 00:30:11
2026-08-24 00:30:11,733 - <Logger pc.serial_sender (WARNING)>.ack_protocol_reciever - INFO - Message Summary: Sent command '<D>' with id=e69a28e5-3a8b-4e4a-be34-7505e165f144 at 2026-08-24 00:30:11
2026-08-24 00:30:12,084 - <Logger pc.serial_sender (WARNING)>.ack_protocol_reciever - INFO - Message Summary: Sent command '<D>' with id=926ebfc7-07d1-4b4e-af26-6131ea8cd4ad at 2026-08-24 00:30:12
2026-08-24 00:30:12,434 - <Logger pc.serial_sender (WARNING)>.ack_protocol_reciever - INFO - Message Summary: Sent command '<D>' with id=927cc795-23b7-4315-9096-2a474c4b3aeb at 2026-08-24 00:30:12
2026-08-24 00:30:12,785 - <Logger pc.serial_sender (WARNING)>.ack_protocol_reciever - INFO - Message Summary: Sent command '<D>' with id=e7e72d63-47b9-42fc-a749-a50f9dd6de0c at 2026-08-24 00:30:12
2026-08-24 00:30:13,137 - <Logger pc.serial_sender (WARNING)>.ack_protocol_reciever - INFO - Message Summary: Sent command '<D>' with id=32fc545d-fc87-4f51-a3fc-cd246595ff0b at 2026-08-24 00:30:13
2026-08-24 00:30:13,488 - <Logger pc.serial_sender (WARNING)>.ack_protocol_reciever - INFO - Message Summary: Sent command '<D>' with id=35521632-7401-4e5d-b7df-d1b83c30509f at 2026-08-24 00:30:13
2026-08-24 00:30:13,839 - <Logger pc.serial_sender (WARNING)>.ack_protocol_reciever - INFO - Message Summary: Sent command '<D>' with id=882572c4-a2cb-466a-953a-7d089394fc36 at 2026-08-24 00:30:13
2026-08-24 00:30:14,190 - <Logger pc.serial_sender (WARNING)>.ack_protocol_reciever - INFO - Message Summary: Sent command '<D>' with id=2b54b311-c706-4c2a-87ff-21c9bc6db07c at 2026-08-24 00:30:14
2026-08-24 00:30:14,541 - <Logger pc.serial_sender (WARNING)>.ack_protocol_reciever - INFO - Message Summary: Sent command '<D>' with id=483314d5-1442-4f3f-90a1-d65fb1f0aa54 at 2026-08-24 00:30:14
2026-08-24 00:30:14,892 - <Logger pc.serial_sender (WARNING)>.ack_protocol_reciever - INFO - Message Summary: Sent command '<D>' with id=98dd09e4-dc1f-4981-8052-489c6c0b9f8f at 2026-08-24 00:30:14
2026-08-24 00:30:15,241 - <Logger pc.serial_sender (WARNING)>.ack_protocol_reciever - INFO - Message Summary: Sent command '<D>' with id=0051c84f-4c0c-4b83-98cd-cec27bbd9269 at 2026-08-24 00:30:15
2026-08-24 00:30:15,594 - <Logger pc.serial_sender (WARNING)>.ack_protocol_reciever - INFO - Message Summary: Sent command '<D>' with id=e2360a52-2cf3-4a20-bad8-e319118c162b at 2026-08-24 00:30:15
2026-08-24 00:30:15,944 - <Logger pc.serial_sender (WARNING)>.ack_protocol_reciever - INFO - Message Summary: Sent command '<D>' with id=af7d5b5c-9093-4347-b975-5e9207d63f7e at 2026-08-24 00:30:15
2026-08-24 00:30:16,296 - <Logger pc.serial_sender (WARNING)>.ack_protocol_reciever - INFO - Message Summary: Sent command '<D>' with id=5b2a671b-5bc6-4cd1-8c37-8ac9c38e5088 at 2026-08-24 00:30:16
2026-08-24 00:30:16,648 - <Logger pc.serial_sender (WARNING)>.ack_protocol_reciever - INFO - Message Summary: Sent command '<D>' with id=ca57e8e3-8f96-4417-824f-563eddf7308c at 2026-08-24 00:30:16
2026-08-24 00:30:16,999 - <Logger pc.serial_sender (WARNING)>.ack_protocol_reciever - INFO - Message Summary: Sent command '<D>' with id=b91d190a-2919-44e2-a4bd-9fa40efa5d93 at 2026-08-24 00:30:16
2026-08-24 00:30:17,349 - <Logger pc.serial_sender (WARNING)>.ack_protocol_reciever - INFO - Message Summary: Sent command '<D>' with id=87d3958c-5451-4f8f-9afb-3a9b0341e736 at 2026-08-24 00:30:17
2026-08-24 00:30:17,700 - <Logger pc.serial_sender (WARNING)>.ack_protocol_reciever - INFO - Message Summary: Sent command '<D>' with id=3568561e-4a90-423d-b8e4-068674158230 at 2026-08-24 00:30:17
2026-08-24 00:30:18,051 - <Logger pc.serial_sender (WARNING)>.ack_protocol_reciever - INFO - Message Summary: Sent command '<D>' with id=fefd26cb-f1c5-4a23-8b3e-a95f136c3c87 at 2026-08-24 00:30:18
2026-08-24 00:30:18,402 - <Logger pc.serial_sender (WARNING)>.ack_protocol_reciever - INFO - Message Summary: Sent command '<D>' with id=cdf87838-080d-4f51-a112-c176dd6bbca7 at 2026-08-24 00:30:18
2026-08-24 00:30:18,753 - <Logger pc.serial_sender (WARNING)>.ack_protocol_reciever - INFO - Message Summary: Sent command '<D>' with id=ced203aa-be3c-44db-b928-1d47a7ff915a at 2026-08-24 00:30:18
2026-08-24 00:30:19,105 - <Logger pc.serial_sender (WARNING)>.ack_protocol_reciever - INFO - Message Summary: Sent command '<D>' with id=0c903c47-8db6-4a1c-9753-67eb865a9d17 at 2026-08-24 00:30:19
2026-08-24 00:30:19,456 - <Logger pc.serial_sender (WARNING)>.ack_protocol_reciever - INFO - Message Summary: Sent command '<D>' with id=262638dd-d38d-4888-9cd8-46bcea6646c3 at 2026-08-24 00:30:19
2026-08-24 00:30:19,807 - <Logger pc.serial_sender (WARNING)>.ack_protocol_reciever - INFO - Message Summary: Sent command '<D>' with id=66e90932-406d-44be-88a0-876dd5307612 at 2026-08-24 00:30:19
2026-08-24 00:30:20,158 - <Logger pc.serial_sender (WARNING)>.ack_protocol_reciever - INFO - Message Summary: Sent command '<D>' with id=4a67333a-3dfe-462e-b850-68b12b9409e3 at 2026-08-24 00:30:20
2026-08-24 00:30:20,511 - <Logger pc.serial_sender (WARNING)>.ack_protocol_reciever - INFO - Message Summary: Sent command '<D>' with id=4030c50b-2a98-4e90-be0d-8d0ffab2c97e at 2026-08-24 00:30:20
2026-08-24 00:30:20,860 - <Logger pc.serial_sender (WARNING)>.ack_protocol_reciever - INFO - Message Summary: Sent command '<D>' with id=0c83016b-8ade-4ff0-9f3d-623f221c1f2c at 2026-08-24 00:30:20
2026-08-24 00:30:21,210 - <Logger pc.serial_sender (WARNING)>.ack_protocol_reciever - INFO - Message Summary: Sent command '<D>' with id=a546ddd1-ec61-46cb-bec5-de26e14aa555 at 2026-08-24 00:30:21
2026-08-24 00:30:21,561 - <Logger pc.serial_sender (WARNING)>.ack_protocol_reciever - INFO - Message Summary: Sent command '<D>' with id=cdaf5219-9998-4c56-9635-6cea14a73c9e at 2026-08-24 00:30:21
2026-08-24 00:30:21,913 - <Logger pc.serial_sender (WARNING)>.ack_protocol_reciever - INFO - Message Summary: Sent command '<D>' with id=154a0710-23b5-471d-9b4e-cc6d4e4dcf73 at 2026-08-24 00:30:21
2026-08-24 00:30:22,265 - <Logger pc.serial_sender (WARNING)>.ack_protocol_reciever - INFO - Message Summary: Sent command '<D>' with id=59907f54-5e63-41d3-9681-12b544e28a11 at 2026-08-24 00:30:22
2026-08-24 00:30:22,615 - <Logger pc.serial_sender (WARNING)>.ack_protocol_reciever - INFO - Message Summary: Sent command '<D>' with id=4185bc80-eb5f-4fa0-98d4-b457486e45b9 at 2026-08-24 00:30:22
2026-08-24 00:30:22,966 - <Logger pc.serial_sender (WARNING)>.ack_protocol_reciever - INFO - Message Summary: Sent command '<D>' with id=4fa1a445-4224-4115-bdc1-87651112d276 at 2026-08-24 00:30:22
2026-08-24 00:30:23,317 - <Logger pc.serial_sender (WARNING)>.ack_protocol_reciever - INFO - Message Summary: Sent command '<D>' with id=ceda7d97-05b1-492c-bfd2-01eb6ef5a123 at 2026-08-24 00:30:23
2026-08-24 00:30:23,668 - <Logger pc.serial_sender (WARNING)>.ack_protocol_reciever - INFO - Message Summary: Sent command '<D>' with id=cabb2fea-c46d-4391-9f4d-71217a3597fd at 2026-08-24 00:30:23
2026-08-24 00:30:24,018 - <Logger pc.serial_sender (WARNING)>.ack_protocol_reciever - INFO - Message Summary: Sent command '<D>' with id=1029c303-f6f1-4db8-b361-85786180a8d7 at 2026-08-24 00:30:24
2026-08-24 00:30:28,642 - <Logger pc.serial_sender (WARNING)>.ack_protocol_reciever - INFO - Message Summary: Sent command '<L>' with id=f94c4fe2-8062-4630-9537-efe090454b43 at 2026-08-24 00:30:28
2026-08-24 00:30:28,993 - <Logger pc.serial_sender (WARNING)>.ack_protocol_reciever - INFO - Message Summary: Sent command '<L>' with id=31818983-97d7-4b8c-b560-7218024686cb at 2026-08-24 00:30:28
2026-08-24 00:30:29,343 - <Logger pc.serial_sender (WARNING)>.ack_protocol_reciever - INFO - Message Summary: Sent command '<L>' with id=5dcd3550-a8c7-476a-909c-b359a1004b58 at 2026-08-24 00:30:29
2026-08-24 00:30:29,693 - <Logger pc.serial_sender (WARNING)>.ack_protocol_reciever - INFO - Message Summary: Sent command '<L>' with id=d1afa7da-f628-4b21-b087-27b02256f752 at 2026-08-24 00:30:29
2026-08-24 00:30:30,046 - <Logger pc.serial_sender (WARNING)>.ack_protocol_reciever - INFO - Message Summary: Sent command '<L>' with id=22ccc54d-a5d0-4f1e-b904-9ba0f3535804 at 2026-08-24 00:30:30
2026-08-24 00:30:30,397 - <Logger pc.serial_sender (WARNING)>.ack_protocol_reciever - INFO - Message Summary: Sent command '<L>' with id=ccb7eab6-9f95-44e5-8224-5e94db297ed5 at 2026-08-24 00:30:30
2026-08-24 00:30:30,748 - <Logger pc.serial_sender (WARNING)>.ack_protocol_reciever - INFO - Message Summary: Sent command '<L>' with id=d3909e60-bed9-4191-81b8-049216deb0b3 at 2026-08-24 00:30:30
2026-08-24 00:30:31,098 - <Logger pc.serial_sender (WARNING)>.ack_protocol_reciever - INFO - Message Summary: Sent command '<L>' with id=67beb503-223b-47e6-b4b4-39e44e066ba1 at 2026-08-24 00:30:31
2026-08-24 00:30:31,449 - <Logger pc.serial_sender (WARNING)>.ack_protocol_reciever - INFO - Message Summary: Sent command '<L>' with id=7e79acfc-6837-4504-8889-e46e196bb8e9 at 2026-08-24 00:30:31
2026-08-24 00:30:31,801 - <Logger pc.serial_sender (WARNING)>.ack_protocol_reciever - INFO - Message Summary: Sent command '<L>' with id=a199953e-6ccf-4a64-8de8-06eac663a915 at 2026-08-24 00:30:31
2026-08-24 00:30:32,152 - <Logger pc.serial_sender (WARNING)>.ack_protocol_reciever - INFO - Message Summary: Sent command '<L>' with id=809e66ce-7c5f-489f-a16d-d421541a0ab8 at 2026-08-24 00:30:32
2026-08-24 00:30:32,506 - <Logger pc.serial_sender (WARNING)>.ack_protocol_reciever - INFO - Message Summary: Sent command '<L>' with id=516f3fbd-8ae0-42c6-84b3-faf011eab17d at 2026-08-24 00:30:32
2026-08-24 00:30:32,853 - <Logger pc.serial_sender (WARNING)>.ack_protocol_reciever - INFO - Message Summary: Sent command '<L>' with id=a495a1dc-03b5-4393-9371-617f02fc384e at 2026-08-24 00:30:32
2026-08-24 00:30:33,205 - <Logger pc.serial_sender (WARNING)>.ack_protocol_reciever - INFO - Message Summary: Sent command '<L>' with id=864ed4d8-1c37-40f0-b9ec-b7468643e327 at 2026-08-24 00:30:33
2026-08-24 00:30:33,556 - <Logger pc.serial_sender (WARNING)>.ack_protocol_reciever - INFO - Message Summary: Sent command '<L>' with id=37a306d1-e67b-471f-958a-fd813a66d252 at 2026-08-24 00:30:33
2026-08-24 00:30:33,906 - <Logger pc.serial_sender (WARNING)>.ack_protocol_reciever - INFO - Message Summary: Sent command '<L>' with id=0b745851-e574-4890-9c3b-3b9cccf4fbeb at 2026-08-24 00:30:33
2026-08-24 00:30:34,257 - <Logger pc.serial_sender (WARNING)>.ack_protocol_reciever - INFO - Message Summary: Sent command '<L>' with id=4c82e3ae-f50a-4a18-a29f-2a40901b421a at 2026-08-24 00:30:34
2026-08-24 00:30:34,609 - <Logger pc.serial_sender (WARNING)>.ack_protocol_reciever - INFO - Message Summary: Sent command '<L>' with id=45543405-bdc3-4840-b948-5aa88210b1d2 at 2026-08-24 00:30:34
2026-08-24 00:30:34,960 - <Logger pc.serial_sender (WARNING)>.ack_protocol_reciever - INFO - Message Summary: Sent command '<L>' with id=fde74d90-b055-4305-8d65-850e26365a40 at 2026-08-24 00:30:34
2026-08-24 00:30:35,311 - <Logger pc.serial_sender (WARNING)>.ack_protocol_reciever - INFO - Message Summary: Sent command '<L>' with id=5d637510-da3c-4caa-a97e-3814f70ef99c at 2026-08-24 00:30:35
2026-08-24 00:30:35,662 - <Logger pc.serial_sender (WARNING)>.ack_protocol_reciever - INFO - Message Summary: Sent command '<L>' with id=51ecde09-42a2-450e-904e-71ab5cdb2e78 at 2026-08-24 00:30:35
2026-08-24 00:30:36,012 - <Logger pc.serial_sender (WARNING)>.ack_protocol_reciever - INFO - Message Summary: Sent command '<L>' with id=ccb1fbdd-eae8-4732-be62-cc1540bccd29 at 2026-08-24 00:30:36
2026-08-24 00:30:36,364 - <Logger pc.serial_sender (WARNING)>.ack_protocol_reciever - INFO - Message Summary: Sent command '<L>' with id=aad52c57-f86b-476a-b8b2-f313692cd5bb at 2026-08-24 00:30:36
2026-08-24 00:30:36,714 - <Logger pc.serial_sender (WARNING)>.ack_protocol_reciever - INFO - Message Summary: Sent command '<L>' with id=ac0e4451-4521-4855-8f70-c766895fbb56 at 2026-08-24 00:30:36
2026-08-24 00:30:37,066 - <Logger pc.serial_sender (WARNING)>.ack_protocol_reciever - INFO - Message Summary: Sent command '<L>' with id=a8bfd9d2-38d3-4957-a354-49b34beb3965 at 2026-08-24 00:30:37
2026-08-24 00:30:37,417 - <Logger pc.serial_sender (WARNING)>.ack_protocol_reciever - INFO - Message Summary: Sent command '<L>' with id=37847ccb-0346-4e77-9526-f2d3695cc09f at 2026-08-24 00:30:37
2026-08-24 00:30:37,768 - <Logger pc.serial_sender (WARNING)>.ack_protocol_reciever - INFO - Message Summary: Sent command '<L>' with id=d1d9c747-79d9-47e7-9c02-3b17a12fb0c1 at 2026-08-24 00:30:37
2026-08-24 00:30:38,119 - <Logger pc.serial_sender (WARNING)>.ack_protocol_reciever - INFO - Message Summary: Sent command '<L>' with id=569cbca8-1e9c-4859-83ed-bd06dbbdc5ca at 2026-08-24 00:30:38
2026-08-24 00:30:38,453 - <Logger pc.serial_sender (WARNING)>.ack_protocol_reciever - INFO - Message Summary: Sent command '<L>' with id=d4f927d7-5e5a-41a6-8657-42a759685168 at 2026-08-24 00:30:38
2026-08-24 00:30:38,787 - <Logger pc.serial_sender (WARNING)>.ack_protocol_reciever - INFO - Message Summary: Sent command '<L>' with id=f8965828-e199-46f2-9c48-47dd86897441 at 2026-08-24 00:30:38
2026-08-24 00:30:39,119 - <Logger pc.serial_sender (WARNING)>.ack_protocol_reciever - INFO - Message Summary: Sent command '<L>' with id=8f5ccfc0-fd4a-4ad2-8f55-8c59e05f37d5 at 2026-08-24 00:30:39
2026-08-24 00:30:39,452 - <Logger pc.serial_sender (WARNING)>.ack_protocol_reciever - INFO - Message Summary: Sent command '<L>' with id=5525fb05-b561-45bf-bc16-ec0b71d43435 at 2026-08-24 00:30:39
2026-08-24 00:30:39,785 - <Logger pc.serial_sender (WARNING)>.ack_protocol_reciever - INFO - Message Summary: Sent command '<L>' with id=7c311561-2e01-4cf8-bed4-124d9bd71d85 at 2026-08-24 00:30:39
2026-08-24 00:30:40,118 - <Logger pc.serial_sender (WARNING)>.ack_protocol_reciever - INFO - Message Summary: Sent command '<L>' with id=47d03326-824b-46a9-b6cf-2f41c18fc5de at 2026-08-24 00:30:40
2026-08-24 00:30:40,451 - <Logger pc.serial_sender (WARNING)>.ack_protocol_reciever - INFO - Message Summary: Sent command '<L>' with id=6a28f740-332a-4ead-9064-c8a6d771f8aa at 2026-08-24 00:30:40
2026-08-24 00:30:40,802 - <Logger pc.serial_sender (WARNING)>.ack_protocol_reciever - INFO - Message Summary: Sent command '<L>' with id=20db87da-947d-4f54-a1ca-33451a203f4b at 2026-08-24 00:30:40
2026-08-24 00:30:41,155 - <Logger pc.serial_sender (WARNING)>.ack_protocol_reciever - INFO - Message Summary: Sent command '<L>' with id=a72cb18f-02c4-4a74-bba5-ccaeaeb0f032 at 2026-08-24 00:30:41
2026-08-24 00:30:41,506 - <Logger pc.serial_sender (WARNING)>.ack_protocol_reciever - INFO - Message Summary: Sent command '<L>' with id=235c53c5-2946-4e1c-83ac-f6de62a9f62a at 2026-08-24 00:30:41
2026-08-24 00:30:41,857 - <Logger pc.serial_sender (WARNING)>.ack_protocol_reciever - INFO - Message Summary: Sent command '<L>' with id=502e421d-163b-430e-b8d3-414a576c2ec9 at 2026-08-24 00:30:41
2026-08-24 00:30:42,207 - <Logger pc.serial_sender (WARNING)>.ack_protocol_reciever - INFO - Message Summary: Sent command '<L>' with id=916f44f4-0609-4447-82a7-4edddd7b86eb at 2026-08-24 00:30:42
2026-08-24 00:30:42,557 - <Logger pc.serial_sender (WARNING)>.ack_protocol_reciever - INFO - Message Summary: Sent command '<L>' with id=0a141c26-0559-4369-b459-e9b4796365d8 at 2026-08-24 00:30:42
2026-08-24 00:30:42,909 - <Logger pc.serial_sender (WARNING)>.ack_protocol_reciever - INFO - Message Summary: Sent command '<L>' with id=80d6c325-3e8e-4ecf-bc51-984f20823a66 at 2026-08-24 00:30:42
2026-08-24 00:30:43,260 - <Logger pc.serial_sender (WARNING)>.ack_protocol_reciever - INFO - Message Summary: Sent command '<L>' with id=b6e3c168-d60b-4ed5-a7a3-e37198f3eb38 at 2026-08-24 00:30:43
2026-08-24 00:30:43,612 - <Logger pc.serial_sender (WARNING)>.ack_protocol_reciever - INFO - Message Summary: Sent command '<L>' with id=e1de9131-0d70-41d4-9129-1deca58525d9 at 2026-08-24 00:30:43
2026-08-24 00:30:43,963 - <Logger pc.serial_sender (WARNING)>.ack_protocol_reciever - INFO - Message Summary: Sent command '<L>' with id=208acc21-8df3-46ae-a679-8ada45f7df95 at 2026-08-24 00:30:43
2026-08-24 00:30:44,314 - <Logger pc.serial_sender (WARNING)>.ack_protocol_reciever - INFO - Message Summary: Sent command '<L>' with id=7627832e-26e0-418a-bb71-5ed43d83c5f3 at 2026-08-24 00:30:44
2026-08-24 00:30:44,665 - <Logger pc.serial_sender (WARNING)>.ack_protocol_reciever - INFO - Message Summary: Sent command '<L>' with id=7d8cb8e7-349d-42ed-a11a-cc26eeeb5cff at 2026-08-24 00:30:44
2026-08-24 00:30:45,016 - <Logger pc.serial_sender (WARNING)>.ack_protocol_reciever - INFO - Message Summary: Sent command '<L>' with id=9e5f9774-c066-4124-811d-e3a1cc536159 at 2026-08-24 00:30:45
2026-08-24 00:30:45,368 - <Logger pc.serial_sender (WARNING)>.ack_protocol_reciever - INFO - Message Summary: Sent command '<L>' with id=85de2ffd-f297-4711-a8ec-c8ef35bfb42b at 2026-08-24 00:30:45
2026-08-24 00:30:45,718 - <Logger pc.serial_sender (WARNING)>.ack_protocol_reciever - INFO - Message Summary: Sent command '<L>' with id=364aea0f-6f6d-44e6-9469-9d32a6cd4d8b at 2026-08-24 00:30:45
2026-08-24 00:30:46,069 - <Logger pc.serial_sender (WARNING)>.ack_protocol_reciever - INFO - Message Summary: Sent command '<L>' with id=76f1d8f5-d0a7-4a5b-a547-20bcefe28065 at 2026-08-24 00:30:46
2026-08-24 00:30:46,420 - <Logger pc.serial_sender (WARNING)>.ack_protocol_reciever - INFO - Message Summary: Sent command '<L>' with id=d5c2d163-1a4d-4721-88fb-b62db19ea0a0 at 2026-08-24 00:30:46
2026-08-24 00:30:46,770 - <Logger pc.serial_sender (WARNING)>.ack_protocol_reciever - INFO - Message Summary: Sent command '<L>' with id=2806fb0d-ffc3-457b-86a6-5e7c37c1bedc at 2026-08-24 00:30:46
2026-08-24 00:30:47,122 - <Logger pc.serial_sender (WARNING)>.ack_protocol_reciever - INFO - Message Summary: Sent command '<L>' with id=84955053-a978-41c9-9fa3-1f832b06b017 at 2026-08-24 00:30:47
2026-08-24 00:30:47,472 - <Logger pc.serial_sender (WARNING)>.ack_protocol_reciever - INFO - Message Summary: Sent command '<L>' with id=a5b27c89-06c1-4c4d-ab94-fd101071ca82 at 2026-08-24 00:30:47
2026-08-24 00:30:47,823 - <Logger pc.serial_sender (WARNING)>.ack_protocol_reciever - INFO - Message Summary: Sent command '<L>' with id=f046075c-6799-4c07-9c44-738fc3edf11b at 2026-08-24 00:30:47
2026-08-24 00:30:48,175 - <Logger pc.serial_sender (WARNING)>.ack_protocol_reciever - INFO - Message Summary: Sent command '<L>' with id=2a87a103-763e-4074-9e86-3dbc203ee641 at 2026-08-24 00:30:48
2026-08-24 00:30:48,525 - <Logger pc.serial_sender (WARNING)>.ack_protocol_reciever - INFO - Message Summary: Sent command '<L>' with id=5cb30502-ad92-4c4e-a237-60fb188a0d9e at 2026-08-24 00:30:48
2026-08-24 00:30:48,876 - <Logger pc.serial_sender (WARNING)>.ack_protocol_reciever - INFO - Message Summary: Sent command '<L>' with id=7c507b87-6373-4830-8eee-ab19afb7c63d at 2026-08-24 00:30:48
2026-08-24 00:30:49,228 - <Logger pc.serial_sender (WARNING)>.ack_protocol_reciever - INFO - Message Summary: Sent command '<L>' with id=04c113a0-8888-434c-9ce3-f3ac13c70335 at 2026-08-24 00:30:49
2026-08-24 00:30:49,580 - <Logger pc.serial_sender (WARNING)>.ack_protocol_reciever - INFO - Message Summary: Sent command '<L>' with id=fb6cd930-7cde-4518-96bf-624c9232c2ac at 2026-08-24 00:30:49
2026-08-24 00:30:49,930 - <Logger pc.serial_sender (WARNING)>.ack_protocol_reciever - INFO - Message Summary: Sent command '<L>' with id=1689739c-2dd0-4ade-b626-961f12e89ecb at 2026-08-24 00:30:49
2026-08-24 00:30:50,280 - <Logger pc.serial_sender (WARNING)>.ack_protocol_reciever - INFO - Message Summary: Sent command '<L>' with id=728e4438-52ef-4dfc-b5a2-499f1e3aae0d at 2026-08-24 00:30:50
2026-08-24 00:30:50,631 - <Logger pc.serial_sender (WARNING)>.ack_protocol_reciever - INFO - Message Summary: Sent command '<L>' with id=55d32996-b2a4-4841-9fa8-de93b3293f95 at 2026-08-24 00:30:50
2026-08-24 00:30:50,983 - <Logger pc.serial_sender (WARNING)>.ack_protocol_reciever - INFO - Message Summary: Sent command '<L>' with id=d2845bce-3e65-4be9-844f-cc43813e03da at 2026-08-24 00:30:50
2026-08-24 00:30:51,368 - <Logger pc.serial_sender (WARNING)>.ack_protocol_reciever - INFO - Message Summary: Sent command '<L>' with id=4344c2a2-e884-4c55-a631-0b587813de98 at 2026-08-24 00:30:51
2026-08-24 00:30:51,701 - <Logger pc.serial_sender (WARNING)>.ack_protocol_reciever - INFO - Message Summary: Sent command '<L>' with id=355be568-5932-4274-8b8e-91f1e0e3c305 at 2026-08-24 00:30:51
2026-08-24 00:30:52,034 - <Logger pc.serial_sender (WARNING)>.ack_protocol_reciever - INFO - Message Summary: Sent command '<L>' with id=fc34524d-c8e2-4cc3-8bb2-bf9e2a646d81 at 2026-08-24 00:30:52
2026-08-24 00:30:53,770 - <Logger pc.serial_sender (WARNING)>.ack_protocol_reciever - INFO - Message Summary: Sent command '<L>' with id=4bad22d9-70c4-40da-850a-28b7f23e805c at 2026-08-24 00:30:53
2026-08-24 00:30:54,169 - <Logger pc.serial_sender (WARNING)>.ack_protocol_reciever - INFO - Message Summary: Sent command '<L>' with id=6f3fd480-7715-4e17-bc95-def1a0cfccc3 at 2026-08-24 00:30:54
2026-08-24 00:30:54,634 - <Logger pc.serial_sender (WARNING)>.ack_protocol_reciever - INFO - Message Summary: Sent command '<L>' with id=0a7b8c1f-9d52-44b6-8476-9e9d7b28d486 at 2026-08-24 00:30:54
2026-08-24 00:30:54,967 - <Logger pc.serial_sender (WARNING)>.ack_protocol_reciever - INFO - Message Summary: Sent command '<L>' with id=489e5933-fcec-47c1-a206-7431892f6329 at 2026-08-24 00:30:54
2026-08-24 00:30:55,300 - <Logger pc.serial_sender (WARNING)>.ack_protocol_reciever - INFO - Message Summary: Sent command '<L>' with id=b0bd5aac-9117-4eb3-a820-33e8565ba438 at 2026-08-24 00:30:55
2026-08-24 00:30:56,034 - <Logger pc.serial_sender (WARNING)>.ack_protocol_reciever - INFO - Message Summary: Sent command '<L>' with id=e0b5aba0-59fb-4a43-9ec5-a3dae774578c at 2026-08-24 00:30:56
2026-08-24 00:30:56,501 - <Logger pc.serial_sender (WARNING)>.ack_protocol_reciever - INFO - Message Summary: Sent command '<L>' with id=9e768a74-67c5-4454-8754-bd955f0bc86f at 2026-08-24 00:30:56
2026-08-24 00:30:56,834 - <Logger pc.serial_sender (WARNING)>.ack_protocol_reciever - INFO - Message Summary: Sent command '<L>' with id=552b9cd9-3437-45e2-bec5-49e807aefd0d at 2026-08-24 00:30:56
2026-08-24 00:30:57,166 - <Logger pc.serial_sender (WARNING)>.ack_protocol_reciever - INFO - Message Summary: Sent command '<L>' with id=519e817f-3c05-4f10-b5f3-05b8059ca48a at 2026-08-24 00:30:57
2026-08-24 00:30:57,501 - <Logger pc.serial_sender (WARNING)>.ack_protocol_reciever - INFO - Message Summary: Sent command '<L>' with id=654c9b71-01d9-4139-ae6e-d25a8d138462 at 2026-08-24 00:30:57
2026-08-24 00:30:57,834 - <Logger pc.serial_sender (WARNING)>.ack_protocol_reciever - INFO - Message Summary: Sent command '<L>' with id=0798d4ac-8cab-4335-8237-9c4f28cb1e5b at 2026-08-24 00:30:57
2026-08-24 00:30:58,167 - <Logger pc.serial_sender (WARNING)>.ack_protocol_reciever - INFO - Message Summary: Sent command '<L>' with id=20a1ae5a-e902-4189-b814-23f7a44568d6 at 2026-08-24 00:30:58
2026-08-24 00:30:58,500 - <Logger pc.serial_sender (WARNING)>.ack_protocol_reciever - INFO - Message Summary: Sent command '<L>' with id=971382e8-24be-4d14-86f6-bd5c7d87683e at 2026-08-24 00:30:58
2026-08-24 00:30:58,834 - <Logger pc.serial_sender (WARNING)>.ack_protocol_reciever - INFO - Message Summary: Sent command '<L>' with id=41afeb11-3c3e-4712-bf12-ec81d30153b4 at 2026-08-24 00:30:58
