2026-08-24 00:28:29,692 - <Logger pc.serial_sender (WARNING)>.command_queue - INFO - Queue Sent: Command Queued'<O>' for gesture 'Open_Palm' with confidence 0.56 on hand 'Left'.
2026-08-24 00:28:30,043 - <Logger pc.serial_sender (WARNING)>.command_queue - INFO - Queue Sent: Command Queued'<O>' for gesture 'Open_Palm' with confidence 0.57 on hand 'Left'.
2026-08-24 00:28:30,394 - <Logger pc.serial_sender (WARNING)>.command_queue - INFO - Queue Sent: Command Queued'<O>' for gesture 'Open_Palm' with confidence 0.55 on hand 'Left'.
2026-08-24 00:28:30,745 - <Logger pc.serial_sender (WARNING)>.command_queue - INFO - Queue Sent: Command Queued'<O>' for gesture 'Open_Palm' with confidence 0.57 on hand 'Left'.
2026-08-24 00:28:31,097 - <Logger pc.serial_sender (WARNING)>.command_queue - INFO - Queue Sent: Command Queued'<O>' for gesture 'Open_Palm' with confidence 0.58 on hand 'Left'.
2026-08-24 00:28:31,448 - <Logger pc.serial_sender (WARNING)>.command_queue - INFO - Queue Sent: Command Queued'<O>' for gesture 'Open_Palm' with confidence 0.58 on hand 'Left'.
2026-08-24 00:28:31,807 - <Logger pc.serial_sender (WARNING)>.command_queue - INFO - Queue Sent: Command Queued'<O>' for gesture 'Open_Palm' with confidence 0.60 on hand 'Left'.
2026-08-24 00:28:32,151 - <Logger pc.serial_sender (WARNING)>.command_queue - INFO - Queue Sent: Command Queued'<O>' for gesture 'Open_Palm' with confidence 0.60 on hand 'Left'.
2026-08-24 00:28:32,502 - <Logger pc.serial_sender (WARNING)>.command_queue - INFO - Queue Sent: Command Queued'<O>' for gesture 'Open_Palm' with confidence 0.60 on hand 'Left'.
2026-08-24 00:28:32,854 - <Logger pc.serial_sender (WARNING)>.command_queue - INFO - Queue Sent: Command Queued'<O>' for gesture 'Open_Palm' with confidence 0.60 on hand 'Left'.
2026-08-24 00:28:33,204 - <Logger pc.serial_sender (WARNING)>.command_queue - INFO - Queue Sent: Command Queued'<O>' for gesture 'Open_Palm' with confidence 0.60 on hand 'Left'.
2026-08-24 00:28:33,556 - <Logger pc.serial_sender (WARNING)>.command_queue - INFO - Queue Sent: Command Queued'<O>' for gesture 'Open_Palm' with confidence 0.60 on hand 'Left'.
2026-08-24 00:28:33,907 - <Logger pc.serial_sender (WARNING)>.command_queue - INFO - Queue Sent: Command Queued'<O>' for gesture 'Open_Palm' with confidence 0.61 on hand 'Left'.
2026-08-24 00:28:34,258 - <Logger pc.serial_sender (WARNING)>.command_queue - INFO - Queue Sent: Command Queued'<O>' for gesture 'Open_Palm' with confidence 0.61 on hand 'Left'.
2026-08-24 00:28:34,610 - <Logger pc.serial_sender (WARNING)>.command_queue - INFO - Queue Sent: Command Queued'<O>' for gesture 'Open_Palm' with confidence 0.60 on hand 'Left'.
2026-08-24 00:28:34,961 - <Logger pc.serial_sender (WARNING)>.command_queue - INFO - Queue Sent: Command Queued'<O>' for gesture 'Open_Palm' with confidence 0.61 on hand 'Left'.
2026-08-24 00:28:35,312 - <Logger pc.serial_sender (WARNING)>.command_queue - INFO - Queue Sent: Command Queued'<O>' for gesture 'Open_Palm' with confidence 0.61 on hand 'Left'.
2026-08-24 00:28:35,663 - <Logger pc.serial_sender (WARNING)>.command_queue - INFO - Queue Sent: Command Queued'<O>' for gesture 'Open_Palm' with confidence 0.61 on hand 'Left'.
2026-08-24 00:28:36,014 - <Logger pc.serial_sender (WARNING)>.command_queue - INFO - Queue Sent: Command Queued'<O>' for gesture 'Open_Palm' with confidence 0.61 on hand 'Left'.
2026-08-24 00:28:36,365 - <Logger pc.serial_sender (WARNING)>.command_queue - INFO - Queue Sent: Command Queued'<O>' for gesture 'Open_Palm' with confidence 0.61 on hand 'Left'.
2026-08-24 00:28:36,715 - <Logger pc.serial_sender (WARNING)>.command_queue - INFO - Queue Sent: Command Queued'<O>' for gesture 'Open_Palm' with confidence 0.61 on hand 'Left'.
2026-08-24 00:28:37,067 - <Logger pc.serial_sender (WARNING)>.command_queue - INFO - Queue Sent: Command Queued'<O>' for gesture 'Open_Palm' with confidence 0.62 on hand 'Left'.
2026-08-24 00:28:37,418 - <Logger pc.serial_sender (WARNING)>.command_queue - INFO - Queue Sent: Command Queued'<O>' for gesture 'Open_Palm' with confidence 0.61 on hand 'Left'.
2026-08-24 00:28:37,769 - <Logger pc.serial_sender (WARNING)>.command_queue - INFO - Queue Sent: Command Queued'<O>' for gesture 'Open_Palm' with confidence 0.62 on hand 'Left'.
2026-08-24 00:28:38,120 - <Logger pc.serial_sender (WARNING)>.command_queue - INFO - Queue Sent: Command Queued'<O>' for gesture 'Open_Palm' with confidence 0.62 on hand 'Left'.
2026-08-24 00:28:38,470 - <Logger pc.serial_sender (WARNING)>.command_queue - INFO - Queue Sent: Command Queued'<O>' for gesture 'Open_Palm' with confidence 0.62 on hand 'Left'.
2026-08-24 00:28:38,822 - <Logger pc.serial_sender (WARNING)>.command_queue - INFO - Queue Sent: Command Queued'<O>' for gesture 'Open_Palm' with confidence 0.59 on hand 'Left'.
2026-08-24 00:28:39,172 - <Logger pc.serial_sender (WARNING)>.command_queue - INFO - Queue Sent: Command Queued'<O>' for gesture 'Open_Palm' with confidence 0.62 on hand 'Left'.
2026-08-24 00:28:39,524 - <Logger pc.serial_sender (WARNING)>.command_queue - INFO - Queue Sent: Command Queued'<O>' for gesture 'Open_Palm' with confidence 0.61 on hand 'Left'.
2026-08-24 00:28:39,875 - <Logger pc.serial_sender (WARNING)>.command_queue - INFO - Queue Sent: Command Queued'<O>' for gesture 'Open_Palm' with confidence 0.62 on hand 'Left'.
2026-08-24 00:28:40,227 - <Logger pc.serial_sender (WARNING)>.command_queue - INFO - Queue Sent: Command Queued'<O>' for gesture 'Open_Palm' with confidence 0.63 on hand 'Left'.
2026-08-24 00:28:40,577 - <Logger pc.serial_sender (WARNING)>.command_queue - INFO - Queue Sent: Command Queued'<O>' for gesture 'Open_Palm' with confidence 0.62 on hand 'Left'.
2026-08-24 00:28:40,928 - <Logger pc.serial_sender (WARNING)>.command_queue - INFO - Queue Sent: Command Queued'<O>' for gesture 'Open_Palm' with confidence 0.61 on hand 'Left'.
2026-08-24 00:28:41,279 - <Logger pc.serial_sender (WARNING)>.command_queue - INFO - Queue Sent: Command Queued'<O>' for gesture 'Open_Palm' with confidence 0.62 on hand 'Left'.
2026-08-24 00:28:41,630 - <Logger pc.serial_sender (WARNING)>.command_queue - INFO - Queue Sent: Command Queued'<O>' for gesture 'Open_Palm' with confidence 0.62 on hand 'Left'.
2026-08-24 00:28:41,981 - <Logger pc.serial_sender (WARNING)>.command_queue - INFO - Queue Sent: Command Queued'<O>' for gesture 'Open_Palm' with confidence 0.62 on hand 'Left'.
2026-08-24 00:28:42,332 - <Logger pc.serial_sender (WARNING)>.command_queue - INFO - Queue Sent: Command Queued'<O>' for gesture 'Open_Palm' with confidence 0.62 on hand 'Left'.
2026-08-24 00:28:42,683 - <Logger pc.serial_sender (WARNING)>.command_queue - INFO - Queue Sent: Command Queued'<O>' for gesture 'Open_Palm' with confidence 0.62 on hand 'Left'.
2026-08-24 00:28:43,033 - <Logger pc.serial_sender (WARNING)>.command_queue - INFO - Queue Sent: Command Queued'<O>' for gesture 'Open_Palm' with confidence 0.60 on hand 'Left'.
2026-08-24 00:28:43,384 - <Logger pc.serial_sender (WARNING)>.command_queue - INFO - Queue Sent: Command Queued'<O>' for gesture 'Open_Palm' with confidence 0.62 on hand 'Left'.
2026-08-24 00:28:43,736 - <Logger pc.serial_sender (WARNING)>.command_queue - INFO - Queue Sent: Command Queued'<O>' for gesture 'Open_Palm' with confidence 0.61 on hand 'Left'.
2026-08-24 00:28:44,087 - <Logger pc.serial_sender (WARNING)>.command_queue - INFO - Queue Sent: Command Queued'<O>' for gesture 'Open_Palm' with confidence 0.61 on hand 'Left'.
2026-08-24 00:28:44,439 - <Logger pc.serial_sender (WARNING)>.command_queue - INFO - Queue Sent: Command Queued'<O>' for gesture 'Open_Palm' with confidence 0.62 on hand 'Left'.
2026-08-24 00:28:44,792 - <Logger pc.serial_sender (WARNING)>.command_queue - INFO - Queue Sent: Command Queued'<O>' for gesture 'Open_Palm' with confidence 0.60 on hand 'Left'.
2026-08-24 00:28:45,142 - <Logger pc.serial_sender (WARNING)>.command_queue - INFO - Queue Sent: Command Queued'<O>' for gesture 'Open_Palm' with confidence 0.59 on hand 'Left'.
2026-08-24 00:28:45,493 - <Logger pc.serial_sender (WARNING)>.command_queue - INFO - Queue Sent: Command Queued'<O>' for gesture 'Open_Palm' with confidence 0.59 on hand 'Left'.
2026-08-24 00:28:45,844 - <Logger pc.serial_sender (WARNING)>.command_queue - INFO - Queue Sent: Command Queued'<O>' for gesture 'Open_Palm' with confidence 0.60 on hand 'Left'.
2026-08-24 00:28:46,195 - <Logger pc.serial_sender (WARNING)>.command_queue - INFO - Queue Sent: Command Queued'<O>' for gesture 'Open_Palm' with confidence 0.59 on hand 'Left'.
2026-08-24 00:28:46,548 - <Logger pc.serial_sender (WARNING)>.command_queue - INFO - Queue Sent: Command Queued'<O>' for gesture 'Open_Palm' with confidence 0.60 on hand 'Left'.
2026-08-24 00:28:46,899 - <Logger pc.serial_sender (WARNING)>.command_queue - INFO - Queue Sent: Command Queued'<O>' for gesture 'Open_Palm' with confidence 0.60 on hand 'Left'.
2026-08-24 00:28:47,248 - <Logger pc.serial_sender (WARNING)>.command_queue - INFO - Queue Sent: Command Queued'<O>' for gesture 'Open_Palm' with confidence 0.60 on hand 'Left'.
2026-08-24 00:28:47,599 - <Logger pc.serial_sender (WARNING)>.command_queue - INFO - Queue Sent: Command Queued'<O>' for gesture 'Open_Palm' with confidence 0.60 on hand 'Left'.
2026-08-24 00:28:47,950 - <Logger pc.serial_sender (WARNING)>.command_queue - INFO - Queue Sent: Command Queued'<O>' for gesture 'Open_Palm' with confidence 0.60 on hand 'Left'.
2026-08-24 00:28:48,301 - <Logger pc.serial_sender (WARNING)>.command_queue - INFO - Queue Sent: Command Queued'<O>' for gesture 'Open_Palm' with confidence 0.60 on hand 'Left'.
2026-08-24 00:28:48,769 - <Logger pc.serial_sender (WARNING)>.command_queue - INFO - Queue Sent: Command Queued'<C>' for gesture 'Closed_Fist' with confidence 0.55 on hand 'Left'.
2026-08-24 00:28:49,120 - <Logger pc.serial_sender (WARNING)>.command_queue - INFO - Queue Sent: Command Queued'<C>' for gesture 'Closed_Fist' with confidence 0.72 on hand 'Left'.
2026-08-24 00:28:49,473 - <Logger pc.serial_sender (WARNING)>.command_queue - INFO - Queue Sent: Command Queued'<C>' for gesture 'Closed_Fist' with confidence 0.75 on hand 'Left'.
2026-08-24 00:28:49,823 - <Logger pc.serial_sender (WARNING)>.command_queue - INFO - Queue Sent: Command Queued'<C>' for gesture 'Closed_Fist' with confidence 0.74 on hand 'Left'.
2026-08-24 00:28:50,174 - <Logger pc.serial_sender (WARNING)>.command_queue - INFO - Queue Sent: Command Queued'<C>' for gesture 'Closed_Fist' with confidence 0.74 on hand 'Left'.
2026-08-24 00:28:50,523 - <Logger pc.serial_sender (WARNING)>.command_queue - INFO - Queue Sent: Command Queued'<C>' for gesture 'Closed_Fist' with confidence 0.75 on hand 'Left'.
2026-08-24 00:28:50,877 - <Logger pc.serial_sender (WARNING)>.command_queue - INFO - Queue Sent: Command Queued'<C>' for gesture 'Closed_Fist' with confidence 0.74 on hand 'Left'.
2026-08-24 00:28:51,226 - <Logger pc.serial_sender (WARNING)>.command_queue - INFO - Queue Sent: Command Queued'<C>' for gesture 'Closed_Fist' with confidence 0.75 on hand 'Left'.
2026-08-24 00:28:51,577 - <Logger pc.serial_sender (WARNING)>.command_queue - INFO - Queue Sent: Command Queued'<C>' for gesture 'Closed_Fist' with confidence 0.73 on hand 'Left'.
2026-08-24 00:28:51,929 - <Logger pc.serial_sender (WARNING)>.command_queue - INFO - Queue Sent: Command Queued'<C>' for gesture 'Closed_Fist' with confidence 0.75 on hand 'Left'.
2026-08-24 00:28:52,280 - <Logger pc.serial_sender (WARNING)>.command_queue - INFO - Queue Sent: Command Queued'<C>' for gesture 'Closed_Fist' with confidence 0.75 on hand 'Left'.
2026-08-24 00:28:52,630 - <Logger pc.serial_sender (WARNING)>.command_queue - INFO - Queue Sent: Command Queued'<C>' for gesture 'Closed_Fist' with confidence 0.76 on hand 'Left'.
2026-08-24 00:28:52,981 - <Logger pc.serial_sender (WARNING)>.command_queue - INFO - Queue Sent: Command Queued'<C>' for gesture 'Closed_Fist' with confidence 0.75 on hand 'Left'.
2026-08-24 00:28:53,332 - <Logger pc.serial_sender (WARNING)>.command_queue - INFO - Queue Sent: Command Queued'<C>' for gesture 'Closed_Fist' with confidence 0.75 on hand 'Left'.
2026-08-24 00:28:53,683 - <Logger pc.serial_sender (WARNING)>.command_queue - INFO - Queue Sent: Command Queued'<C>' for gesture 'Closed_Fist' with confidence 0.75 on hand 'Left'.
2026-08-24 00:28:54,034 - <Logger pc.serial_sender (WARNING)>.command_queue - INFO - Queue Sent: Command Queued'<C>' for gesture 'Closed_Fist' with confidence 0.75 on hand 'Left'.
2026-08-24 00:28:54,385 - <Logger pc.serial_sender (WARNING)>.command_queue - INFO - Queue Sent: Command Queued'<C>' for gesture 'Closed_Fist' with confidence 0.74 on hand 'Left'.
2026-08-24 00:28:54,736 - <Logger pc.serial_sender (WARNING)>.command_queue - INFO - Queue Sent: Command Queued'<C>' for gesture 'Closed_Fist' with confidence 0.75 on hand 'Left'.
2026-08-24 00:28:55,089 - <Logger pc.serial_sender (WARNING)>.command_queue - INFO - Queue Sent: Command Queued'<C>' for gesture 'Closed_Fist' with confidence 0.77 on hand 'Left'.
2026-08-24 00:28:55,439 - <Logger pc.serial_sender (WARNING)>.command_queue - INFO - Queue Sent: Command Queued'<C>' for gesture 'Closed_Fist' with confidence 0.77 on hand 'Left'.
2026-08-24 00:28:55,790 - <Logger pc.serial_sender (WARNING)>.command_queue - INFO - Queue Sent: Command Queued'<C>' for gesture 'Closed_Fist' with confidence 0.75 on hand 'Left'.
2026-08-24 00:28:56,141 - <Logger pc.serial_sender (WARNING)>.command_queue - INFO - Queue Sent: Command Queued'<C>' for gesture 'Closed_Fist' with confidence 0.76 on hand 'Left'.
2026-08-24 00:28:56,492 - <Logger pc.serial_sender (WARNING)>.command_queue - INFO - Queue Sent: Command Queued'<C>' for gesture 'Closed_Fist' with confidence 0.77 on hand 'Left'.
2026-08-24 00:28:56,843 - <Logger pc.serial_sender (WARNING)>.command_queue - INFO - Queue Sent: Command Queued'<C>' for gesture 'Closed_Fist' with confidence 0.75 on hand 'Left'.
2026-08-24 00:28:57,194 - <Logger pc.serial_sender (WARNING)>.command_queue - INFO - Queue Sent: Command Queued'<C>' for gesture 'Closed_Fist' with confidence 0.75 on hand 'Left'.
2026-08-24 00:28:57,545 - <Logger pc.serial_sender (WARNING)>.command_queue - INFO - Queue Sent: Command Queued'<C>' for gesture 'Closed_Fist' with confidence 0.74 on hand 'Left'.
2026-08-24 00:28:57,897 - <Logger pc.serial_sender (WARNING)>.command_queue - INFO - Queue Sent: Command Queued'<C>' for gesture 'Closed_Fist' with confidence 0.77 on hand 'Left'.
2026-08-24 00:28:58,248 - <Logger pc.serial_sender (WARNING)>.command_queue - INFO - Queue Sent: Command Queued'<C>' for gesture 'Closed_Fist' with confidence 0.76 on hand 'Left'.
2026-08-24 00:28:58,599 - <Logger pc.serial_sender (WARNING)>.command_queue - INFO - Queue Sent: Command Queued'<C>' for gesture 'Closed_Fist' with confidence 0.77 on hand 'Left'.
2026-08-24 00:28:58,950 - <Logger pc.serial_sender (WARNING)>.command_queue - INFO - Queue Sent: Command Queued'<C>' for gesture 'Closed_Fist' with confidence 0.77 on hand 'Left'.
2026-08-24 00:28:59,300 - <Logger pc.serial_sender (WARNING)>.command_queue - INFO - Queue Sent: Command Queued'<C>' for gesture 'Closed_Fist' with confidence 0.76 on hand 'Left'.
2026-08-24 00:28:59,651 - <Logger pc.serial_sender (WARNING)>.command_queue - INFO - Queue Sent: Command Queued'<C>' for gesture 'Closed_Fist' with confidence 0.75 on hand 'Left'.
2026-08-24 00:29:00,003 - <Logger pc.serial_sender (WARNING)>.command_queue - INFO - Queue Sent: Command Queued'<C>' for gesture 'Closed_Fist' with confidence 0.74 on hand 'Left'.
2026-08-24 00:29:00,354 - <Logger pc.serial_sender (WARNING)>.command_queue - INFO - Queue Sent: Command Queued'<C>' for gesture 'Closed_Fist' with confidence 0.76 on hand 'Left'.
2026-08-24 00:29:00,705 - <Logger pc.serial_sender (WARNING)>.command_queue - INFO - Queue Sent: Command Queued'<C>' for gesture 'Closed_Fist' with confidence 0.75 on hand 'Left'.
2026-08-24 00:29:01,055 - <Logger pc.serial_sender (WARNING)>.command_queue - INFO - Queue Sent: Command Queued'<C>' for gesture 'Closed_Fist' with confidence 0.75 on hand 'Left'.
2026-08-24 00:29:01,406 - <Logger pc.serial_sender (WARNING)>.command_queue - INFO - Queue Sent: Command Queued'<C>' for gesture 'Closed_Fist' with confidence 0.76 on hand 'Left'.
2026-08-24 00:29:01,758 - <Logger pc.serial_sender (WARNING)>.command_queue - INFO - Queue Sent: Command Queued'<C>' for gesture 'Closed_Fist' with confidence 0.75 on hand 'Left'.
2026-08-24 00:29:02,108 - <Logger pc.serial_sender (WARNING)>.command_queue - INFO - Queue Sent: Command Queued'<C>' for gesture 'Closed_Fist' with confidence 0.75 on hand 'Left'.
2026-08-24 00:29:02,460 - <Logger pc.serial_sender (WARNING)>.command_queue - INFO - Queue Sent: Command Queued'<C>' for gesture 'Closed_Fist' with confidence 0.76 on hand 'Left'.
2026-08-24 00:29:02,810 - <Logger pc.serial_sender (WARNING)>.command_queue - INFO - Queue Sent: Command Queued'<C>' for gesture 'Closed_Fist' with confidence 0.76 on hand 'Left'.
2026-08-24 00:29:03,161 - <Logger pc.serial_sender (WARNING)>.command_queue - INFO - Queue Sent: Command Queued'<C>' for gesture 'Closed_Fist' with confidence 0.76 on hand 'Left'.
2026-08-24 00:29:03,513 - <Logger pc.serial_sender (WARNING)>.command_queue - INFO - Queue Sent: Command Queued'<C>' for gesture 'Closed_Fist' with confidence 0.77 on hand 'Left'.
2026-08-24 00:29:03,864 - <Logger pc.serial_sender (WARNING)>.command_queue - INFO - Queue Sent: Command Queued'<C>' for gesture 'Closed_Fist' with confidence 0.74 on hand 'Left'.
2026-08-24 00:29:04,215 - <Logger pc.serial_sender (WARNING)>.command_queue - INFO - Queue Sent: Command Queued'<C>' for gesture 'Closed_Fist' with confidence 0.74 on hand 'Left'.
2026-08-24 00:29:04,566 - <Logger pc.serial_sender (WARNING)>.command_queue - INFO - Queue Sent: Command Queued'<C>' for gesture 'Closed_Fist' with confidence 0.78 on hand 'Left'.
2026-08-24 00:29:04,916 - <Logger pc.serial_sender (WARNING)>.command_queue - INFO - Queue Sent: Command Queued'<C>' for gesture 'Closed_Fist' with confidence 0.77 on hand 'Left'.
2026-08-24 00:29:05,268 - <Logger pc.serial_sender (WARNING)>.command_queue - INFO - Queue Sent: Command Queued'<C>' for gesture 'Closed_Fist' with confidence 0.77 on hand 'Left'.
2026-08-24 00:29:05,619 - <Logger pc.serial_sender (WARNING)>.command_queue - INFO - Queue Sent: Command Queued'<C>' for gesture 'Closed_Fist' with confidence 0.76 on hand 'Left'.
2026-08-24 00:29:05,971 - <Logger pc.serial_sender (WARNING)>.command_queue - INFO - Queue Sent: Command Queued'<C>' for gesture 'Closed_Fist' with confidence 0.76 on hand 'Left'.
2026-08-24 00:29:06,321 - <Logger pc.serial_sender (WARNING)>.command_queue - INFO - Queue Sent: Command Queued'<C>' for gesture 'Closed_Fist' with confidence 0.77 on hand 'Left'.
2026-08-24 00:29:06,673 - <Logger pc.serial_sender (WARNING)>.command_queue - INFO - Queue Sent: Command Queued'<C>' for gesture 'Closed_Fist' with confidence 0.76 on hand 'Left'.
2026-08-24 00:29:07,023 - <Logger pc.serial_sender (WARNING)>.command_queue - INFO - Queue Sent: Command Queued'<C>' for gesture 'Closed_Fist' with confidence 0.76 on hand 'Left'.
2026-08-24 00:29:07,374 - <Logger pc.serial_sender (WARNING)>.command_queue - INFO - Queue Sent: Command Queued'<C>' for gesture 'Closed_Fist' with confidence 0.75 on hand 'Left'.
2026-08-24 00:29:07,724 - <Logger pc.serial_sender (WARNING)>.command_queue - INFO - Queue Sent: Command Queued'<C>' for gesture 'Closed_Fist' with confidence 0.75 on hand 'Left'.
2026-08-24 00:29:08,077 - <Logger pc.serial_sender (WARNING)>.command_queue - INFO - Queue Sent: Command Queued'<C>' for gesture 'Closed_Fist' with confidence 0.75 on hand 'Left'.
2026-08-24 00:29:08,428 - <Logger pc.serial_sender (WARNING)>.command_queue - INFO - Queue Sent: Command Queued'<C>' for gesture 'Closed_Fist' with confidence 0.77 on hand 'Left'.
2026-08-24 00:29:08,838 - <Logger pc.serial_sender (WARNING)>.command_queue - INFO - Queue Sent: Command Queued'<U>' for gesture 'Thumb_Up' with confidence 0.69 on hand 'Left'.
2026-08-24 00:29:09,189 - <Logger pc.serial_sender (WARNING)>.command_queue - INFO - Queue Sent: Command Queued'<U>' for gesture 'Thumb_Up' with confidence 0.63 on hand 'Left'.
2026-08-24 00:29:09,540 - <Logger pc.serial_sender (WARNING)>.command_queue - INFO - Queue Sent: Command Queued'<U>' for gesture 'Thumb_Up' with confidence 0.63 on hand 'Left'.
2026-08-24 00:29:09,891 - <Logger pc.serial_sender (WARNING)>.command_queue - INFO - Queue Sent: Command Queued'<U>' for gesture 'Thumb_Up' with confidence 0.64 on hand 'Left'.
2026-08-24 00:29:10,241 - <Logger pc.serial_sender (WARNING)>.command_queue - INFO - Queue Sent: Command Queued'<U>' for gesture 'Thumb_Up' with confidence 0.64 on hand 'Left'.
2026-08-24 00:29:10,592 - <Logger pc.serial_sender (WARNING)>.command_queue - INFO - Queue Sent: Command Queued'<U>' for gesture 'Thumb_Up' with confidence 0.64 on hand 'Left'.
2026-08-24 00:29:10,943 - <Logger pc.serial_sender (WARNING)>.command_queue - INFO - Queue Sent: Command Queued'<U>' for gesture 'Thumb_Up' with confidence 0.64 on hand 'Left'.
2026-08-24 00:29:11,294 - <Logger pc.serial_sender (WARNING)>.command_queue - INFO - Queue Sent: Command Queued'<U>' for gesture 'Thumb_Up' with confidence 0.64 on hand 'Left'.
2026-08-24 00:29:11,645 - <Logger pc.serial_sender (WARNING)>.command_queue - INFO - Queue Sent: Command Queued'<U>' for gesture 'Thumb_Up' with confidence 0.65 on hand 'Left'.
2026-08-24 00:29:11,996 - <Logger pc.serial_sender (WARNING)>.command_queue - INFO - Queue Sent: Command Queued'<U>' for gesture 'Thumb_Up' with confidence 0.65 on hand 'Left'.
2026-08-24 00:29:12,347 - <Logger pc.serial_sender (WARNING)>.command_queue - INFO - Queue Sent: Command Queued'<U>' for gesture 'Thumb_Up' with confidence 0.65 on hand 'Left'.
2026-08-24 00:29:12,698 - <Logger pc.serial_sender (WARNING)>.command_queue - INFO - Queue Sent: Command Queued'<U>' for gesture 'Thumb_Up' with confidence 0.65 on hand 'Left'.
2026-08-24 00:29:13,050 - <Logger pc.serial_sender (WARNING)>.command_queue - INFO - Queue Sent: Command Queued'<U>' for gesture 'Thumb_Up' with confidence 0.64 on hand 'Left'.
2026-08-24 00:29:13,401 - <Logger pc.serial_sender (WARNING)>.command_queue - INFO - Queue Sent: Command Queued'<U>' for gesture 'Thumb_Up' with confidence 0.67 on hand 'Left'.
2026-08-24 00:29:13,752 - <Logger pc.serial_sender (WARNING)>.command_queue - INFO - Queue Sent: Command Queued'<U>' for gesture 'Thumb_Up' with confidence 0.66 on hand 'Left'.
2026-08-24 00:29:14,104 - <Logger pc.serial_sender (WARNING)>.command_queue - INFO - Queue Sent: Command Queued'<U>' for gesture 'Thumb_Up' with confidence 0.63 on hand 'Left'.
2026-08-24 00:29:14,455 - <Logger pc.serial_sender (WARNING)>.command_queue - INFO - Queue Sent: Command Queued'<U>' for gesture 'Thumb_Up' with confidence 0.62 on hand 'Left'.
2026-08-24 00:29:14,805 - <Logger pc.serial_sender (WARNING)>.command_queue - INFO - Queue Sent: Command Queued'<U>' for gesture 'Thumb_Up' with confidence 0.65 on hand 'Left'.
2026-08-24 00:29:15,157 - <Logger pc.serial_sender (WARNING)>.command_queue - INFO - Queue Sent: Command Queued'<U>' for gesture 'Thumb_Up' with confidence 0.61 on hand 'Left'.
2026-08-24 00:29:15,507 - <Logger pc.serial_sender (WARNING)>.command_queue - INFO - Queue Sent: Command Queued'<U>' for gesture 'Thumb_Up' with confidence 0.58 on hand 'Left'.
2026-08-24 00:29:15,859 - <Logger pc.serial_sender (WARNING)>.command_queue - INFO - Queue Sent: Command Queued'<U>' for gesture 'Thumb_Up' with confidence 0.61 on hand 'Left'.
2026-08-24 00:29:16,210 - <Logger pc.serial_sender (WARNING)>.command_queue - INFO - Queue Sent: Command Queued'<U>' for gesture 'Thumb_Up' with confidence 0.60 on hand 'Left'.
2026-08-24 00:29:16,560 - <Logger pc.serial_sender (WARNING)>.command_queue - INFO - Queue Sent: Command Queued'<U>' for gesture 'Thumb_Up' with confidence 0.63 on hand 'Left'.
2026-08-24 00:29:16,911 - <Logger pc.serial_sender (WARNING)>.command_queue - INFO - Queue Sent: Command Queued'<U>' for gesture 'Thumb_Up' with confidence 0.58 on hand 'Left'.
2026-08-24 00:29:17,263 - <Logger pc.serial_sender (WARNING)>.command_queue - INFO - Queue Sent: Command Queued'<U>' for gesture 'Thumb_Up' with confidence 0.60 on hand 'Left'.
2026-08-24 00:29:17,613 - <Logger pc.serial_sender (WARNING)>.command_queue - INFO - Queue Sent: Command Queued'<U>' for gesture 'Thumb_Up' with confidence 0.61 on hand 'Left'.
2026-08-24 00:29:17,965 - <Logger pc.serial_sender (WARNING)>.command_queue - INFO - Queue Sent: Command Queued'<U>' for gesture 'Thumb_Up' with confidence 0.64 on hand 'Left'.
2026-08-24 00:29:18,316 - <Logger pc.serial_sender (WARNING)>.command_queue - INFO - Queue Sent: Command Queued'<U>' for gesture 'Thumb_Up' with confidence 0.63 on hand 'Left'.
2026-08-24 00:29:18,667 - <Logger pc.serial_sender (WARNING)>.command_queue - INFO - Queue Sent: Command Queued'<U>' for gesture 'Thumb_Up' with confidence 0.66 on hand 'Left'.
2026-08-24 00:29:19,016 - <Logger pc.serial_sender (WARNING)>.command_queue - INFO - Queue Sent: Command Queued'<U>' for gesture 'Thumb_Up' with confidence 0.65 on hand 'Left'.
2026-08-24 00:29:19,369 - <Logger pc.serial_sender (WARNING)>.command_queue - INFO - Queue Sent: Command Queued'<U>' for gesture 'Thumb_Up' with confidence 0.65 on hand 'Left'.
2026-08-24 00:29:19,722 - <Logger pc.serial_sender (WARNING)>.command_queue - INFO - Queue Sent: Command Queued'<U>' for gesture 'Thumb_Up' with confidence 0.65 on hand 'Left'.
2026-08-24 00:29:20,071 - <Logger pc.serial_sender (WARNING)>.command_queue - INFO - Queue Sent: Command Queued'<U>' for gesture 'Thumb_Up' with confidence 0.64 on hand 'Left'.
2026-08-24 00:29:20,422 - <Logger pc.serial_sender (WARNING)>.command_queue - INFO - Queue Sent: Command Queued'<U>' for gesture 'Thumb_Up' with confidence 0.63 on hand 'Left'.
2026-08-24 00:29:20,772 - <Logger pc.serial_sender (WARNING)>.command_queue - INFO - Queue Sent: Command Queued'<U>' for gesture 'Thumb_Up' with confidence 0.64 on hand 'Left'.
2026-08-24 00:29:21,124 - <Logger pc.serial_sender (WARNING)>.command_queue - INFO - Queue Sent: Command Queued'<U>' for gesture 'Thumb_Up' with confidence 0.61 on hand 'Left'.
2026-08-24 00:29:21,475 - <Logger pc.serial_sender (WARNING)>.command_queue - INFO - Queue Sent: Command Queued'<U>' for gesture 'Thumb_Up' with confidence 0.72 on hand 'Left'.
2026-08-24 00:29:21,827 - <Logger pc.serial_sender (WARNING)>.command_queue - INFO - Queue Sent: Command Queued'<U>' for gesture 'Thumb_Up' with confidence 0.71 on hand 'Left'.
2026-08-24 00:29:22,177 - <Logger pc.serial_sender (WARNING)>.command_queue - INFO - Queue Sent: Command Queued'<U>' for gesture 'Thumb_Up' with confidence 0.70 on hand 'Left'.
2026-08-24 00:29:22,528 - <Logger pc.serial_sender (WARNING)>.command_queue - INFO - Queue Sent: Command Queued'<U>' for gesture 'Thumb_Up' with confidence 0.71 on hand 'Left'.
2026-08-24 00:29:22,879 - <Logger pc.serial_sender (WARNING)>.command_queue - INFO - Queue Sent: Command Queued'<U>' for gesture 'Thumb_Up' with confidence 0.72 on hand 'Left'.
2026-08-24 00:29:23,229 - <Logger pc.serial_sender (WARNING)>.command_queue - INFO - Queue Sent: Command Queued'<U>' for gesture 'Thumb_Up' with confidence 0.71 on hand 'Left'.
2026-08-24 00:29:23,581 - <Logger pc.serial_sender (WARNING)>.command_queue - INFO - Queue Sent: Command Queued'<U>' for gesture 'Thumb_Up' with confidence 0.70 on hand 'Left'.
2026-08-24 00:29:23,935 - <Logger pc.serial_sender (WARNING)>.command_queue - INFO - Queue Sent: Command Queued'<U>' for gesture 'Thumb_Up' with confidence 0.71 on hand 'Left'.
2026-08-24 00:29:24,284 - <Logger pc.serial_sender (WARNING)>.command_queue - INFO - Queue Sent: Command Queued'<U>' for gesture 'Thumb_Up' with confidence 0.71 on hand 'Left'.
2026-08-24 00:29:24,634 - <Logger pc.serial_sender (WARNING)>.command_queue - INFO - Queue Sent: Command Queued'<U>' for gesture 'Thumb_Up' with confidence 0.71 on hand 'Left'.
2026-08-24 00:29:24,985 - <Logger pc.serial_sender (WARNING)>.command_queue - INFO - Queue Sent: Command Queued'<U>' for gesture 'Thumb_Up' with confidence 0.71 on hand 'Left'.
2026-08-24 00:29:25,336 - <Logger pc.serial_sender (WARNING)>.command_queue - INFO - Queue Sent: Command Queued'<U>' for gesture 'Thumb_Up' with confidence 0.70 on hand 'Left'.
2026-08-24 00:29:25,688 - <Logger pc.serial_sender (WARNING)>.command_queue - INFO - Queue Sent: Command Queued'<U>' for gesture 'Thumb_Up' with confidence 0.70 on hand 'Left'.
2026-08-24 00:29:26,039 - <Logger pc.serial_sender (WARNING)>.command_queue - INFO - Queue Sent: Command Queued'<U>' for gesture 'Thumb_Up' with confidence 0.70 on hand 'Left'.
2026-08-24 00:29:26,390 - <Logger pc.serial_sender (WARNING)>.command_queue - INFO - Queue Sent: Command Queued'<U>' for gesture 'Thumb_Up' with confidence 0.71 on hand 'Left'.
2026-08-24 00:29:26,740 - <Logger pc.serial_sender (WARNING)>.command_queue - INFO - Queue Sent: Command Queued'<U>' for gesture 'Thumb_Up' with confidence 0.71 on hand 'Left'.
2026-08-24 00:29:27,092 - <Logger pc.serial_sender (WARNING)>.command_queue - INFO - Queue Sent: Command Queued'<U>' for gesture 'Thumb_Up' with confidence 0.71 on hand 'Left'.
2026-08-24 00:29:27,443 - <Logger pc.serial_sender (WARNING)>.command_queue - INFO - Queue Sent: Command Queued'<U>' for gesture 'Thumb_Up' with confidence 0.69 on hand 'Left'.
2026-08-24 00:29:27,794 - <Logger pc.serial_sender (WARNING)>.command_queue - INFO - Queue Sent: Command Queued'<U>' for gesture 'Thumb_Up' with confidence 0.69 on hand 'Left'.
2026-08-24 00:29:28,145 - <Logger pc.serial_sender (WARNING)>.command_queue - INFO - Queue Sent: Command Queued'<U>' for gesture 'Thumb_Up' with confidence 0.70 on hand 'Left'.
2026-08-24 00:29:28,496 - <Logger pc.serial_sender (WARNING)>.command_queue - INFO - Queue Sent: Command Queued'<U>' for gesture 'Thumb_Up' with confidence 0.70 on hand 'Left'.
2026-08-24 00:29:28,847 - <Logger pc.serial_sender (WARNING)>.command_queue - INFO - Queue Sent: Command Queued'<U>' for gesture 'Thumb_Up' with confidence 0.71 on hand 'Left'.
2026-08-24 00:29:29,198 - <Logger pc.serial_sender (WARNING)>.command_queue - INFO - Queue Sent: Command Queued'<U>' for gesture 'Thumb_Up' with confidence 0.70 on hand 'Left'.
2026-08-24 00:29:29,549 - <Logger pc.serial_sender (WARNING)>.command_queue - INFO - Queue Sent: Command Queued'<U>' for gesture 'Thumb_Up' with confidence 0.70 on hand 'Left'.
2026-08-24 00:29:29,901 - <Logger pc.serial_sender (WARNING)>.command_queue - INFO - Queue Sent: Command Queued'<U>' for gesture 'Thumb_Up' with confidence 0.70 on hand 'Left'.
2026-08-24 00:29:30,252 - <Logger pc.serial_sender (WARNING)>.command_queue - INFO - Queue Sent: Command Queued'<U>' for gesture 'Thumb_Up' with confidence 0.70 on hand 'Left'.
2026-08-24 00:29:30,602 - <Logger pc.serial_sender (WARNING)>.command_queue - INFO - Queue Sent: Command Queued'<U>' for gesture 'Thumb_Up' with confidence 0.70 on hand 'Left'.
2026-08-24 00:29:30,953 - <Logger pc.serial_sender (WARNING)>.command_queue - INFO - Queue Sent: Command Queued'<U>' for gesture 'Thumb_Up' with confidence 0.70 on hand 'Left'.
2026-08-24 00:29:31,304 - <Logger pc.serial_sender (WARNING)>.command_queue - INFO - Queue Sent: Command Queued'<U>' for gesture 'Thumb_Up' with confidence 0.71 on hand 'Left'.
2026-08-24 00:29:31,656 - <Logger pc.serial_sender (WARNING)>.command_queue - INFO - Queue Sent: Command Queued'<U>' for gesture 'Thumb_Up' with confidence 0.70 on hand 'Left'.
2026-08-24 00:29:32,006 - <Logger pc.serial_sender (WARNING)>.command_queue - INFO - Queue Sent: Command Queued'<U>' for gesture 'Thumb_Up' with confidence 0.71 on hand 'Left'.
2026-08-24 00:29:32,357 - <Logger pc.serial_sender (WARNING)>.command_queue - INFO - Queue Sent: Command Queued'<U>' for gesture 'Thumb_Up' with confidence 0.70 on hand 'Left'.
2026-08-24 00:29:32,709 - <Logger pc.serial_sender (WARNING)>.command_queue - INFO - Queue Sent: Command Queued'<U>' for gesture 'Thumb_Up' with confidence 0.70 on hand 'Left'.
2026-08-24 00:29:33,059 - <Logger pc.serial_sender (WARNING)>.command_queue - INFO - Queue Sent: Command Queued'<U>' for gesture 'Thumb_Up' with confidence 0.70 on hand 'Left'.
2026-08-24 00:29:33,410 - <Logger pc.serial_sender (WARNING)>.command_queue - INFO - Queue Sent: Command Queued'<U>' for gesture 'Thumb_Up' with confidence 0.71 on hand 'Left'.
2026-08-24 00:29:33,761 - <Logger pc.serial_sender (WARNING)>.command_queue - INFO - Queue Sent: Command Queued'<U>' for gesture 'Thumb_Up' with confidence 0.72 on hand 'Left'.
2026-08-24 00:29:34,171 - <Logger pc.serial_sender (WARNING)>.command_queue - INFO - Queue Sent: Command Queued'<P>' for gesture 'Pointing_Up' with confidence 0.67 on hand 'Left'.
2026-08-24 00:29:34,523 - <Logger pc.serial_sender (WARNING)>.command_queue - INFO - Queue Sent: Command Queued'<P>' for gesture 'Pointing_Up' with confidence 0.65 on hand 'Left'.
2026-08-24 00:29:34,874 - <Logger pc.serial_sender (WARNING)>.command_queue - INFO - Queue Sent: Command Queued'<P>' for gesture 'Pointing_Up' with confidence 0.60 on hand 'Left'.
2026-08-24 00:29:35,223 - <Logger pc.serial_sender (WARNING)>.command_queue - INFO - Queue Sent: Command Queued'<P>' for gesture 'Pointing_Up' with confidence 0.61 on hand 'Left'.
2026-08-24 00:29:35,574 - <Logger pc.serial_sender (WARNING)>.command_queue - INFO - Queue Sent: Command Queued'<P>' for gesture 'Pointing_Up' with confidence 0.60 on hand 'Left'.
2026-08-24 00:29:35,926 - <Logger pc.serial_sender (WARNING)>.command_queue - INFO - Queue Sent: Command Queued'<P>' for gesture 'Pointing_Up' with confidence 0.66 on hand 'Left'.
2026-08-24 00:29:36,276 - <Logger pc.serial_sender (WARNING)>.command_queue - INFO - Queue Sent: Command Queued'<P>' for gesture 'Pointing_Up' with confidence 0.66 on hand 'Left'.
2026-08-24 00:29:36,627 - <Logger pc.serial_sender (WARNING)>.command_queue - INFO - Queue Sent: Command Queued'<P>' for gesture 'Pointing_Up' with confidence 0.65 on hand 'Left'.
2026-08-24 00:29:36,980 - <Logger pc.serial_sender (WARNING)>.command_queue - INFO - Queue Sent: Command Queued'<P>' for gesture 'Pointing_Up' with confidence 0.68 on hand 'Left'.
2026-08-24 00:29:37,331 - <Logger pc.serial_sender (WARNING)>.command_queue - INFO - Queue Sent: Command Queued'<P>' for gesture 'Pointing_Up' with confidence 0.70 on hand 'Left'.
2026-08-24 00:29:37,681 - <Logger pc.serial_sender (WARNING)>.command_queue - INFO - Queue Sent: Command Queued'<P>' for gesture 'Pointing_Up' with confidence 0.73 on hand 'Left'.
2026-08-24 00:29:38,031 - <Logger pc.serial_sender (WARNING)>.command_queue - INFO - Queue Sent: Command Queued'<P>' for gesture 'Pointing_Up' with confidence 0.68 on hand 'Left'.
2026-08-24 00:29:38,384 - <Logger pc.serial_sender (WARNING)>.command_queue - INFO - Queue Sent: Command Queued'<P>' for gesture 'Pointing_Up' with confidence 0.71 on hand 'Left'.
2026-08-24 00:29:38,733 - <Logger pc.serial_sender (WARNING)>.command_queue - INFO - Queue Sent: Command Queued'<P>' for gesture 'Pointing_Up' with confidence 0.59 on hand 'Left'.
2026-08-24 00:29:39,085 - <Logger pc.serial_sender (WARNING)>.command_queue - INFO - Queue Sent: Command Queued'<P>' for gesture 'Pointing_Up' with confidence 0.71 on hand 'Left'.
2026-08-24 00:29:39,437 - <Logger pc.serial_sender (WARNING)>.command_queue - INFO - Queue Sent: Command Queued'<P>' for gesture 'Pointing_Up' with confidence 0.70 on hand 'Left'.
2026-08-24 00:29:39,788 - <Logger pc.serial_sender (WARNING)>.command_queue - INFO - Queue Sent: Command Queued'<P>' for gesture 'Pointing_Up' with confidence 0.69 on hand 'Left'.
2026-08-24 00:29:40,139 - <Logger pc.serial_sender (WARNING)>.command_queue - INFO - Queue Sent: Command Queued'<P>' for gesture 'Pointing_Up' with confidence 0.67 on hand 'Left'.
2026-08-24 00:29:40,490 - <Logger pc.serial_sender (WARNING)>.command_queue - INFO - Queue Sent: Command Queued'<P>' for gesture 'Pointing_Up' with confidence 0.66 on hand 'Left'.
2026-08-24 00:29:40,841 - <Logger pc.serial_sender (WARNING)>.command_queue - INFO - Queue Sent: Command Queued'<P>' for gesture 'Pointing_Up' with confidence 0.71 on hand 'Left'.
2026-08-24 00:29:41,192 - <Logger pc.serial_sender (WARNING)>.command_queue - INFO - Queue Sent: Command Queued'<P>' for gesture 'Pointing_Up' with confidence 0.69 on hand 'Left'.
2026-08-24 00:29:41,543 - <Logger pc.serial_sender (WARNING)>.command_queue - INFO - Queue Sent: Command Queued'<P>' for gesture 'Pointing_Up' with confidence 0.67 on hand 'Left'.
2026-08-24 00:29:41,894 - <Logger pc.serial_sender (WARNING)>.command_queue - INFO - Queue Sent: Command Queued'<P>' for gesture 'Pointing_Up' with confidence 0.70 on hand 'Left'.
2026-08-24 00:29:42,245 - <Logger pc.serial_sender (WARNING)>.command_queue - INFO - Queue Sent: Command Queued'<P>' for gesture 'Pointing_Up' with confidence 0.66 on hand 'Left'.
2026-08-24 00:29:42,596 - <Logger pc.serial_sender (WARNING)>.command_queue - INFO - Queue Sent: Command Queued'<P>' for gesture 'Pointing_Up' with confidence 0.72 on hand 'Left'.
2026-08-24 00:29:42,964 - <Logger pc.serial_sender (WARNING)>.command_queue - INFO - Queue Sent: Command Queued'<P>' for gesture 'Pointing_Up' with confidence 0.67 on hand 'Left'.
2026-08-24 00:29:43,298 - <Logger pc.serial_sender (WARNING)>.command_queue - INFO - Queue Sent: Command Queued'<P>' for gesture 'Pointing_Up' with confidence 0.66 on hand 'Left'.
2026-08-24 00:29:43,649 - <Logger pc.serial_sender (WARNING)>.command_queue - INFO - Queue Sent: Command Queued'<P>' for gesture 'Pointing_Up' with confidence 0.66 on hand 'Left'.
2026-08-24 00:29:44,000 - <Logger pc.serial_sender (WARNING)>.command_queue - INFO - Queue Sent: Command Queued'<P>' for gesture 'Pointing_Up' with confidence 0.68 on hand 'Left'.
2026-08-24 00:29:44,352 - <Logger pc.serial_sender (WARNING)>.command_queue - INFO - Queue Sent: Command Queued'<P>' for gesture 'Pointing_Up' with confidence 0.61 on hand 'Left'.
2026-08-24 00:29:44,706 - <Logger pc.serial_sender (WARNING)>.command_queue - INFO - Queue Sent: Command Queued'<P>' for gesture 'Pointing_Up' with confidence 0.71 on hand 'Left'.
2026-08-24 00:29:45,053 - <Logger pc.serial_sender (WARNING)>.command_queue - INFO - Queue Sent: Command Queued'<P>' for gesture 'Pointing_Up' with confidence 0.68 on hand 'Left'.
2026-08-24 00:29:45,405 - <Logger pc.serial_sender (WARNING)>.command_queue - INFO - Queue Sent: Command Queued'<P>' for gesture 'Pointing_Up' with confidence 0.67 on hand 'Left'.
2026-08-24 00:29:45,755 - <Logger pc.serial_sender (WARNING)>.command_queue - INFO - Queue Sent: Command Queued'<P>' for gesture 'Pointing_Up' with confidence 0.67 on hand 'Left'.
2026-08-24 00:29:46,106 - <Logger pc.serial_sender (WARNING)>.command_queue - INFO - Queue Sent: Command Queued'<P>' for gesture 'Pointing_Up' with confidence 0.69 on hand 'Left'.
2026-08-24 00:29:46,457 - <Logger pc.serial_sender (WARNING)>.command_queue - INFO - Queue Sent: Command Queued'<P>' for gesture 'Pointing_Up' with confidence 0.64 on hand 'Left'.
2026-08-24 00:29:46,808 - <Logger pc.serial_sender (WARNING)>.command_queue - INFO - Queue Sent: Command Queued'<P>' for gesture 'Pointing_Up' with confidence 0.71 on hand 'Left'.
2026-08-24 00:29:47,160 - <Logger pc.serial_sender (WARNING)>.command_queue - INFO - Queue Sent: Command Queued'<P>' for gesture 'Pointing_Up' with confidence 0.69 on hand 'Left'.
2026-08-24 00:29:47,510 - <Logger pc.serial_sender (WARNING)>.command_queue - INFO - Queue Sent: Command Queued'<P>' for gesture 'Pointing_Up' with confidence 0.66 on hand 'Left'.
2026-08-24 00:29:47,861 - <Logger pc.serial_sender (WARNING)>.command_queue - INFO - Queue Sent: Command Queued'<P>' for gesture 'Pointing_Up' with confidence 0.70 on hand 'Left'.
2026-08-24 00:29:48,213 - <Logger pc.serial_sender (WARNING)>.command_queue - INFO - Queue Sent: Command Queued'<P>' for gesture 'Pointing_Up' with confidence 0.71 on hand 'Left'.
2026-08-24 00:29:48,564 - <Logger pc.serial_sender (WARNING)>.command_queue - INFO - Queue Sent: Command Queued'<P>' for gesture 'Pointing_Up' with confidence 0.72 on hand 'Left'.
2026-08-24 00:29:48,914 - <Logger pc.serial_sender (WARNING)>.command_queue - INFO - Queue Sent: Command Queued'<P>' for gesture 'Pointing_Up' with confidence 0.65 on hand 'Left'.
2026-08-24 00:29:49,266 - <Logger pc.serial_sender (WARNING)>.command_queue - INFO - Queue Sent: Command Queued'<P>' for gesture 'Pointing_Up' with confidence 0.64 on hand 'Left'.
2026-08-24 00:29:49,618 - <Logger pc.serial_sender (WARNING)>.command_queue - INFO - Queue Sent: Command Queued'<P>' for gesture 'Pointing_Up' with confidence 0.63 on hand 'Left'.
2026-08-24 00:29:49,968 - <Logger pc.serial_sender (WARNING)>.command_queue - INFO - Queue Sent: Command Queued'<P>' for gesture 'Pointing_Up' with confidence 0.71 on hand 'Left'.
2026-08-24 00:29:50,318 - <Logger pc.serial_sender (WARNING)>.command_queue - INFO - Queue Sent: Command Queued'<P>' for gesture 'Pointing_Up' with confidence 0.70 on hand 'Left'.
2026-08-24 00:29:50,670 - <Logger pc.serial_sender (WARNING)>.command_queue - INFO - Queue Sent: Command Queued'<P>' for gesture 'Pointing_Up' with confidence 0.68 on hand 'Left'.
2026-08-24 00:29:51,021 - <Logger pc.serial_sender (WARNING)>.command_queue - INFO - Queue Sent: Command Queued'<P>' for gesture 'Pointing_Up' with confidence 0.73 on hand 'Left'.
2026-08-24 00:29:51,372 - <Logger pc.serial_sender (WARNING)>.command_queue - INFO - Queue Sent: Command Queued'<P>' for gesture 'Pointing_Up' with confidence 0.70 on hand 'Left'.
2026-08-24 00:29:51,723 - <Logger pc.serial_sender (WARNING)>.command_queue - INFO - Queue Sent: Command Queued'<P>' for gesture 'Pointing_Up' with confidence 0.71 on hand 'Left'.
2026-08-24 00:29:52,074 - <Logger pc.serial_sender (WARNING)>.command_queue - INFO - Queue Sent: Command Queued'<P>' for gesture 'Pointing_Up' with confidence 0.68 on hand 'Left'.
2026-08-24 00:29:52,425 - <Logger pc.serial_sender (WARNING)>.command_queue - INFO - Queue Sent: Command Queued'<P>' for gesture 'Pointing_Up' with confidence 0.70 on hand 'Left'.
2026-08-24 00:29:52,776 - <Logger pc.serial_sender (WARNING)>.command_queue - INFO - Queue Sent: Command Queued'<P>' for gesture 'Pointing_Up' with confidence 0.70 on hand 'Left'.
2026-08-24 00:29:53,130 - <Logger pc.serial_sender (WARNING)>.command_queue - INFO - Queue Sent: Command Queued'<P>' for gesture 'Pointing_Up' with confidence 0.68 on hand 'Left'.
2026-08-24 00:29:53,478 - <Logger pc.serial_sender (WARNING)>.command_queue - INFO - Queue Sent: Command Queued'<P>' for gesture 'Pointing_Up' with confidence 0.66 on hand 'Left'.
2026-08-24 00:29:53,830 - <Logger pc.serial_sender (WARNING)>.command_queue - INFO - Queue Sent: Command Queued'<P>' for gesture 'Pointing_Up' with confidence 0.68 on hand 'Left'.
2026-08-24 00:29:54,180 - <Logger pc.serial_sender (WARNING)>.command_queue - INFO - Queue Sent: Command Queued'<P>' for gesture 'Pointing_Up' with confidence 0.69 on hand 'Left'.
2026-08-24 00:29:54,530 - <Logger pc.serial_sender (WARNING)>.command_queue - INFO - Queue Sent: Command Queued'<P>' for gesture 'Pointing_Up' with confidence 0.65 on hand 'Left'.
2026-08-24 00:29:54,882 - <Logger pc.serial_sender (WARNING)>.command_queue - INFO - Queue Sent: Command Queued'<P>' for gesture 'Pointing_Up' with confidence 0.69 on hand 'Left'.
2026-08-24 00:29:55,233 - <Logger pc.serial_sender (WARNING)>.command_queue - INFO - Queue Sent: Command Queued'<P>' for gesture 'Pointing_Up' with confidence 0.62 on hand 'Left'.
2026-08-24 00:29:55,584 - <Logger pc.serial_sender (WARNING)>.command_queue - INFO - Queue Sent: Command Queued'<P>' for gesture 'Pointing_Up' with confidence 0.68 on hand 'Left'.
2026-08-24 00:29:55,934 - <Logger pc.serial_sender (WARNING)>.command_queue - INFO - Queue Sent: Command Queued'<P>' for gesture 'Pointing_Up' with confidence 0.69 on hand 'Left'.
2026-08-24 00:29:56,285 - <Logger pc.serial_sender (WARNING)>.command_queue - INFO - Queue Sent: Command Queued'<P>' for gesture 'Pointing_Up' with confidence 0.68 on hand 'Left'.
2026-08-24 00:29:56,638 - <Logger pc.serial_sender (WARNING)>.command_queue - INFO - Queue Sent: Command Queued'<P>' for gesture 'Pointing_Up' with confidence 0.65 on hand 'Left'.
2026-08-24 00:29:56,989 - <Logger pc.serial_sender (WARNING)>.command_queue - INFO - Queue Sent: Command Queued'<P>' for gesture 'Pointing_Up' with confidence 0.65 on hand 'Left'.
2026-08-24 00:29:57,339 - <Logger pc.serial_sender (WARNING)>.command_queue - INFO - Queue Sent: Command Queued'<P>' for gesture 'Pointing_Up' with confidence 0.69 on hand 'Left'.
2026-08-24 00:29:57,690 - <Logger pc.serial_sender (WARNING)>.command_queue - INFO - Queue Sent: Command Queued'<P>' for gesture 'Pointing_Up' with confidence 0.66 on hand 'Left'.
2026-08-24 00:29:58,042 - <Logger pc.serial_sender (WARNING)>.command_queue - INFO - Queue Sent: Command Queued'<P>' for gesture 'Pointing_Up' with confidence 0.65 on hand 'Left'.
2026-08-24 00:29:58,393 - <Logger pc.serial_sender (WARNING)>.command_queue - INFO - Queue Sent: Command Queued'<P>' for gesture 'Pointing_Up' with confidence 0.68 on hand 'Left'.
2026-08-24 00:29:58,743 - <Logger pc.serial_sender (WARNING)>.command_queue - INFO - Queue Sent: Command Queued'<P>' for gesture 'Pointing_Up' with confidence 0.75 on hand 'Left'.
2026-08-24 00:29:59,095 - <Logger pc.serial_sender (WARNING)>.command_queue - INFO - Queue Sent: Command Queued'<D>' for gesture 'Thumb_Down' with confidence 0.72 on hand 'Left'.
2026-08-24 00:29:59,449 - <Logger pc.serial_sender (WARNING)>.command_queue - INFO - Queue Sent: Command Queued'<D>' for gesture 'Thumb_Down' with confidence 0.56 on hand 'Left'.
2026-08-24 00:29:59,798 - <Logger pc.serial_sender (WARNING)>.command_queue - INFO - Queue Sent: Command Queued'<D>' for gesture 'Thumb_Down' with confidence 0.79 on hand 'Left'.
2026-08-24 00:30:00,148 - <Logger pc.serial_sender (WARNING)>.command_queue - INFO - Queue Sent: Command Queued'<D>' for gesture 'Thumb_Down' with confidence 0.84 on hand 'Left'.
2026-08-24 00:30:00,498 - <Logger pc.serial_sender (WARNING)>.command_queue - INFO - Queue Sent: Command Queued'<D>' for gesture 'Thumb_Down' with confidence 0.86 on hand 'Left'.
2026-08-24 00:30:00,849 - <Logger pc.serial_sender (WARNING)>.command_queue - INFO - Queue Sent: Command Queued'<D>' for gesture 'Thumb_Down' with confidence 0.90 on hand 'Left'.
2026-08-24 00:30:01,201 - <Logger pc.serial_sender (WARNING)>.command_queue - INFO - Queue Sent: Command Queued'<D>' for gesture 'Thumb_Down' with confidence 0.89 on hand 'Left'.
2026-08-24 00:30:01,552 - <Logger pc.serial_sender (WARNING)>.command_queue - INFO - Queue Sent: Command Queued'<D>' for gesture 'Thumb_Down' with confidence 0.92 on hand 'Left'.
2026-08-24 00:30:01,902 - <Logger pc.serial_sender (WARNING)>.command_queue - INFO - Queue Sent: Command Queued'<D>' for gesture 'Thumb_Down' with confidence 0.92 on hand 'Left'.
2026-08-24 00:30:02,255 - <Logger pc.serial_sender (WARNING)>.command_queue - INFO - Queue Sent: Command Queued'<D>' for gesture 'Thumb_Down' with confidence 0.91 on hand 'Left'.
2026-08-24 00:30:02,605 - <Logger pc.serial_sender (WARNING)>.command_queue - INFO - Queue Sent: Command Queued'<D>' for gesture 'Thumb_Down' with confidence 0.91 on hand 'Left'.
2026-08-24 00:30:02,955 - <Logger pc.serial_sender (WARNING)>.command_queue - INFO - Queue Sent: Command Queued'<D>' for gesture 'Thumb_Down' with confidence 0.92 on hand 'Left'.
2026-08-24 00:30:03,307 - <Logger pc.serial_sender (WARNING)>.command_queue - INFO - Queue Sent: Command Queued'<D>' for gesture 'Thumb_Down' with confidence 0.91 on hand 'Left'.
2026-08-24 00:30:03,659 - <Logger pc.serial_sender (WARNING)>.command_queue - INFO - Queue Sent: Command Queued'<D>' for gesture 'Thumb_Down' with confidence 0.93 on hand 'Left'.
2026-08-24 00:30:04,008 - <Logger pc.serial_sender (WARNING)>.command_queue - INFO - Queue Sent: Command Queued'<D>' for gesture 'Thumb_Down' with confidence 0.92 on hand 'Left'.
2026-08-24 00:30:04,360 - <Logger pc.serial_sender (WARNING)>.command_queue - INFO - Queue Sent: Command Queued'<D>' for gesture 'Thumb_Down' with confidence 0.92 on hand 'Left'.
2026-08-24 00:30:04,711 - <Logger pc.serial_sender (WARNING)>.command_queue - INFO - Queue Sent: Command Queued'<D>' for gesture 'Thumb_Down' with confidence 0.91 on hand 'Left'.
2026-08-24 00:30:05,062 - <Logger pc.serial_sender (WARNING)>.command_queue - INFO - Queue Sent: Command Queued'<D>' for gesture 'Thumb_Down' with confidence 0.93 on hand 'Left'.
2026-08-24 00:30:05,416 - <Logger pc.serial_sender (WARNING)>.command_queue - INFO - Queue Sent: Command Queued'<D>' for gesture 'Thumb_Down' with confidence 0.92 on hand 'Left'.
2026-08-24 00:30:05,764 - <Logger pc.serial_sender (WARNING)>.command_queue - INFO - Queue Sent: Command Queued'<D>' for gesture 'Thumb_Down' with confidence 0.93 on hand 'Left'.
2026-08-24 00:30:06,116 - <Logger pc.serial_sender (WARNING)>.command_queue - INFO - Queue Sent: Command Queued'<D>' for gesture 'Thumb_Down' with confidence 0.91 on hand 'Left'.
2026-08-24 00:30:06,467 - <Logger pc.serial_sender (WARNING)>.command_queue - INFO - Queue Sent: Command Queued'<D>' for gesture 'Thumb_Down' with confidence 0.93 on hand 'Left'.
2026-08-24 00:30:06,818 - <Logger pc.serial_sender (WARNING)>.command_queue - INFO - Queue Sent: Command Queued'<D>' for gesture 'Thumb_Down' with confidence 0.93 on hand 'Left'.
2026-08-24 00:30:07,169 - <Logger pc.serial_sender (WARNING)>.command_queue - INFO - Queue Sent: Command Queued'<D>' for gesture 'Thumb_Down' with confidence 0.94 on hand 'Left'.
2026-08-24 00:30:07,520 - <Logger pc.serial_sender (WARNING)>.command_queue - INFO - Queue Sent: Command Queued'<D>' for gesture 'Thumb_Down' with confidence 0.94 on hand 'Left'.
2026-08-24 00:30:07,871 - <Logger pc.serial_sender (WARNING)>.command_queue - INFO - Queue Sent: Command Queued'<D>' for gesture 'Thumb_Down' with confidence 0.94 on hand 'Left'.
2026-08-24 00:30:08,220 - <Logger pc.serial_sender (WARNING)>.command_queue - INFO - Queue Sent: Command Queued'<D>' for gesture 'Thumb_Down' with confidence 0.94 on hand 'Left'.
2026-08-24 00:30:08,573 - <Logger pc.serial_sender (WARNING)>.command_queue - INFO - Queue Sent: Command Queued'<D>' for gesture 'Thumb_Down' with confidence 0.95 on hand 'Left'.
2026-08-24 00:30:08,924 - <Logger pc.serial_sender (WARNING)>.command_queue - INFO - Queue Sent: Command Queued'<D>' for gesture 'Thumb_Down' with confidence 0.93 on hand 'Left'.
2026-08-24 00:30:09,275 - <Logger pc.serial_sender (WARNING)>.command_queue - INFO - Queue Sent: Command Queued'<D>' for gesture 'Thumb_Down' with confidence 0.94 on hand 'Left'.
2026-08-24 00:30:09,626 - <Logger pc.serial_sender (WARNING)>.command_queue - INFO - Queue Sent: Command Queued'<D>' for gesture 'Thumb_Down' with confidence 0.94 on hand 'Left'.
2026-08-24 00:30:09,978 - <Logger pc.serial_sender (WARNING)>.command_queue - INFO - Queue Sent: Command Queued'<D>' for gesture 'Thumb_Down' with confidence 0.94 on hand 'Left'.
2026-08-24 00:30:10,328 - <Logger pc.serial_sender (WARNING)>.command_queue - INFO - Queue Sent: Command Queued'<D>' for gesture 'Thumb_Down' with confidence 0.94 on hand 'Left'.
2026-08-24 00:30:10,680 - <Logger pc.serial_sender (WARNING)>.command_queue - INFO - Queue Sent: Command Queued'<D>' for gesture 'Thumb_Down' with confidence 0.94 on hand 'Left'.
2026-08-24 00:30:11,030 - <Logger pc.serial_sender (WARNING)>.command_queue - INFO - Queue Sent: Command Queued'<D>' for gesture 'Thumb_Down' with confidence 0.93 on hand 'Left'.
2026-08-24 00:30:11,382 - <Logger pc.serial_sender (WARNING)>.command_queue - INFO - Queue Sent: Command Queued'<D>' for gesture 'Thumb_Down' with confidence 0.94 on hand 'Left'.
2026-08-24 00:30:11,732 - <Logger pc.serial_sender (WARNING)>.command_queue - INFO - Queue Sent: Command Queued'<D>' for gesture 'Thumb_Down' with confidence 0.94 on hand 'Left'.
2026-08-24 00:30:12,084 - <Logger pc.serial_sender (WARNING)>.command_queue - INFO - Queue Sent: Command Queued'<D>' for gesture 'Thumb_Down' with confidence 0.95 on hand 'Left'.
2026-08-24 00:30:12,434 - <Logger pc.serial_sender (WARNING)>.command_queue - INFO - Queue Sent: Command Queued'<D>' for gesture 'Thumb_Down' with confidence 0.94 on hand 'Left'.
2026-08-24 00:30:12,785 - <Logger pc.serial_sender (WARNING)>.command_queue - INFO - Queue Sent: Command Queued'<D>' for gesture 'Thumb_Down' with confidence 0.94 on hand 'Left'.
2026-08-24 00:30:13,137 - <Logger pc.serial_sender (WARNING)>.command_queue - INFO - Queue Sent: Command Queued'<D>' for gesture 'Thumb_Down' with confidence 0.94 on hand 'Left'.
2026-08-24 00:30:13,488 - <Logger pc.serial_sender (WARNING)>.command_queue - INFO - Queue Sent: Command Queued'<D>' for gesture 'Thumb_Down' with confidence 0.93 on hand 'Left'.
2026-08-24 00:30:13,839 - <Logger pc.serial_sender (WARNING)>.command_queue - INFO - Queue Sent: Command Queued'<D>' for gesture 'Thumb_Down' with confidence 0.94 on hand 'Left'.
2026-08-24 00:30:14,189 - <Logger pc.serial_sender (WARNING)>.command_queue - INFO - Queue Sent: Command Queued'<D>' for gesture 'Thumb_Down' with confidence 0.94 on hand 'Left'.
2026-08-24 00:30:14,541 - <Logger pc.serial_sender (WARNING)>.command_queue - INFO - Queue Sent: Command Queued'<D>' for gesture 'Thumb_Down' with confidence 0.95 on hand 'Left'.
2026-08-24 00:30:14,892 - <Logger pc.serial_sender (WARNING)>.command_queue - INFO - Queue Sent: Command Queued'<D>' for gesture 'Thumb_Down' with confidence 0.95 on hand 'Left'.
2026-08-24 00:30:15,240 - <Logger pc.serial_sender (WARNING)>.command_queue - INFO - Queue Sent: Command Queued'<D>' for gesture 'Thumb_Down' with confidence 0.94 on hand 'Left'.
2026-08-24 00:30:15,593 - <Logger pc.serial_sender (WARNING)>.command_queue - INFO - Queue Sent: Command Queued'<D>' for gesture 'Thumb_Down' with confidence 0.94 on hand 'Left'.
2026-08-24 00:30:15,943 - <Logger pc.serial_sender (WARNING)>.command_queue - INFO - Queue Sent: Command Queued'<D>' for gesture 'Thumb_Down' with confidence 0.94 on hand 'Left'.
2026-08-24 00:30:16,296 - <Logger pc.serial_sender (WARNING)>.command_queue - INFO - Queue Sent: Command Queued'<D>' for gesture 'Thumb_Down' with confidence 0.95 on hand 'Left'.
2026-08-24 00:30:16,647 - <Logger pc.serial_sender (WARNING)>.command_queue - INFO - Queue Sent: Command Queued'<D>' for gesture 'Thumb_Down' with confidence 0.95 on hand 'Left'.
2026-08-24 00:30:16,998 - <Logger pc.serial_sender (WARNING)>.command_queue - INFO - Queue Sent: Command Queued'<D>' for gesture 'Thumb_Down' with confidence 0.95 on hand 'Left'.
2026-08-24 00:30:17,348 - <Logger pc.serial_sender (WARNING)>.command_queue - INFO - Queue Sent: Command Queued'<D>' for gesture 'Thumb_Down' with confidence 0.94 on hand 'Left'.
2026-08-24 00:30:17,699 - <Logger pc.serial_sender (WARNING)>.command_queue - INFO - Queue Sent: Command Queued'<D>' for gesture 'Thumb_Down' with confidence 0.94 on hand 'Left'.
2026-08-24 00:30:18,051 - <Logger pc.serial_sender (WARNING)>.command_queue - INFO - Queue Sent: Command Queued'<D>' for gesture 'Thumb_Down' with confidence 0.95 on hand 'Left'.
2026-08-24 00:30:18,402 - <Logger pc.serial_sender (WARNING)>.command_queue - INFO - Queue Sent: Command Queued'<D>' for gesture 'Thumb_Down' with confidence 0.95 on hand 'Left'.
2026-08-24 00:30:18,753 - <Logger pc.serial_sender (WARNING)>.command_queue - INFO - Queue Sent: Command Queued'<D>' for gesture 'Thumb_Down' with confidence 0.95 on hand 'Left'.
2026-08-24 00:30:19,104 - <Logger pc.serial_sender (WARNING)>.command_queue - INFO - Queue Sent: Command Queued'<D>' for gesture 'Thumb_Down' with confidence 0.95 on hand 'Left'.
2026-08-24 00:30:19,455 - <Logger pc.serial_sender (WARNING)>.command_queue - INFO - Queue Sent: Command Queued'<D>' for gesture 'Thumb_Down' with confidence 0.95 on hand 'Left'.
2026-08-24 00:30:19,807 - <Logger pc.serial_sender (WARNING)>.command_queue - INFO - Queue Sent: Command Queued'<D>' for gesture 'Thumb_Down' with confidence 0.95 on hand 'Left'.
2026-08-24 00:30:20,158 - <Logger pc.serial_sender (WARNING)>.command_queue - INFO - Queue Sent: Command Queued'<D>' for gesture 'Thumb_Down' with confidence 0.95 on hand 'Left'.
2026-08-24 00:30:20,511 - <Logger pc.serial_sender (WARNING)>.command_queue - INFO - Queue Sent: Command Queued'<D>' for gesture 'Thumb_Down' with confidence 0.95 on hand 'Left'.
2026-08-24 00:30:20,859 - <Logger pc.serial_sender (WARNING)>.command_queue - INFO - Queue Sent: Command Queued'<D>' for gesture 'Thumb_Down' with confidence 0.94 on hand 'Left'.
2026-08-24 00:30:21,210 - <Logger pc.serial_sender (WARNING)>.command_queue - INFO - Queue Sent: Command Queued'<D>' for gesture 'Thumb_Down' with confidence 0.94 on hand 'Left'.
2026-08-24 00:30:21,561 - <Logger pc.serial_sender (WARNING)>.command_queue - INFO - Queue Sent: Command Queued'<D>' for gesture 'Thumb_Down' with confidence 0.95 on hand 'Left'.
2026-08-24 00:30:21,913 - <Logger pc.serial_sender (WARNING)>.command_queue - INFO - Queue Sent: Command Queued'<D>' for gesture 'Thumb_Down' with confidence 0.93 on hand 'Left'.
2026-08-24 00:30:22,264 - <Logger pc.serial_sender (WARNING)>.command_queue - INFO - Queue Sent: Command Queued'<D>' for gesture 'Thumb_Down' with confidence 0.94 on hand 'Left'.
2026-08-24 00:30:22,615 - <Logger pc.serial_sender (WARNING)>.command_queue - INFO - Queue Sent: Command Queued'<D>' for gesture 'Thumb_Down' with confidence 0.93 on hand 'Left'.
2026-08-24 00:30:22,966 - <Logger pc.serial_sender (WARNING)>.command_queue - INFO - Queue Sent: Command Queued'<D>' for gesture 'Thumb_Down' with confidence 0.94 on hand 'Left'.
2026-08-24 00:30:23,317 - <Logger pc.serial_sender (WARNING)>.command_queue - INFO - Queue Sent: Command Queued'<D>' for gesture 'Thumb_Down' with confidence 0.94 on hand 'Left'.
2026-08-24 00:30:23,668 - <Logger pc.serial_sender (WARNING)>.command_queue - INFO - Queue Sent: Command Queued'<D>' for gesture 'Thumb_Down' with confidence 0.92 on hand 'Left'.
2026-08-24 00:30:24,018 - <Logger pc.serial_sender (WARNING)>.command_queue - INFO - Queue Sent: Command Queued'<D>' for gesture 'Thumb_Down' with confidence 0.95 on hand 'Left'.
2026-08-24 00:30:28,641 - <Logger pc.serial_sender (WARNING)>.command_queue - INFO - Queue Sent: Command Queued'<L>' for gesture 'ILoveYou' with confidence 0.88 on hand 'Left'.
2026-08-24 00:30:28,993 - <Logger pc.serial_sender (WARNING)>.command_queue - INFO - Queue Sent: Command Queued'<L>' for gesture 'ILoveYou' with confidence 0.92 on hand 'Left'.
2026-08-24 00:30:29,343 - <Logger pc.serial_sender (WARNING)>.command_queue - INFO - Queue Sent: Command Queued'<L>' for gesture 'ILoveYou' with confidence 0.92 on hand 'Left'.
2026-08-24 00:30:29,693 - <Logger pc.serial_sender (WARNING)>.command_queue - INFO - Queue Sent: Command Queued'<L>' for gesture 'ILoveYou' with confidence 0.92 on hand 'Left'.
2026-08-24 00:30:30,045 - <Logger pc.serial_sender (WARNING)>.command_queue - INFO - Queue Sent: Command Queued'<L>' for gesture 'ILoveYou' with confidence 0.92 on hand 'Left'.
2026-08-24 00:30:30,397 - <Logger pc.serial_sender (WARNING)>.command_queue - INFO - Queue Sent: Command Queued'<L>' for gesture 'ILoveYou' with confidence 0.89 on hand 'Left'.
2026-08-24 00:30:30,748 - <Logger pc.serial_sender (WARNING)>.command_queue - INFO - Queue Sent: Command Queued'<L>' for gesture 'ILoveYou' with confidence 0.88 on hand 'Left'.
2026-08-24 00:30:31,098 - <Logger pc.serial_sender (WARNING)>.command_queue - INFO - Queue Sent: Command Queued'<L>' for gesture 'ILoveYou' with confidence 0.87 on hand 'Left'.
2026-08-24 00:30:31,449 - <Logger pc.serial_sender (WARNING)>.command_queue - INFO - Queue Sent: Command Queued'<L>' for gesture 'ILoveYou' with confidence 0.86 on hand 'Left'.
2026-08-24 00:30:31,801 - <Logger pc.serial_sender (WARNING)>.command_queue - INFO - Queue Sent: Command Queued'<L>' for gesture 'ILoveYou' with confidence 0.86 on hand 'Left'.
2026-08-24 00:30:32,152 - <Logger pc.serial_sender (WARNING)>.command_queue - INFO - Queue Sent: Command Queued'<L>' for gesture 'ILoveYou' with confidence 0.87 on hand 'Left'.
2026-08-24 00:30:32,506 - <Logger pc.serial_sender (WARNING)>.command_queue - INFO - Queue Sent: Command Queued'<L>' for gesture 'ILoveYou' with confidence 0.87 on hand 'Left'.
2026-08-24 00:30:32,853 - <Logger pc.serial_sender (WARNING)>.command_queue - INFO - Queue Sent: Command Queued'<L>' for gesture 'ILoveYou' with confidence 0.86 on hand 'Left'.
2026-08-24 00:30:33,205 - <Logger pc.serial_sender (WARNING)>.command_queue - INFO - Queue Sent: Command Queued'<L>' for gesture 'ILoveYou' with confidence 0.88 on hand 'Left'.
2026-08-24 00:30:33,556 - <Logger pc.serial_sender (WARNING)>.command_queue - INFO - Queue Sent: Command Queued'<L>' for gesture 'ILoveYou' with confidence 0.88 on hand 'Left'.
2026-08-24 00:30:33,906 - <Logger pc.serial_sender (WARNING)>.command_queue - INFO - Queue Sent: Command Queued'<L>' for gesture 'ILoveYou' with confidence 0.88 on hand 'Left'.
2026-08-24 00:30:34,257 - <Logger pc.serial_sender (WARNING)>.command_queue - INFO - Queue Sent: Command Queued'<L>' for gesture 'ILoveYou' with confidence 0.88 on hand 'Left'.
2026-08-24 00:30:34,609 - <Logger pc.serial_sender (WARNING)>.command_queue - INFO - Queue Sent: Command Queued'<L>' for gesture 'ILoveYou' with confidence 0.89 on hand 'Left'.
2026-08-24 00:30:34,960 - <Logger pc.serial_sender (WARNING)>.command_queue - INFO - Queue Sent: Command Queued'<L>' for gesture 'ILoveYou' with confidence 0.89 on hand 'Left'.
2026-08-24 00:30:35,311 - <Logger pc.serial_sender (WARNING)>.command_queue - INFO - Queue Sent: Command Queued'<L>' for gesture 'ILoveYou' with confidence 0.88 on hand 'Left'.
2026-08-24 00:30:35,662 - <Logger pc.serial_sender (WARNING)>.command_queue - INFO - Queue Sent: Command Queued'<L>' for gesture 'ILoveYou' with confidence 0.89 on hand 'Left'.
2026-08-24 00:30:36,012 - <Logger pc.serial_sender (WARNING)>.command_queue - INFO - Queue Sent: Command Queued'<L>' for gesture 'ILoveYou' with confidence 0.89 on hand 'Left'.
2026-08-24 00:30:36,364 - <Logger pc.serial_sender (WARNING)>.command_queue - INFO - Queue Sent: Command Queued'<L>' for gesture 'ILoveYou' with confidence 0.90 on hand 'Left'.
2026-08-24 00:30:36,714 - <Logger pc.serial_sender (WARNING)>.command_queue - INFO - Queue Sent: Command Queued'<L>' for gesture 'ILoveYou' with confidence 0.89 on hand 'Left'.
2026-08-24 00:30:37,066 - <Logger pc.serial_sender (WARNING)>.command_queue - INFO - Queue Sent: Command Queued'<L>' for gesture 'ILoveYou' with confidence 0.89 on hand 'Left'.
2026-08-24 00:30:37,417 - <Logger pc.serial_sender (WARNING)>.command_queue - INFO - Queue Sent: Command Queued'<L>' for gesture 'ILoveYou' with confidence 0.89 on hand 'Left'.
2026-08-24 00:30:37,768 - <Logger pc.serial_sender (WARNING)>.command_queue - INFO - Queue Sent: Command Queued'<L>' for gesture 'ILoveYou' with confidence 0.90 on hand 'Left'.
2026-08-24 00:30:38,119 - <Logger pc.serial_sender (WARNING)>.command_queue - INFO - Queue Sent: Command Queued'<L>' for gesture 'ILoveYou' with confidence 0.90 on hand 'Left'.
2026-08-24 00:30:38,453 - <Logger pc.serial_sender (WARNING)>.command_queue - INFO - Queue Sent: Command Queued'<L>' for gesture 'ILoveYou' with confidence 0.90 on hand 'Left'.
2026-08-24 00:30:38,787 - <Logger pc.serial_sender (WARNING)>.command_queue - INFO - Queue Sent: Command Queued'<L>' for gesture 'ILoveYou' with confidence 0.91 on hand 'Left'.
2026-08-24 00:30:39,119 - <Logger pc.serial_sender (WARNING)>.command_queue - INFO - Queue Sent: Command Queued'<L>' for gesture 'ILoveYou' with confidence 0.91 on hand 'Left'.
2026-08-24 00:30:39,452 - <Logger pc.serial_sender (WARNING)>.command_queue - INFO - Queue Sent: Command Queued'<L>' for gesture 'ILoveYou' with confidence 0.91 on hand 'Left'.
2026-08-24 00:30:39,785 - <Logger pc.serial_sender (WARNING)>.command_queue - INFO - Queue Sent: Command Queued'<L>' for gesture 'ILoveYou' with confidence 0.90 on hand 'Left'.
2026-08-24 00:30:40,118 - <Logger pc.serial_sender (WARNING)>.command_queue - INFO - Queue Sent: Command Queued'<L>' for gesture 'ILoveYou' with confidence 0.89 on hand 'Left'.
2026-08-24 00:30:40,451 - <Logger pc.serial_sender (WARNING)>.command_queue - INFO - Queue Sent: Command Queued'<L>' for gesture 'ILoveYou' with confidence 0.90 on hand 'Left'.
2026-08-24 00:30:40,802 - <Logger pc.serial_sender (WARNING)>.command_queue - INFO - Queue Sent: Command Queued'<L>' for gesture 'ILoveYou' with confidence 0.90 on hand 'Left'.
2026-08-24 00:30:41,155 - <Logger pc.serial_sender (WARNING)>.command_queue - INFO - Queue Sent: Command Queued'<L>' for gesture 'ILoveYou' with confidence 0.89 on hand 'Left'.
2026-08-24 00:30:41,506 - <Logger pc.serial_sender (WARNING)>.command_queue - INFO - Queue Sent: Command Queued'<L>' for gesture 'ILoveYou' with confidence 0.89 on hand 'Left'.
2026-08-24 00:30:41,856 - <Logger pc.serial_sender (WARNING)>.command_queue - INFO - Queue Sent: Command Queued'<L>' for gesture 'ILoveYou' with confidence 0.90 on hand 'Left'.
2026-08-24 00:30:42,207 - <Logger pc.serial_sender (WARNING)>.command_queue - INFO - Queue Sent: Command Queued'<L>' for gesture 'ILoveYou' with confidence 0.90 on hand 'Left'.
2026-08-24 00:30:42,557 - <Logger pc.serial_sender (WARNING)>.command_queue - INFO - Queue Sent: Command Queued'<L>' for gesture 'ILoveYou' with confidence 0.91 on hand 'Left'.
2026-08-24 00:30:42,908 - <Logger pc.serial_sender (WARNING)>.command_queue - INFO - Queue Sent: Command Queued'<L>' for gesture 'ILoveYou' with confidence 0.91 on hand 'Left'.
2026-08-24 00:30:43,260 - <Logger pc.serial_sender (WARNING)>.command_queue - INFO - Queue Sent: Command Queued'<L>' for gesture 'ILoveYou' with confidence 0.91 on hand 'Left'.
2026-08-24 00:30:43,611 - <Logger pc.serial_sender (WARNING)>.command_queue - INFO - Queue Sent: Command Queued'<L>' for gesture 'ILoveYou' with confidence 0.91 on hand 'Left'.
2026-08-24 00:30:43,963 - <Logger pc.serial_sender (WARNING)>.command_queue - INFO - Queue Sent: Command Queued'<L>' for gesture 'ILoveYou' with confidence 0.91 on hand 'Left'.
2026-08-24 00:30:44,314 - <Logger pc.serial_sender (WARNING)>.command_queue - INFO - Queue Sent: Command Queued'<L>' for gesture 'ILoveYou' with confidence 0.90 on hand 'Left'.
2026-08-24 00:30:44,665 - <Logger pc.serial_sender (WARNING)>.command_queue - INFO - Queue Sent: Command Queued'<L>' for gesture 'ILoveYou' with confidence 0.90 on hand 'Left'.
2026-08-24 00:30:45,016 - <Logger pc.serial_sender (WARNING)>.command_queue - INFO - Queue Sent: Command Queued'<L>' for gesture 'ILoveYou' with confidence 0.90 on hand 'Left'.
2026-08-24 00:30:45,368 - <Logger pc.serial_sender (WARNING)>.command_queue - INFO - Queue Sent: Command Queued'<L>' for gesture 'ILoveYou' with confidence 0.90 on hand 'Left'.
2026-08-24 00:30:45,718 - <Logger pc.serial_sender (WARNING)>.command_queue - INFO - Queue Sent: Command Queued'<L>' for gesture 'ILoveYou' with confidence 0.90 on hand 'Left'.
2026-08-24 00:30:46,068 - <Logger pc.serial_sender (WARNING)>.command_queue - INFO - Queue Sent: Command Queued'<L>' for gesture 'ILoveYou' with confidence 0.91 on hand 'Left'.
2026-08-24 00:30:46,420 - <Logger pc.serial_sender (WARNING)>.command_queue - INFO - Queue Sent: Command Queued'<L>' for gesture 'ILoveYou' with confidence 0.90 on hand 'Left'.
2026-08-24 00:30:46,770 - <Logger pc.serial_sender (WARNING)>.command_queue - INFO - Queue Sent: Command Queued'<L>' for gesture 'ILoveYou' with confidence 0.91 on hand 'Left'.
2026-08-24 00:30:47,121 - <Logger pc.serial_sender (WARNING)>.command_queue - INFO - Queue Sent: Command Queued'<L>' for gesture 'ILoveYou' with confidence 0.90 on hand 'Left'.
2026-08-24 00:30:47,472 - <Logger pc.serial_sender (WARNING)>.command_queue - INFO - Queue Sent: Command Queued'<L>' for gesture 'ILoveYou' with confidence 0.90 on hand 'Left'.
2026-08-24 00:30:47,823 - <Logger pc.serial_sender (WARNING)>.command_queue - INFO - Queue Sent: Command Queued'<L>' for gesture 'ILoveYou' with confidence 0.90 on hand 'Left'.
2026-08-24 00:30:48,175 - <Logger pc.serial_sender (WARNING)>.command_queue - INFO - Queue Sent: Command Queued'<L>' for gesture 'ILoveYou' with confidence 0.90 on hand 'Left'.
2026-08-24 00:30:48,525 - <Logger pc.serial_sender (WARNING)>.command_queue - INFO - Queue Sent: Command Queued'<L>' for gesture 'ILoveYou' with confidence 0.90 on hand 'Left'.
2026-08-24 00:30:48,876 - <Logger pc.serial_sender (WARNING)>.command_queue - INFO - Queue Sent: Command Queued'<L>' for gesture 'ILoveYou' with confidence 0.90 on hand 'Left'.
2026-08-24 00:30:49,228 - <Logger pc.serial_sender (WARNING)>.command_queue - INFO - Queue Sent: Command Queued'<L>' for gesture 'ILoveYou' with confidence 0.89 on hand 'Left'.
2026-08-24 00:30:49,580 - <Logger pc.serial_sender (WARNING)>.command_queue - INFO - Queue Sent: Command Queued'<L>' for gesture 'ILoveYou' with confidence 0.90 on hand 'Left'.
2026-08-24 00:30:49,930 - <Logger pc.serial_sender (WARNING)>.command_queue - INFO - Queue Sent: Command Queued'<L>' for gesture 'ILoveYou' with confidence 0.90 on hand 'Left'.
2026-08-24 00:30:50,280 - <Logger pc.serial_sender (WARNING)>.command_queue - INFO - Queue Sent: Command Queued'<L>' for gesture 'ILoveYou' with confidence 0.90 on hand 'Left'.
2026-08-24 00:30:50,631 - <Logger pc.serial_sender (WARNING)>.command_queue - INFO - Queue Sent: Command Queued'<L>' for gesture 'ILoveYou' with confidence 0.90 on hand 'Left'.
2026-08-24 00:30:50,983 - <Logger pc.serial_sender (WARNING)>.command_queue - INFO - Queue Sent: Command Queued'<L>' for gesture 'ILoveYou' with confidence 0.90 on hand 'Left'.
2026-08-24 00:30:51,368 - <Logger pc.serial_sender (WARNING)>.command_queue - INFO - Queue Sent: Command Queued'<L>' for gesture 'ILoveYou' with confidence 0.90 on hand 'Left'.
2026-08-24 00:30:51,701 - <Logger pc.serial_sender (WARNING)>.command_queue - INFO - Queue Sent: Command Queued'<L>' for gesture 'ILoveYou' with confidence 0.91 on hand 'Left'.
2026-08-24 00:30:52,034 - <Logger pc.serial_sender (WARNING)>.command_queue - INFO - Queue Sent: Command Queued'<L>' for gesture 'ILoveYou' with confidence 0.92 on hand 'Left'.
2026-08-24 00:30:53,770 - <Logger pc.serial_sender (WARNING)>.command_queue - INFO - Queue Sent: Command Queued'<L>' for gesture 'ILoveYou' with confidence 0.56 on hand 'Left'.
2026-08-24 00:30:54,169 - <Logger pc.serial_sender (WARNING)>.command_queue - INFO - Queue Sent: Command Queued'<L>' for gesture 'ILoveYou' with confidence 0.82 on hand 'Left'.
2026-08-24 00:30:54,633 - <Logger pc.serial_sender (WARNING)>.command_queue - INFO - Queue Sent: Command Queued'<L>' for gesture 'ILoveYou' with confidence 0.87 on hand 'Left'.
2026-08-24 00:30:54,967 - <Logger pc.serial_sender (WARNING)>.command_queue - INFO - Queue Sent: Command Queued'<L>' for gesture 'ILoveYou' with confidence 0.90 on hand 'Left'.
2026-08-24 00:30:55,300 - <Logger pc.serial_sender (WARNING)>.command_queue - INFO - Queue Sent: Command Queued'<L>' for gesture 'ILoveYou' with confidence 0.90 on hand 'Left'.
2026-08-24 00:30:56,034 - <Logger pc.serial_sender (WARNING)>.command_queue - INFO - Queue Sent: Command Queued'<L>' for gesture 'ILoveYou' with confidence 0.84 on hand 'Left'.
2026-08-24 00:30:56,501 - <Logger pc.serial_sender (WARNING)>.command_queue - INFO - Queue Sent: Command Queued'<L>' for gesture 'ILoveYou' with confidence 0.55 on hand 'Left'.
2026-08-24 00:30:56,834 - <Logger pc.serial_sender (WARNING)>.command_queue - INFO - Queue Sent: Command Queued'<L>' for gesture 'ILoveYou' with confidence 0.81 on hand 'Left'.
2026-08-24 00:30:57,166 - <Logger pc.serial_sender (WARNING)>.command_queue - INFO - Queue Sent: Command Queued'<L>' for gesture 'ILoveYou' with confidence 0.88 on hand 'Left'.
2026-08-24 00:30:57,500 - <Logger pc.serial_sender (WARNING)>.command_queue - INFO - Queue Sent: Command Queued'<L>' for gesture 'ILoveYou' with confidence 0.89 on hand 'Left'.
2026-08-24 00:30:57,834 - <Logger pc.serial_sender (WARNING)>.command_queue - INFO - Queue Sent: Command Queued'<L>' for gesture 'ILoveYou' with confidence 0.89 on hand 'Left'.
2026-08-24 00:30:58,167 - <Logger pc.serial_sender (WARNING)>.command_queue - INFO - Queue Sent: Command Queued'<L>' for gesture 'ILoveYou' with confidence 0.90 on hand 'Left'.
2026-08-24 00:30:58,500 - <Logger pc.serial_sender (WARNING)>.command_queue - INFO - Queue Sent: Command Queued'<L>' for gesture 'ILoveYou' with confidence 0.91 on hand 'Left'.
2026-08-24 00:30:58,834 - <Logger pc.serial_sender (WARNING)>.command_queue - INFO - Queue Sent: Command Queued'<L>' for gesture 'ILoveYou' with confidence 0.90 on hand 'Left'.
