2026-08-24 00:28:30,398 - <Logger pc.serial_sender (WARNING)>.output - INFO - Message Summary: Successful Read: [<O>|c92e8ae6-0bdf-498b-a52c-482d6475ddbe] x:0.06|y:-0.27|z:9.72
2026-08-24 00:28:30,398 - <Logger pc.serial_sender (WARNING)>.output - INFO - Message Summary: Successful Read: [<O>|08bb1ec0-3c7e-485d-8aab-ae62f2472ec2] x:0.09|y:-0.29|z:9.76
2026-08-24 00:28:31,101 - <Logger pc.serial_sender (WARNING)>.output - ERROR - Message Summary: Unsuccessful Read: A
2026-08-24 00:28:33,560 - <Logger pc.serial_sender (WARNING)>.output - INFO - Message Summary: Successful Read: [<O>|d0d7eb42-6b12-45f9-adf3-e434d2e7b8d8] x:0.09|y:-0.24|z:9.71
2026-08-24 00:28:33,560 - <Logger pc.serial_sender (WARNING)>.output - INFO - Message Summary: Successful Read: [<O>|2b9820dd-eb6a-4ec3-aa66-75d13db44a1b] x:0.1|y:-0.32|z:9.72
2026-08-24 00:28:34,613 - <Logger pc.serial_sender (WARNING)>.output - INFO - Message Summary: Successful Read: [<O>|2625b53e-fdc3-4f41-9062-2116f28f58b1] x:0.09|y:-0.32|z:9.74
2026-08-24 00:28:34,614 - <Logger pc.serial_sender (WARNING)>.output - INFO - Message Summary: Successful Read: [<O>|35788754-9811-449d-b5da-bf594d454d88] x:0.08|y:-0.29|z:9.74
2026-08-24 00:28:35,666 - <Logger pc.serial_sender (WARNING)>.output - INFO - Message Summary: Successful Read: [<O>|2694e940-2e9e-454e-be48-7dfa9acb186c] x:0.09|y:-0.29|z:9.74
2026-08-24 00:28:35,667 - <Logger pc.serial_sender (WARNING)>.output - INFO - Message Summary: Successful Read: [<O>|301f2a68-e9ca-44dc-9022-3d96ccf64011] x:0.06|y:-0.29|z:9.73
2026-08-24 00:28:36,018 - <Logger pc.serial_sender (WARNING)>.output - ERROR - Message Summary: Unsuccessful Read: A
2026-08-24 00:28:36,368 - <Logger pc.serial_sender (WARNING)>.output - ERROR - Message Summary: Unsuccessful Read: A
2026-08-24 00:28:37,773 - <Logger pc.serial_sender (WARNING)>.output - INFO - Message Summary: Successful Read: [<O>|8f4d812f-db99-4b8e-a191-de22fdb8e73a] x:0.09|y:-0.3|z:9.73
2026-08-24 00:28:37,773 - <Logger pc.serial_sender (WARNING)>.output - INFO - Message Summary: Successful Read: [<O>|8ccbcdff-6fab-4817-9ee9-31d810dbb9a7] x:0.04|y:-0.29|z:9.72
2026-08-24 00:28:38,826 - <Logger pc.serial_sender (WARNING)>.output - INFO - Message Summary: Successful Read: [<O>|6102ed66-5097-41f4-a4f6-58fa978abb66] x:0.02|y:-0.1|z:9.48
2026-08-24 00:28:38,826 - <Logger pc.serial_sender (WARNING)>.output - INFO - Message Summary: Successful Read: [<O>|37a0e49d-11c6-45f8-8c78-96934dd29d90] x:0.11|y:-0.29|z:9.77
2026-08-24 00:28:40,931 - <Logger pc.serial_sender (WARNING)>.output - INFO - Message Summary: Successful Read: [<O>|ca63f2b4-10fd-4666-a81d-6dac6deb88b2] x:0.07|y:-0.31|z:9.69
2026-08-24 00:28:40,932 - <Logger pc.serial_sender (WARNING)>.output - INFO - Message Summary: Successful Read: [<O>|abed48da-5572-4d16-90c9-ecdd9a28c33d] x:0.11|y:-0.28|z:9.74
2026-08-24 00:28:43,037 - <Logger pc.serial_sender (WARNING)>.output - INFO - Message Summary: Successful Read: [<O>|e15b2f2a-05e9-48ab-a39d-6bf4236beef4] x:0.08|y:-0.34|z:9.78
2026-08-24 00:28:43,037 - <Logger pc.serial_sender (WARNING)>.output - INFO - Message Summary: Successful Read: [<O>|608c3dee-f4ce-409b-b417-6d6746e6fb54] x:0.06|y:-0.23|z:9.71
2026-08-24 00:28:44,091 - <Logger pc.serial_sender (WARNING)>.output - INFO - Message Summary: Successful Read: [<O>|4c65b8f4-5d36-4bad-8a12-68505863f3aa] x:0.1|y:-0.31|z:9.76
2026-08-24 00:28:44,091 - <Logger pc.serial_sender (WARNING)>.output - INFO - Message Summary: Successful Read: [<O>|129c573e-58e1-40f2-8282-6db12be6ea83] x:0.05|y:-0.31|z:9.74
2026-08-24 00:28:45,146 - <Logger pc.serial_sender (WARNING)>.output - INFO - Message Summary: Successful Read: [<O>|69901f29-115b-4561-b31b-af57cb32f02c] x:0.07|y:-0.32|z:9.77
2026-08-24 00:28:45,146 - <Logger pc.serial_sender (WARNING)>.output - INFO - Message Summary: Successful Read: [<O>|1afa62ce-dad1-4fdb-a1f8-03940b2575a9] x:0.05|y:-0.28|z:9.76
2026-08-24 00:28:46,902 - <Logger pc.serial_sender (WARNING)>.output - ERROR - Message Summary: Unsuccessful Read: A
2026-08-24 00:28:47,252 - <Logger pc.serial_sender (WARNING)>.output - ERROR - Message Summary: Unsuccessful Read: [
2026-08-24 00:28:47,252 - <Logger pc.serial_sender (WARNING)>.output - INFO - Message Summary: Successful Read: [<O>|a049d3d8-11b0-4147-9f90-1ead8f665713] x:0.08|y:-0.32|z:9.69
2026-08-24 00:28:47,252 - <Logger pc.serial_sender (WARNING)>.output - INFO - Message Summary: Successful Read: [<O>|b4e80a0a-0b86-4450-97d1-1fe5c3b07a41] x:0.08|y:-0.3|z:9.73
2026-08-24 00:28:48,305 - <Logger pc.serial_sender (WARNING)>.output - INFO - Message Summary: Successful Read: [<O>|49eb0252-b6ca-43f0-b893-294caeda263f] x:0.06|y:-0.34|z:9.76
2026-08-24 00:28:48,305 - <Logger pc.serial_sender (WARNING)>.output - INFO - Message Summary: Successful Read: [<O>|ed8d4d35-7290-42e4-81c4-88160dfe79ad] x:0.08|y:-0.28|z:9.76
2026-08-24 00:28:50,527 - <Logger pc.serial_sender (WARNING)>.output - ERROR - Message Summary: Unsuccessful Read: Angle (y): 90
2026-08-24 00:28:50,527 - <Logger pc.serial_sender (WARNING)>.output - ERROR - Message Summary: Unsuccessful Read: Angle (y): 89
2026-08-24 00:28:52,984 - <Logger pc.serial_sender (WARNING)>.output - ERROR - Message Summary: Unsuccessful Read: A
2026-08-24 00:28:53,686 - <Logger pc.serial_sender (WARNING)>.output - ERROR - Message Summary: Unsuccessful Read: Angle (y): 90
2026-08-24 00:28:53,687 - <Logger pc.serial_sender (WARNING)>.output - ERROR - Message Summary: Unsuccessful Read: Angle (y): 89
2026-08-24 00:28:56,847 - <Logger pc.serial_sender (WARNING)>.output - ERROR - Message Summary: Unsuccessful Read: Angle (y): 90
2026-08-24 00:28:56,847 - <Logger pc.serial_sender (WARNING)>.output - ERROR - Message Summary: Unsuccessful Read: Angle (y): 90
2026-08-24 00:28:58,251 - <Logger pc.serial_sender (WARNING)>.output - ERROR - Message Summary: Unsuccessful Read: A
2026-08-24 00:29:00,007 - <Logger pc.serial_sender (WARNING)>.output - ERROR - Message Summary: Unsuccessful Read: Angle (y): 90
2026-08-24 00:29:00,007 - <Logger pc.serial_sender (WARNING)>.output - ERROR - Message Summary: Unsuccessful Read: Angle (y): 90
2026-08-24 00:29:01,058 - <Logger pc.serial_sender (WARNING)>.output - ERROR - Message Summary: Unsuccessful Read: A
2026-08-24 00:29:01,058 - <Logger pc.serial_sender (WARNING)>.output - ERROR - Message Summary: Unsuccessful Read: Angle (y): 90
2026-08-24 00:29:01,059 - <Logger pc.serial_sender (WARNING)>.output - ERROR - Message Summary: Unsuccessful Read: Angle (y): 90
2026-08-24 00:29:02,111 - <Logger pc.serial_sender (WARNING)>.output - ERROR - Message Summary: Unsuccessful Read: Angle (y): 90
2026-08-24 00:29:02,111 - <Logger pc.serial_sender (WARNING)>.output - ERROR - Message Summary: Unsuccessful Read: Angle (y): 90
2026-08-24 00:29:04,218 - <Logger pc.serial_sender (WARNING)>.output - ERROR - Message Summary: Unsuccessful Read: Angle (y): 89
2026-08-24 00:29:04,218 - <Logger pc.serial_sender (WARNING)>.output - ERROR - Message Summary: Unsuccessful Read: Angle (y): 89
2026-08-24 00:29:04,919 - <Logger pc.serial_sender (WARNING)>.output - ERROR - Message Summary: Unsuccessful Read: A
2026-08-24 00:29:05,271 - <Logger pc.serial_sender (WARNING)>.output - ERROR - Message Summary: Unsuccessful Read: Angle (y): 90
2026-08-24 00:29:05,271 - <Logger pc.serial_sender (WARNING)>.output - ERROR - Message Summary: Unsuccessful Read: Angle (y): 89
2026-08-24 00:29:05,974 - <Logger pc.serial_sender (WARNING)>.output - ERROR - Message Summary: Unsuccessful Read: A
2026-08-24 00:29:06,325 - <Logger pc.serial_sender (WARNING)>.output - ERROR - Message Summary: Unsuccessful Read: Angle (y): 89
2026-08-24 00:29:06,325 - <Logger pc.serial_sender (WARNING)>.output - ERROR - Message Summary: Unsuccessful Read: Angle (y): 90
2026-08-24 00:29:06,677 - <Logger pc.serial_sender (WARNING)>.output - ERROR - Message Summary: Unsuccessful Read: A
2026-08-24 00:29:08,431 - <Logger pc.serial_sender (WARNING)>.output - ERROR - Message Summary: Unsuccessful Read: A
2026-08-24 00:29:08,431 - <Logger pc.serial_sender (WARNING)>.output - ERROR - Message Summary: Unsuccessful Read: Angle (y): 89
2026-08-24 00:29:08,431 - <Logger pc.serial_sender (WARNING)>.output - ERROR - Message Summary: Unsuccessful Read: Angle (y): 90
2026-08-24 00:29:09,650 - <Logger pc.serial_sender (WARNING)>.output - INFO - Message Summary: Successful Read: [<U>|320f2ec6-48b1-4b97-b09d-300de83571af] still
2026-08-24 00:29:09,650 - <Logger pc.serial_sender (WARNING)>.output - INFO - Message Summary: Successful Read: [<U>|088abe63-17a9-4c7d-802e-29610f6a8ef4] still
2026-08-24 00:29:10,701 - <Logger pc.serial_sender (WARNING)>.output - ERROR - Message Summary: Unsuccessful Read: [
2026-08-24 00:29:10,701 - <Logger pc.serial_sender (WARNING)>.output - INFO - Message Summary: Successful Read: [<U>|9a4d7322-7ac2-4ebc-b1d2-5d00afba6c47] still
2026-08-24 00:29:10,701 - <Logger pc.serial_sender (WARNING)>.output - INFO - Message Summary: Successful Read: [<U>|520f6a62-18c8-4d6a-8c58-31a509ee3b2f] still
2026-08-24 00:29:11,755 - <Logger pc.serial_sender (WARNING)>.output - INFO - Message Summary: Successful Read: [<U>|6d52946c-8163-4d8d-a72f-d0ea6a8af210] still
2026-08-24 00:29:11,755 - <Logger pc.serial_sender (WARNING)>.output - INFO - Message Summary: Successful Read: [<U>|121bd80b-7764-4b2f-9b5d-7660e68f3bc6] still
2026-08-24 00:29:12,807 - <Logger pc.serial_sender (WARNING)>.output - INFO - Message Summary: Successful Read: [<U>|f84dd558-ce78-4440-95ac-792074a0ff33] still
2026-08-24 00:29:12,807 - <Logger pc.serial_sender (WARNING)>.output - INFO - Message Summary: Successful Read: [<U>|0f5c1efa-c6f4-41f4-a1da-354f3ea828ad] still
2026-08-24 00:29:13,861 - <Logger pc.serial_sender (WARNING)>.output - INFO - Message Summary: Successful Read: [<U>|1a19c086-ddf2-4d82-9f28-f068d6411da4] still
2026-08-24 00:29:13,861 - <Logger pc.serial_sender (WARNING)>.output - INFO - Message Summary: Successful Read: [<U>|cef0398e-5d2b-4686-9f48-23f6a844d199] still
2026-08-24 00:29:14,564 - <Logger pc.serial_sender (WARNING)>.output - ERROR - Message Summary: Unsuccessful Read: A
2026-08-24 00:29:17,021 - <Logger pc.serial_sender (WARNING)>.output - INFO - Message Summary: Successful Read: [<U>|3a7e44ff-f648-410d-b6cc-6e6b2b61dcf2] still
2026-08-24 00:29:17,021 - <Logger pc.serial_sender (WARNING)>.output - INFO - Message Summary: Successful Read: [<U>|c2dca4c6-0b8e-4858-8c87-330b64e3e659] still
2026-08-24 00:29:17,373 - <Logger pc.serial_sender (WARNING)>.output - ERROR - Message Summary: Unsuccessful Read: A
2026-08-24 00:29:20,532 - <Logger pc.serial_sender (WARNING)>.output - ERROR - Message Summary: Unsuccessful Read: A
2026-08-24 00:29:21,241 - <Logger pc.serial_sender (WARNING)>.output - ERROR - Message Summary: Unsuccessful Read: [
2026-08-24 00:29:21,242 - <Logger pc.serial_sender (WARNING)>.output - INFO - Message Summary: Successful Read: [<U>|29ad6573-9ba2-43cd-b65c-e356245995de] still
2026-08-24 00:29:21,242 - <Logger pc.serial_sender (WARNING)>.output - INFO - Message Summary: Successful Read: [<U>|0d664a8e-db44-4499-897e-e6dd8416cae1] still
2026-08-24 00:29:24,393 - <Logger pc.serial_sender (WARNING)>.output - INFO - Message Summary: Successful Read: [<U>|ea0d3314-ecf1-4da0-82cc-163452445794] shaken
2026-08-24 00:29:24,393 - <Logger pc.serial_sender (WARNING)>.output - INFO - Message Summary: Successful Read: [<U>|21132c09-78f8-45c3-99e2-85c9b23b8088] shaken
2026-08-24 00:29:25,445 - <Logger pc.serial_sender (WARNING)>.output - INFO - Message Summary: Successful Read: [<U>|483a7374-e519-4f7b-a4f3-739dfb33f72a] still
2026-08-24 00:29:25,445 - <Logger pc.serial_sender (WARNING)>.output - INFO - Message Summary: Successful Read: [<U>|eb298f74-d2a4-44c7-b499-56add82946cf] still
2026-08-24 00:29:26,500 - <Logger pc.serial_sender (WARNING)>.output - INFO - Message Summary: Successful Read: [<U>|d52d8028-b8a3-4d52-b201-9d6b2a84d9b7] still
2026-08-24 00:29:26,500 - <Logger pc.serial_sender (WARNING)>.output - INFO - Message Summary: Successful Read: [<U>|9f2fb279-d0f6-4356-8aaf-370f11c3a83f] still
2026-08-24 00:29:27,553 - <Logger pc.serial_sender (WARNING)>.output - INFO - Message Summary: Successful Read: [<U>|7d5cf75b-79d8-444e-a489-cafc2026110e] still
2026-08-24 00:29:27,553 - <Logger pc.serial_sender (WARNING)>.output - INFO - Message Summary: Successful Read: [<U>|72e0d1f6-8c97-4c1c-85fb-0f431e6a64a0] shaken
2026-08-24 00:29:28,606 - <Logger pc.serial_sender (WARNING)>.output - INFO - Message Summary: Successful Read: [<U>|0add0b20-6a6f-4ec1-ac6d-aea286fb6427] still
2026-08-24 00:29:28,606 - <Logger pc.serial_sender (WARNING)>.output - INFO - Message Summary: Successful Read: [<U>|6c01ae0c-1160-4474-a1f5-552e1521e0dc] shaken
2026-08-24 00:29:28,962 - <Logger pc.serial_sender (WARNING)>.output - ERROR - Message Summary: Unsuccessful Read: A
2026-08-24 00:29:30,712 - <Logger pc.serial_sender (WARNING)>.output - INFO - Message Summary: Successful Read: [<U>|d12d1cb0-3316-4cf9-bc8a-230d1c6f688d] still
2026-08-24 00:29:30,712 - <Logger pc.serial_sender (WARNING)>.output - INFO - Message Summary: Successful Read: [<U>|8f40bf7c-579f-45ad-b6c7-b3b3a8434243] still
2026-08-24 00:29:31,765 - <Logger pc.serial_sender (WARNING)>.output - INFO - Message Summary: Successful Read: [<U>|9f176216-8e8b-49b4-95e0-0a7fee754138] still
2026-08-24 00:29:31,765 - <Logger pc.serial_sender (WARNING)>.output - INFO - Message Summary: Successful Read: [<U>|fb72895c-6e6d-44fe-9ce5-a4811421aa15] still
2026-08-24 00:29:32,819 - <Logger pc.serial_sender (WARNING)>.output - INFO - Message Summary: Successful Read: [<U>|63d756de-308d-41f8-9553-f7d5ebc3f55f] still
2026-08-24 00:29:32,819 - <Logger pc.serial_sender (WARNING)>.output - INFO - Message Summary: Successful Read: [<U>|150e5f50-a850-49b7-9880-083fe640c139] still
2026-08-24 00:29:33,871 - <Logger pc.serial_sender (WARNING)>.output - INFO - Message Summary: Successful Read: [<U>|0b8b33db-bad1-48dd-9279-c3af4d8407e5] still
2026-08-24 00:29:33,871 - <Logger pc.serial_sender (WARNING)>.output - INFO - Message Summary: Successful Read: [<U>|4c2a9c6b-ed33-4bb3-ae06-d61a61dfaff5] still
2026-08-24 00:29:34,175 - <Logger pc.serial_sender (WARNING)>.output - ERROR - Message Summary: Unsuccessful Read: A
2026-08-24 00:29:34,877 - <Logger pc.serial_sender (WARNING)>.output - INFO - Message Summary: Successful Read: [<P>|9fa64a03-1e29-494b-a778-aa92dd3f4881] Up
2026-08-24 00:29:34,877 - <Logger pc.serial_sender (WARNING)>.output - INFO - Message Summary: Successful Read: [<P>|f676504e-cce0-4181-b880-5e5d8fe77c11] Up
2026-08-24 00:29:39,088 - <Logger pc.serial_sender (WARNING)>.output - INFO - Message Summary: Successful Read: [<P>|2b48baac-c7e8-4a8f-b680-252e840feead] Down
2026-08-24 00:29:39,088 - <Logger pc.serial_sender (WARNING)>.output - INFO - Message Summary: Successful Read: [<P>|ec585ac5-a170-477c-85bd-1004d4f2cf30] Down
2026-08-24 00:29:41,195 - <Logger pc.serial_sender (WARNING)>.output - ERROR - Message Summary: Unsuccessful Read: [
2026-08-24 00:29:41,195 - <Logger pc.serial_sender (WARNING)>.output - INFO - Message Summary: Successful Read: [<P>|228b3eac-9b65-4138-9505-c31065f62621] Down
2026-08-24 00:29:41,195 - <Logger pc.serial_sender (WARNING)>.output - INFO - Message Summary: Successful Read: [<P>|c4969cd8-73b0-4d83-9d31-a514d7a193a6] Down
2026-08-24 00:29:42,248 - <Logger pc.serial_sender (WARNING)>.output - ERROR - Message Summary: Unsuccessful Read: [
2026-08-24 00:29:42,248 - <Logger pc.serial_sender (WARNING)>.output - INFO - Message Summary: Successful Read: [<P>|f80f3415-c47c-4ef1-94f3-7751c32478fb] Down
2026-08-24 00:29:42,248 - <Logger pc.serial_sender (WARNING)>.output - INFO - Message Summary: Successful Read: [<P>|5e666006-7729-4a68-a837-4ac6d12d13cb] Down
2026-08-24 00:29:46,460 - <Logger pc.serial_sender (WARNING)>.output - INFO - Message Summary: Successful Read: [<P>|bbeb67ef-af4a-49a9-818d-7cbe58443168] Up
2026-08-24 00:29:46,461 - <Logger pc.serial_sender (WARNING)>.output - INFO - Message Summary: Successful Read: [<P>|7deb2637-4561-44d6-8aab-06070a59b891] Up
2026-08-24 00:29:47,163 - <Logger pc.serial_sender (WARNING)>.output - ERROR - Message Summary: Unsuccessful Read: A
2026-08-24 00:29:47,513 - <Logger pc.serial_sender (WARNING)>.output - INFO - Message Summary: Successful Read: [<P>|3cce464e-fd94-4d03-befe-551afb281974] Up
2026-08-24 00:29:47,513 - <Logger pc.serial_sender (WARNING)>.output - INFO - Message Summary: Successful Read: [<P>|c721779f-b85e-4ef9-99b2-2ce4eb9cad13] Up
2026-08-24 00:29:47,513 - <Logger pc.serial_sender (WARNING)>.output - INFO - Message Summary: Successful Read: [<P>|bc511f0d-63b7-4b0f-a200-ae397f5b5503] Down
2026-08-24 00:29:48,568 - <Logger pc.serial_sender (WARNING)>.output - ERROR - Message Summary: Unsuccessful Read: [
2026-08-24 00:29:48,568 - <Logger pc.serial_sender (WARNING)>.output - INFO - Message Summary: Successful Read: [<P>|998807df-6e09-480f-b256-e017718e8031] Down
2026-08-24 00:29:48,568 - <Logger pc.serial_sender (WARNING)>.output - INFO - Message Summary: Successful Read: [<P>|d7a3db56-0722-4f5d-b044-2d8b8c7f2df8] Up
2026-08-24 00:29:49,621 - <Logger pc.serial_sender (WARNING)>.output - INFO - Message Summary: Successful Read: [<P>|9018dfca-907f-4daf-a644-fd529fe5e2b1] Up
2026-08-24 00:29:49,621 - <Logger pc.serial_sender (WARNING)>.output - INFO - Message Summary: Successful Read: [<P>|2164cc20-11de-4eff-b834-04927083f8d1] Up
2026-08-24 00:29:50,673 - <Logger pc.serial_sender (WARNING)>.output - INFO - Message Summary: Successful Read: [<P>|aacb1ae1-aa7a-4c68-8f90-3df7753e6cfe] Up
2026-08-24 00:29:50,673 - <Logger pc.serial_sender (WARNING)>.output - INFO - Message Summary: Successful Read: [<P>|374a320c-2aa4-4fd2-a305-297fed9530cd] Up
2026-08-24 00:29:51,727 - <Logger pc.serial_sender (WARNING)>.output - INFO - Message Summary: Successful Read: [<P>|a53f1327-9931-4327-a0f7-e18b3e49fc5b] Up
2026-08-24 00:29:51,727 - <Logger pc.serial_sender (WARNING)>.output - INFO - Message Summary: Successful Read: [<P>|05587d69-9117-47c4-aa78-5ec4a72fecc5] Up
2026-08-24 00:29:52,779 - <Logger pc.serial_sender (WARNING)>.output - INFO - Message Summary: Successful Read: [<P>|6e0d71b3-bbf1-4dca-804c-3e4b070f3fb1] Up
2026-08-24 00:29:52,779 - <Logger pc.serial_sender (WARNING)>.output - INFO - Message Summary: Successful Read: [<P>|b4c0b5b1-42a9-416f-9de2-557b4a7a0b0b] Up
2026-08-24 00:29:54,885 - <Logger pc.serial_sender (WARNING)>.output - INFO - Message Summary: Successful Read: [<P>|572c614f-6b4f-4dfc-ae45-288adb14893f] Up
2026-08-24 00:29:54,885 - <Logger pc.serial_sender (WARNING)>.output - INFO - Message Summary: Successful Read: [<P>|d3405979-8bce-442f-87ac-d95a83118bbf] Down
2026-08-24 00:29:55,937 - <Logger pc.serial_sender (WARNING)>.output - INFO - Message Summary: Successful Read: [<P>|9dffb787-3e75-4a30-ab16-dd9ba535d9c1] Up
2026-08-24 00:29:55,937 - <Logger pc.serial_sender (WARNING)>.output - INFO - Message Summary: Successful Read: [<P>|81fa664e-9d2d-46d8-b694-dae6b8e02c6d] Up
2026-08-24 00:29:56,992 - <Logger pc.serial_sender (WARNING)>.output - INFO - Message Summary: Successful Read: [<P>|6ea9a961-544b-4e7b-a261-458f4e856510] Up
2026-08-24 00:29:56,992 - <Logger pc.serial_sender (WARNING)>.output - INFO - Message Summary: Successful Read: [<P>|1ec0ad0b-4479-44ba-80e1-90afafeaafab] Up
2026-08-24 00:29:58,045 - <Logger pc.serial_sender (WARNING)>.output - INFO - Message Summary: Successful Read: [<P>|0ac011f7-c22e-49f0-8304-23d21b326510] Up
2026-08-24 00:29:58,045 - <Logger pc.serial_sender (WARNING)>.output - INFO - Message Summary: Successful Read: [<P>|2725518f-165e-42a9-a463-37251d33e22a] Up
2026-08-24 00:29:59,098 - <Logger pc.serial_sender (WARNING)>.output - INFO - Message Summary: Successful Read: [<P>|52dbb738-fc8c-402e-a978-32fad1b0adc3] Up
2026-08-24 00:29:59,098 - <Logger pc.serial_sender (WARNING)>.output - INFO - Message Summary: Successful Read: [<D>|2ba04581-9343-4b1f-ab2b-cc4ea895e05d] tapped
2026-08-24 00:29:59,452 - <Logger pc.serial_sender (WARNING)>.output - ERROR - Message Summary: Unsuccessful Read: A
2026-08-24 00:30:00,151 - <Logger pc.serial_sender (WARNING)>.output - ERROR - Message Summary: Unsuccessful Read: [
2026-08-24 00:30:00,151 - <Logger pc.serial_sender (WARNING)>.output - INFO - Message Summary: Successful Read: [<D>|f4f8f1f6-c12a-433d-90d9-523670ec61e3] not tapped
2026-08-24 00:30:00,151 - <Logger pc.serial_sender (WARNING)>.output - INFO - Message Summary: Successful Read: [<D>|cd6f02a5-91b5-4415-ab9f-335ae76d558e] not tapped
2026-08-24 00:30:01,204 - <Logger pc.serial_sender (WARNING)>.output - INFO - Message Summary: Successful Read: [<D>|b644921a-8c67-4c94-8381-a648a5f51203] not tapped
2026-08-24 00:30:01,204 - <Logger pc.serial_sender (WARNING)>.output - INFO - Message Summary: Successful Read: [<D>|216e20f0-d9ec-4c04-b397-8472d6f4966d] not tapped
2026-08-24 00:30:01,905 - <Logger pc.serial_sender (WARNING)>.output - ERROR - Message Summary: Unsuccessful Read: A
2026-08-24 00:30:02,258 - <Logger pc.serial_sender (WARNING)>.output - INFO - Message Summary: Successful Read: [<D>|6dc037c3-e749-4f98-98e2-0ac990e90647] not tapped
2026-08-24 00:30:02,258 - <Logger pc.serial_sender (WARNING)>.output - INFO - Message Summary: Successful Read: [<D>|ff2a78df-39e5-41ed-ae9d-2a0013af4cd7] not tapped
2026-08-24 00:30:02,958 - <Logger pc.serial_sender (WARNING)>.output - ERROR - Message Summary: Unsuccessful Read: A
2026-08-24 00:30:04,011 - <Logger pc.serial_sender (WARNING)>.output - ERROR - Message Summary: Unsuccessful Read: A
2026-08-24 00:30:05,419 - <Logger pc.serial_sender (WARNING)>.output - INFO - Message Summary: Successful Read: [<D>|4d8f434b-6acf-42d3-acdb-358c9651b487] tapped
2026-08-24 00:30:05,419 - <Logger pc.serial_sender (WARNING)>.output - INFO - Message Summary: Successful Read: [<D>|4f1a8fee-cf46-44a8-80d5-1c217d27a6f5] tapped
2026-08-24 00:30:06,470 - <Logger pc.serial_sender (WARNING)>.output - INFO - Message Summary: Successful Read: [<D>|3eedd4b7-342e-41d9-8302-34191c915651] not tapped
2026-08-24 00:30:06,470 - <Logger pc.serial_sender (WARNING)>.output - INFO - Message Summary: Successful Read: [<D>|9da0fe65-758f-422d-8aaa-d4c29ce2d73a] not tapped
2026-08-24 00:30:07,522 - <Logger pc.serial_sender (WARNING)>.output - INFO - Message Summary: Successful Read: [<D>|0b782bcd-c8d0-4da7-8347-50c1fd0c324f] tapped
2026-08-24 00:30:07,522 - <Logger pc.serial_sender (WARNING)>.output - INFO - Message Summary: Successful Read: [<D>|8485e2b5-64b6-4d5f-95e1-e36b7b16362c] not tapped
2026-08-24 00:30:09,629 - <Logger pc.serial_sender (WARNING)>.output - INFO - Message Summary: Successful Read: [<D>|7432d984-5e7d-41de-b22f-cbdfc2c68870] not tapped
2026-08-24 00:30:09,630 - <Logger pc.serial_sender (WARNING)>.output - INFO - Message Summary: Successful Read: [<D>|9d702e10-e198-4b04-b934-dc556614eea3] tapped
2026-08-24 00:30:10,683 - <Logger pc.serial_sender (WARNING)>.output - INFO - Message Summary: Successful Read: [<D>|380d2ce8-acdf-431e-8650-0b2ef6f74d29] not tapped
2026-08-24 00:30:10,683 - <Logger pc.serial_sender (WARNING)>.output - INFO - Message Summary: Successful Read: [<D>|85ab890d-7999-45c0-9046-5703667f3ffe] not tapped
2026-08-24 00:30:11,033 - <Logger pc.serial_sender (WARNING)>.output - ERROR - Message Summary: Unsuccessful Read: A
2026-08-24 00:30:11,736 - <Logger pc.serial_sender (WARNING)>.output - ERROR - Message Summary: Unsuccessful Read: [
2026-08-24 00:30:11,736 - <Logger pc.serial_sender (WARNING)>.output - INFO - Message Summary: Successful Read: [<D>|c3911472-83a1-45f9-b43e-e60823bc6f74] not tapped
2026-08-24 00:30:11,736 - <Logger pc.serial_sender (WARNING)>.output - INFO - Message Summary: Successful Read: [<D>|e69a28e5-3a8b-4e4a-be34-7505e165f144] tapped
2026-08-24 00:30:13,842 - <Logger pc.serial_sender (WARNING)>.output - INFO - Message Summary: Successful Read: [<D>|35521632-7401-4e5d-b7df-d1b83c30509f] not tapped
2026-08-24 00:30:13,842 - <Logger pc.serial_sender (WARNING)>.output - INFO - Message Summary: Successful Read: [<D>|882572c4-a2cb-466a-953a-7d089394fc36] not tapped
2026-08-24 00:30:14,895 - <Logger pc.serial_sender (WARNING)>.output - INFO - Message Summary: Successful Read: [<D>|483314d5-1442-4f3f-90a1-d65fb1f0aa54] not tapped
2026-08-24 00:30:14,895 - <Logger pc.serial_sender (WARNING)>.output - INFO - Message Summary: Successful Read: [<D>|98dd09e4-dc1f-4981-8052-489c6c0b9f8f] not tapped
2026-08-24 00:30:15,946 - <Logger pc.serial_sender (WARNING)>.output - ERROR - Message Summary: Unsuccessful Read: [
2026-08-24 00:30:15,947 - <Logger pc.serial_sender (WARNING)>.output - INFO - Message Summary: Successful Read: [<D>|e2360a52-2cf3-4a20-bad8-e319118c162b] tapped
2026-08-24 00:30:15,947 - <Logger pc.serial_sender (WARNING)>.output - INFO - Message Summary: Successful Read: [<D>|af7d5b5c-9093-4347-b975-5e9207d63f7e] tapped
2026-08-24 00:30:17,002 - <Logger pc.serial_sender (WARNING)>.output - ERROR - Message Summary: Unsuccessful Read: [
2026-08-24 00:30:17,002 - <Logger pc.serial_sender (WARNING)>.output - INFO - Message Summary: Successful Read: [<D>|ca57e8e3-8f96-4417-824f-563eddf7308c] not tapped
2026-08-24 00:30:17,002 - <Logger pc.serial_sender (WARNING)>.output - INFO - Message Summary: Successful Read: [<D>|b91d190a-2919-44e2-a4bd-9fa40efa5d93] tapped
2026-08-24 00:30:17,702 - <Logger pc.serial_sender (WARNING)>.output - ERROR - Message Summary: Unsuccessful Read: A
2026-08-24 00:30:18,054 - <Logger pc.serial_sender (WARNING)>.output - INFO - Message Summary: Successful Read: [<D>|3568561e-4a90-423d-b8e4-068674158230] tapped
2026-08-24 00:30:18,054 - <Logger pc.serial_sender (WARNING)>.output - INFO - Message Summary: Successful Read: [<D>|fefd26cb-f1c5-4a23-8b3e-a95f136c3c87] not tapped
2026-08-24 00:30:19,107 - <Logger pc.serial_sender (WARNING)>.output - INFO - Message Summary: Successful Read: [<D>|ced203aa-be3c-44db-b928-1d47a7ff915a] tapped
2026-08-24 00:30:19,107 - <Logger pc.serial_sender (WARNING)>.output - INFO - Message Summary: Successful Read: [<D>|0c903c47-8db6-4a1c-9753-67eb865a9d17] not tapped
2026-08-24 00:30:20,161 - <Logger pc.serial_sender (WARNING)>.output - INFO - Message Summary: Successful Read: [<D>|66e90932-406d-44be-88a0-876dd5307612] tapped
2026-08-24 00:30:20,161 - <Logger pc.serial_sender (WARNING)>.output - INFO - Message Summary: Successful Read: [<D>|4a67333a-3dfe-462e-b850-68b12b9409e3] not tapped
2026-08-24 00:30:20,514 - <Logger pc.serial_sender (WARNING)>.output - ERROR - Message Summary: Unsuccessful Read: A
2026-08-24 00:30:21,213 - <Logger pc.serial_sender (WARNING)>.output - INFO - Message Summary: Successful Read: [<D>|4030c50b-2a98-4e90-be0d-8d0ffab2c97e] tapped
2026-08-24 00:30:21,213 - <Logger pc.serial_sender (WARNING)>.output - INFO - Message Summary: Successful Read: [<D>|0c83016b-8ade-4ff0-9f3d-623f221c1f2c] tapped
2026-08-24 00:30:21,213 - <Logger pc.serial_sender (WARNING)>.output - INFO - Message Summary: Successful Read: [<D>|a546ddd1-ec61-46cb-bec5-de26e14aa555] tapped
2026-08-24 00:30:22,267 - <Logger pc.serial_sender (WARNING)>.output - INFO - Message Summary: Successful Read: [<D>|154a0710-23b5-471d-9b4e-cc6d4e4dcf73] not tapped
2026-08-24 00:30:22,267 - <Logger pc.serial_sender (WARNING)>.output - INFO - Message Summary: Successful Read: [<D>|59907f54-5e63-41d3-9681-12b544e28a11] tapped
2026-08-24 00:30:23,320 - <Logger pc.serial_sender (WARNING)>.output - INFO - Message Summary: Successful Read: [<D>|4fa1a445-4224-4115-bdc1-87651112d276] tapped
2026-08-24 00:30:23,320 - <Logger pc.serial_sender (WARNING)>.output - INFO - Message Summary: Successful Read: [<D>|ceda7d97-05b1-492c-bfd2-01eb6ef5a123] tapped
2026-08-24 00:30:28,645 - <Logger pc.serial_sender (WARNING)>.output - INFO - Message Summary: Successful Read: [<D>|1029c303-f6f1-4db8-b361-85786180a8d7] tapped
2026-08-24 00:30:28,645 - <Logger pc.serial_sender (WARNING)>.output - INFO - Message Summary: Successful Read: [<L>|f94c4fe2-8062-4630-9537-efe090454b43] Acceleration Magnitude: 9.74
2026-08-24 00:30:29,697 - <Logger pc.serial_sender (WARNING)>.output - ERROR - Message Summary: Unsuccessful Read: e: 9.76
2026-08-24 00:30:29,697 - <Logger pc.serial_sender (WARNING)>.output - INFO - Message Summary: Successful Read: [<L>|5dcd3550-a8c7-476a-909c-b359a1004b58] Acceleration Magnitude: 9.74
2026-08-24 00:30:29,697 - <Logger pc.serial_sender (WARNING)>.output - INFO - Message Summary: Successful Read: [<L>|d1afa7da-f628-4b21-b087-27b02256f752] Acceleration Magnitude: 9.72
2026-08-24 00:30:30,751 - <Logger pc.serial_sender (WARNING)>.output - ERROR - Message Summary: Unsuccessful Read: e: 9.73
2026-08-24 00:30:30,752 - <Logger pc.serial_sender (WARNING)>.output - INFO - Message Summary: Successful Read: [<L>|ccb7eab6-9f95-44e5-8224-5e94db297ed5] Acceleration Magnitude: 9.75
2026-08-24 00:30:30,752 - <Logger pc.serial_sender (WARNING)>.output - INFO - Message Summary: Successful Read: [<L>|d3909e60-bed9-4191-81b8-049216deb0b3] Acceleration Magnitude: 9.77
2026-08-24 00:30:32,155 - <Logger pc.serial_sender (WARNING)>.output - ERROR - Message Summary: Unsuccessful Read: A
2026-08-24 00:30:33,910 - <Logger pc.serial_sender (WARNING)>.output - ERROR - Message Summary: Unsuccessful Read: e: 9.78
2026-08-24 00:30:33,910 - <Logger pc.serial_sender (WARNING)>.output - INFO - Message Summary: Successful Read: [<L>|37a306d1-e67b-471f-958a-fd813a66d252] Acceleration Magnitude: 9.7
2026-08-24 00:30:33,910 - <Logger pc.serial_sender (WARNING)>.output - INFO - Message Summary: Successful Read: [<L>|0b745851-e574-4890-9c3b-3b9cccf4fbeb] Acceleration Magnitude: 9.75
2026-08-24 00:30:34,963 - <Logger pc.serial_sender (WARNING)>.output - ERROR - Message Summary: Unsuccessful Read: e: 9.8
2026-08-24 00:30:34,963 - <Logger pc.serial_sender (WARNING)>.output - INFO - Message Summary: Successful Read: [<L>|45543405-bdc3-4840-b948-5aa88210b1d2] Acceleration Magnitude: 9.73
2026-08-24 00:30:34,964 - <Logger pc.serial_sender (WARNING)>.output - INFO - Message Summary: Successful Read: [<L>|fde74d90-b055-4305-8d65-850e26365a40] Acceleration Magnitude: 9.71
2026-08-24 00:30:36,015 - <Logger pc.serial_sender (WARNING)>.output - ERROR - Message Summary: Unsuccessful Read: e: 9.75
2026-08-24 00:30:36,015 - <Logger pc.serial_sender (WARNING)>.output - INFO - Message Summary: Successful Read: [<L>|51ecde09-42a2-450e-904e-71ab5cdb2e78] Acceleration Magnitude: 9.7
2026-08-24 00:30:36,016 - <Logger pc.serial_sender (WARNING)>.output - INFO - Message Summary: Successful Read: [<L>|ccb1fbdd-eae8-4732-be62-cc1540bccd29] Acceleration Magnitude: 9.76
2026-08-24 00:30:37,070 - <Logger pc.serial_sender (WARNING)>.output - ERROR - Message Summary: Unsuccessful Read: [e: 9.7
2026-08-24 00:30:37,070 - <Logger pc.serial_sender (WARNING)>.output - INFO - Message Summary: Successful Read: [<L>|ac0e4451-4521-4855-8f70-c766895fbb56] Acceleration Magnitude: 9.74
2026-08-24 00:30:37,070 - <Logger pc.serial_sender (WARNING)>.output - INFO - Message Summary: Successful Read: [<L>|a8bfd9d2-38d3-4957-a354-49b34beb3965] Acceleration Magnitude: 9.74
2026-08-24 00:30:39,123 - <Logger pc.serial_sender (WARNING)>.output - ERROR - Message Summary: Unsuccessful Read: e: 9.71
2026-08-24 00:30:39,123 - <Logger pc.serial_sender (WARNING)>.output - INFO - Message Summary: Successful Read: [<L>|f8965828-e199-46f2-9c48-47dd86897441] Acceleration Magnitude: 9.84
2026-08-24 00:30:39,123 - <Logger pc.serial_sender (WARNING)>.output - INFO - Message Summary: Successful Read: [<L>|8f5ccfc0-fd4a-4ad2-8f55-8c59e05f37d5] Acceleration Magnitude: 9.7
2026-08-24 00:30:40,122 - <Logger pc.serial_sender (WARNING)>.output - ERROR - Message Summary: Unsuccessful Read: e: 9.73
2026-08-24 00:30:40,122 - <Logger pc.serial_sender (WARNING)>.output - INFO - Message Summary: Successful Read: [<L>|7c311561-2e01-4cf8-bed4-124d9bd71d85] Acceleration Magnitude: 9.73
2026-08-24 00:30:40,122 - <Logger pc.serial_sender (WARNING)>.output - INFO - Message Summary: Successful Read: [<L>|47d03326-824b-46a9-b6cf-2f41c18fc5de] Acceleration Magnitude: 9.74
2026-08-24 00:30:40,454 - <Logger pc.serial_sender (WARNING)>.output - ERROR - Message Summary: Unsuccessful Read: A
2026-08-24 00:30:41,159 - <Logger pc.serial_sender (WARNING)>.output - ERROR - Message Summary: Unsuccessful Read: e: 9.7
2026-08-24 00:30:41,159 - <Logger pc.serial_sender (WARNING)>.output - INFO - Message Summary: Successful Read: [<L>|20db87da-947d-4f54-a1ca-33451a203f4b] Acceleration Magnitude: 9.73
2026-08-24 00:30:41,159 - <Logger pc.serial_sender (WARNING)>.output - INFO - Message Summary: Successful Read: [<L>|a72cb18f-02c4-4a74-bba5-ccaeaeb0f032] Acceleration Magnitude: 9.76
2026-08-24 00:30:42,210 - <Logger pc.serial_sender (WARNING)>.output - ERROR - Message Summary: Unsuccessful Read: e: 9.19
2026-08-24 00:30:42,210 - <Logger pc.serial_sender (WARNING)>.output - INFO - Message Summary: Successful Read: [<L>|502e421d-163b-430e-b8d3-414a576c2ec9] Acceleration Magnitude: 9.78
2026-08-24 00:30:42,211 - <Logger pc.serial_sender (WARNING)>.output - INFO - Message Summary: Successful Read: [<L>|916f44f4-0609-4447-82a7-4edddd7b86eb] Acceleration Magnitude: 9.75
2026-08-24 00:30:43,263 - <Logger pc.serial_sender (WARNING)>.output - ERROR - Message Summary: Unsuccessful Read: e: 9.74
2026-08-24 00:30:43,264 - <Logger pc.serial_sender (WARNING)>.output - INFO - Message Summary: Successful Read: [<L>|80d6c325-3e8e-4ecf-bc51-984f20823a66] Acceleration Magnitude: 9.75
2026-08-24 00:30:43,264 - <Logger pc.serial_sender (WARNING)>.output - INFO - Message Summary: Successful Read: [<L>|b6e3c168-d60b-4ed5-a7a3-e37198f3eb38] Acceleration Magnitude: 9.77
2026-08-24 00:30:44,317 - <Logger pc.serial_sender (WARNING)>.output - ERROR - Message Summary: Unsuccessful Read: e: 9.71
2026-08-24 00:30:44,317 - <Logger pc.serial_sender (WARNING)>.output - INFO - Message Summary: Successful Read: [<L>|208acc21-8df3-46ae-a679-8ada45f7df95] Acceleration Magnitude: 9.76
2026-08-24 00:30:44,317 - <Logger pc.serial_sender (WARNING)>.output - INFO - Message Summary: Successful Read: [<L>|7627832e-26e0-418a-bb71-5ed43d83c5f3] Acceleration Magnitude: 9.74
2026-08-24 00:30:46,423 - <Logger pc.serial_sender (WARNING)>.output - ERROR - Message Summary: Unsuccessful Read: e: 9.74
2026-08-24 00:30:46,423 - <Logger pc.serial_sender (WARNING)>.output - INFO - Message Summary: Successful Read: [<L>|76f1d8f5-d0a7-4a5b-a547-20bcefe28065] Acceleration Magnitude: 9.75
2026-08-24 00:30:46,424 - <Logger pc.serial_sender (WARNING)>.output - INFO - Message Summary: Successful Read: [<L>|d5c2d163-1a4d-4721-88fb-b62db19ea0a0] Acceleration Magnitude: 9.78
2026-08-24 00:30:49,583 - <Logger pc.serial_sender (WARNING)>.output - ERROR - Message Summary: Unsuccessful Read: e: 9.75
2026-08-24 00:30:49,583 - <Logger pc.serial_sender (WARNING)>.output - INFO - Message Summary: Successful Read: [<L>|04c113a0-8888-434c-9ce3-f3ac13c70335] Acceleration Magnitude: 9.76
2026-08-24 00:30:49,584 - <Logger pc.serial_sender (WARNING)>.output - INFO - Message Summary: Successful Read: [<L>|fb6cd930-7cde-4518-96bf-624c9232c2ac] Acceleration Magnitude: 9.79
2026-08-24 00:30:50,635 - <Logger pc.serial_sender (WARNING)>.output - ERROR - Message Summary: Unsuccessful Read: e: 9.73
2026-08-24 00:30:50,635 - <Logger pc.serial_sender (WARNING)>.output - INFO - Message Summary: Successful Read: [<L>|728e4438-52ef-4dfc-b5a2-499f1e3aae0d] Acceleration Magnitude: 9.79
2026-08-24 00:30:50,635 - <Logger pc.serial_sender (WARNING)>.output - INFO - Message Summary: Successful Read: [<L>|55d32996-b2a4-4841-9fa8-de93b3293f95] Acceleration Magnitude: 9.73
2026-08-24 00:30:55,304 - <Logger pc.serial_sender (WARNING)>.output - ERROR - Message Summary: Unsuccessful Read: e: 5.75
2026-08-24 00:30:55,304 - <Logger pc.serial_sender (WARNING)>.output - INFO - Message Summary: Successful Read: [<L>|489e5933-fcec-47c1-a206-7431892f6329] Acceleration Magnitude: 15.2
2026-08-24 00:30:55,304 - <Logger pc.serial_sender (WARNING)>.output - INFO - Message Summary: Successful Read: [<L>|b0bd5aac-9117-4eb3-a820-33e8565ba438] Acceleration Magnitude: 6.17
2026-08-24 00:30:57,169 - <Logger pc.serial_sender (WARNING)>.output - ERROR - Message Summary: Unsuccessful Read: [A
2026-08-24 00:30:57,837 - <Logger pc.serial_sender (WARNING)>.output - ERROR - Message Summary: Unsuccessful Read: e: 3.21
2026-08-24 00:30:57,837 - <Logger pc.serial_sender (WARNING)>.output - INFO - Message Summary: Successful Read: [<L>|654c9b71-01d9-4139-ae6e-d25a8d138462] Acceleration Magnitude: 9.8
2026-08-24 00:30:57,837 - <Logger pc.serial_sender (WARNING)>.output - INFO - Message Summary: Successful Read: [<L>|0798d4ac-8cab-4335-8237-9c4f28cb1e5b] Acceleration Magnitude: 12.03
2026-08-24 00:30:58,837 - <Logger pc.serial_sender (WARNING)>.output - ERROR - Message Summary: Unsuccessful Read: e: 5.37
2026-08-24 00:30:58,837 - <Logger pc.serial_sender (WARNING)>.output - INFO - Message Summary: Successful Read: [<L>|971382e8-24be-4d14-86f6-bd5c7d87683e] Acceleration Magnitude: 14.86
2026-08-24 00:30:58,838 - <Logger pc.serial_sender (WARNING)>.output - INFO - Message Summary: Successful Read: [<L>|41afeb11-3c3e-4712-bf12-ec81d30153b4] Acceleration Magnitude: 9.76
